t=1.736918 node=gpu event=gpu_accepted op_id=map/A:a0/a1/s0/g1.1 tenant=A units=1 state=PENDING committed=1
t=1.736918 node=gpu event=gpu_accepted op_id=map/A:a0/a1/s1/g1.2 tenant=A units=1 state=PENDING committed=2
t=1.736918 node=gpu event=gpu_accepted op_id=map/A:a0/a1/s2/g1.3 tenant=A units=1 state=PENDING committed=3
t=2.414939 node=gpu event=gpu_started op_id=map/A:a0/a1/s2/g1.3 tenant=A units=1 state=RUNNING committed=3
t=2.721108 node=gpu event=gpu_started op_id=map/A:a0/a1/s1/g1.2 tenant=A units=1 state=RUNNING committed=3
t=3.414939 node=gpu event=gpu_finished op_id=map/A:a0/a1/s2/g1.3 tenant=A units=1 state=SUCCEEDED committed=3
t=3.593841 node=gpu event=gpu_release_requested op_id=map/A:a0/a1/s2/g1.3 tenant=A units=1 state=SUCCEEDED committed=3
t=3.721108 node=gpu event=gpu_finished op_id=map/A:a0/a1/s1/g1.2 tenant=A units=1 state=SUCCEEDED committed=3
t=3.827081 node=gpu event=gpu_release_requested op_id=map/A:a0/a1/s1/g1.2 tenant=A units=1 state=SUCCEEDED committed=3
t=3.855159 node=gpu event=gpu_release_complete op_id=map/A:a0/a1/s2/g1.3 tenant=A units=1 state=SUCCEEDED committed=2
t=4.014995 node=gpu event=gpu_accepted op_id=map/B:b0/a1/s0/g1.4 tenant=B units=2 state=PENDING committed=4
t=4.019359 node=gpu event=gpu_accepted op_id=map/B:b0/a1/s1/g1.5 tenant=B units=2 state=PENDING committed=6
t=4.019359 node=gpu event=gpu_accepted op_id=map/B:b0/a1/s2/g1.6 tenant=B units=2 state=PENDING committed=8
t=4.027314 node=gpu event=gpu_accepted op_id=map/B:b0/a1/s3/g1.7 tenant=B units=2 state=PENDING committed=10
t=4.027314 node=gpu event=gpu_accepted op_id=map/B:b0/a1/s4/g1.8 tenant=B units=2 state=PENDING committed=12
t=4.121815 node=gpu event=gpu_release_complete op_id=map/A:a0/a1/s1/g1.2 tenant=A units=1 state=SUCCEEDED committed=11
t=4.316364 node=gpu event=gpu_started op_id=map/A:a0/a1/s0/g1.1 tenant=A units=1 state=RUNNING committed=11
t=4.602646 node=gpu event=gpu_accepted op_id=map/A:a1/a1/s0/g1.10 tenant=A units=1 state=PENDING committed=12
t=5.316364 node=gpu event=gpu_finished op_id=map/A:a0/a1/s0/g1.1 tenant=A units=1 state=SUCCEEDED committed=12
t=5.368612 node=gpu event=gpu_started op_id=map/B:b0/a1/s3/g1.7 tenant=B units=2 state=RUNNING committed=12
t=5.378888 node=gpu event=gpu_started op_id=map/B:b0/a1/s2/g1.6 tenant=B units=2 state=RUNNING committed=12
t=5.395506 node=gpu event=gpu_release_requested op_id=map/A:a0/a1/s0/g1.1 tenant=A units=1 state=SUCCEEDED committed=12
t=5.653151 node=gpu event=gpu_cancelled op_id=map/A:a1/a1/s0/g1.10 tenant=A units=1 state=CANCELLED committed=12
t=5.665004 node=gpu event=gpu_release_complete op_id=map/A:a0/a1/s0/g1.1 tenant=A units=1 state=SUCCEEDED committed=11
t=5.670861 node=gpu event=gpu_accepted op_id=map/A:a1/a1/s2/g1.15 tenant=A units=1 state=PENDING committed=12
t=5.679185 node=gpu event=gpu_release_requested op_id=map/A:a1/a1/s0/g1.10 tenant=A units=1 state=CANCELLED committed=12
t=5.905832 node=gpu event=gpu_release_complete op_id=map/A:a1/a1/s0/g1.10 tenant=A units=1 state=CANCELLED committed=11
t=6.137115 node=gpu event=gpu_accepted op_id=reduce/A:a0/a1/r0 tenant=A units=1 state=PENDING committed=12
t=6.211523 node=gpu event=gpu_started op_id=map/B:b0/a1/s4/g1.8 tenant=B units=2 state=RUNNING committed=12
t=6.558011 node=gpu event=gpu_started op_id=map/B:b0/a1/s0/g1.4 tenant=B units=2 state=RUNNING committed=12
t=6.568770 node=gpu event=gpu_started op_id=map/B:b0/a1/s1/g1.5 tenant=B units=2 state=RUNNING committed=12
t=6.686162 node=gpu event=gpu_started op_id=map/A:a1/a1/s2/g1.15 tenant=A units=1 state=RUNNING committed=12
t=6.868612 node=gpu event=gpu_finished op_id=map/B:b0/a1/s3/g1.7 tenant=B units=2 state=SUCCEEDED committed=12
t=6.878888 node=gpu event=gpu_finished op_id=map/B:b0/a1/s2/g1.6 tenant=B units=2 state=SUCCEEDED committed=12
t=6.926331 node=gpu event=gpu_release_requested op_id=map/B:b0/a1/s3/g1.7 tenant=B units=2 state=SUCCEEDED committed=12
t=6.980938 node=gpu event=gpu_release_requested op_id=map/B:b0/a1/s2/g1.6 tenant=B units=2 state=SUCCEEDED committed=12
t=7.198687 node=gpu event=gpu_release_complete op_id=map/B:b0/a1/s3/g1.7 tenant=B units=2 state=SUCCEEDED committed=10
t=7.200207 node=gpu event=gpu_release_complete op_id=map/B:b0/a1/s2/g1.6 tenant=B units=2 state=SUCCEEDED committed=8
t=7.686162 node=gpu event=gpu_finished op_id=map/A:a1/a1/s2/g1.15 tenant=A units=1 state=SUCCEEDED committed=8
t=7.711523 node=gpu event=gpu_finished op_id=map/B:b0/a1/s4/g1.8 tenant=B units=2 state=SUCCEEDED committed=8
t=7.741740 node=gpu event=gpu_release_requested op_id=map/B:b0/a1/s4/g1.8 tenant=B units=2 state=SUCCEEDED committed=8
t=7.767944 node=gpu event=gpu_release_requested op_id=map/A:a1/a1/s2/g1.15 tenant=A units=1 state=SUCCEEDED committed=8
t=7.810203 node=gpu event=gpu_accepted op_id=map/B:b0/a1/s0/g1.16 tenant=B units=2 state=PENDING committed=10
t=7.820198 node=gpu event=gpu_accepted op_id=map/B:b0/a1/s1/g1.17 tenant=B units=2 state=PENDING committed=12
t=7.927164 node=gpu event=gpu_release_complete op_id=map/B:b0/a1/s4/g1.8 tenant=B units=2 state=SUCCEEDED committed=10
t=8.021232 node=gpu event=gpu_release_complete op_id=map/A:a1/a1/s2/g1.15 tenant=A units=1 state=SUCCEEDED committed=9
t=8.058011 node=gpu event=gpu_finished op_id=map/B:b0/a1/s0/g1.4 tenant=B units=2 state=SUCCEEDED committed=9
t=8.068770 node=gpu event=gpu_finished op_id=map/B:b0/a1/s1/g1.5 tenant=B units=2 state=SUCCEEDED committed=9
t=8.077110 node=gpu event=gpu_accepted op_id=map/B:b0/a1/s5/g1.18 tenant=B units=2 state=PENDING committed=11
t=8.152506 node=gpu event=gpu_release_requested op_id=map/B:b0/a1/s0/g1.4 tenant=B units=2 state=SUCCEEDED committed=11
t=8.247319 node=gpu event=gpu_release_requested op_id=map/B:b0/a1/s1/g1.5 tenant=B units=2 state=SUCCEEDED committed=11
t=8.367408 node=gpu event=gpu_started op_id=reduce/A:a0/a1/r0 tenant=A units=1 state=RUNNING committed=11
t=8.412831 node=gpu event=gpu_release_complete op_id=map/B:b0/a1/s0/g1.4 tenant=B units=2 state=SUCCEEDED committed=9
t=8.480551 node=gpu event=gpu_release_complete op_id=map/B:b0/a1/s1/g1.5 tenant=B units=2 state=SUCCEEDED committed=7
t=8.528285 node=gpu event=gpu_accepted op_id=map/A:a2/a1/s0/g1.19 tenant=A units=1 state=PENDING committed=8
t=8.528285 node=gpu event=gpu_accepted op_id=map/A:a2/a1/s1/g1.20 tenant=A units=1 state=PENDING committed=9
t=8.529825 node=gpu event=gpu_accepted op_id=map/A:a2/a1/s2/g1.21 tenant=A units=1 state=PENDING committed=10
t=8.584034 node=gpu event=gpu_started op_id=map/B:b0/a1/s5/g1.18 tenant=B units=2 state=RUNNING committed=10
t=8.702136 node=gpu event=gpu_started op_id=map/B:b0/a1/s0/g1.16 tenant=B units=2 state=RUNNING committed=10
t=8.867408 node=gpu event=gpu_finished op_id=reduce/A:a0/a1/r0 tenant=A units=1 state=SUCCEEDED committed=10
t=8.922418 node=gpu event=gpu_accepted op_id=map/B:b0/a1/s5/g1.9 tenant=B units=2 state=PENDING committed=12
t=9.020615 node=gpu event=gpu_release_requested op_id=reduce/A:a0/a1/r0 tenant=A units=1 state=SUCCEEDED committed=12
t=9.275180 node=gpu event=gpu_release_complete op_id=reduce/A:a0/a1/r0 tenant=A units=1 state=SUCCEEDED committed=11
t=9.372296 node=gpu event=gpu_started op_id=map/A:a2/a1/s2/g1.21 tenant=A units=1 state=RUNNING committed=11
t=9.520462 node=gpu event=gpu_started op_id=map/A:a2/a1/s0/g1.19 tenant=A units=1 state=RUNNING committed=11
t=9.604698 node=gpu event=gpu_started op_id=map/B:b0/a1/s1/g1.17 tenant=B units=2 state=RUNNING committed=11
t=10.084034 node=gpu event=gpu_finished op_id=map/B:b0/a1/s5/g1.18 tenant=B units=2 state=SUCCEEDED committed=11
t=10.202136 node=gpu event=gpu_finished op_id=map/B:b0/a1/s0/g1.16 tenant=B units=2 state=SUCCEEDED committed=11
t=10.202988 node=gpu event=gpu_accepted op_id=reduce/B:b0/a1/r0 tenant=B units=1 state=PENDING committed=12
t=10.208046 node=gpu event=gpu_release_requested op_id=map/B:b0/a1/s5/g1.18 tenant=B units=2 state=SUCCEEDED committed=12
t=10.235636 node=gpu event=gpu_cancelled op_id=map/B:b0/a1/s5/g1.9 tenant=B units=2 state=CANCELLED committed=12
t=10.255898 node=gpu event=gpu_release_requested op_id=map/B:b0/a1/s5/g1.9 tenant=B units=2 state=CANCELLED committed=12
t=10.274827 node=gpu event=gpu_release_complete op_id=map/B:b0/a1/s5/g1.18 tenant=B units=2 state=SUCCEEDED committed=10
t=10.360341 node=gpu event=gpu_release_complete op_id=map/B:b0/a1/s5/g1.9 tenant=B units=2 state=CANCELLED committed=8
t=10.372296 node=gpu event=gpu_finished op_id=map/A:a2/a1/s2/g1.21 tenant=A units=1 state=SUCCEEDED committed=8
t=10.393936 node=gpu event=gpu_release_requested op_id=map/A:a2/a1/s2/g1.21 tenant=A units=1 state=SUCCEEDED committed=8
t=10.416147 node=gpu event=gpu_cancelled op_id=map/B:b0/a1/s1/g1.17 tenant=B units=2 state=CANCELLED committed=8
t=10.438887 node=gpu event=gpu_release_requested op_id=map/B:b0/a1/s1/g1.17 tenant=B units=2 state=CANCELLED committed=8
t=10.447393 node=gpu event=gpu_release_requested op_id=map/B:b0/a1/s0/g1.16 tenant=B units=2 state=SUCCEEDED committed=8
t=10.520462 node=gpu event=gpu_finished op_id=map/A:a2/a1/s0/g1.19 tenant=A units=1 state=SUCCEEDED committed=8
t=10.542767 node=gpu event=gpu_release_complete op_id=map/B:b0/a1/s1/g1.17 tenant=B units=2 state=CANCELLED committed=6
t=10.629441 node=gpu event=gpu_release_requested op_id=map/A:a2/a1/s0/g1.19 tenant=A units=1 state=SUCCEEDED committed=6
t=10.630429 node=gpu event=gpu_started op_id=map/A:a2/a1/s1/g1.20 tenant=A units=1 state=RUNNING committed=6
t=10.633768 node=gpu event=gpu_release_complete op_id=map/B:b0/a1/s0/g1.16 tenant=B units=2 state=SUCCEEDED committed=4
t=10.639611 node=gpu event=gpu_release_complete op_id=map/A:a2/a1/s2/g1.21 tenant=A units=1 state=SUCCEEDED committed=3
t=10.750253 node=gpu event=gpu_release_complete op_id=map/A:a2/a1/s0/g1.19 tenant=A units=1 state=SUCCEEDED committed=2
t=10.805612 node=gpu event=gpu_accepted op_id=map/A:a3/a1/s0/g1.22 tenant=A units=1 state=PENDING committed=3
t=10.808933 node=gpu event=gpu_accepted op_id=map/A:a3/a1/s1/g1.23 tenant=A units=1 state=PENDING committed=4
t=10.812628 node=gpu event=gpu_accepted op_id=map/A:a3/a1/s2/g1.24 tenant=A units=1 state=PENDING committed=5
t=11.436548 node=gpu event=gpu_started op_id=map/A:a3/a1/s1/g1.23 tenant=A units=1 state=RUNNING committed=5
t=11.502357 node=gpu event=gpu_accepted op_id=map/A:a2/a1/s1/g1.25 tenant=A units=1 state=PENDING committed=6
t=11.630429 node=gpu event=gpu_finished op_id=map/A:a2/a1/s1/g1.20 tenant=A units=1 state=SUCCEEDED committed=6
t=11.712811 node=gpu event=gpu_accepted op_id=reduce/A:a2/a1/r0 tenant=A units=1 state=PENDING committed=7
t=11.721009 node=gpu event=gpu_release_requested op_id=map/A:a2/a1/s1/g1.20 tenant=A units=1 state=SUCCEEDED committed=7
t=11.723181 node=gpu event=gpu_started op_id=map/A:a3/a1/s0/g1.22 tenant=A units=1 state=RUNNING committed=7
t=11.763023 node=gpu event=gpu_started op_id=reduce/B:b0/a1/r0 tenant=B units=1 state=RUNNING committed=7
t=11.768596 node=gpu event=gpu_cancelled op_id=map/A:a2/a1/s1/g1.25 tenant=A units=1 state=CANCELLED committed=7
t=11.782595 node=gpu event=gpu_release_requested op_id=map/A:a2/a1/s1/g1.25 tenant=A units=1 state=CANCELLED committed=7
t=11.800531 node=gpu event=gpu_accepted op_id=map/B:b1/a1/s0/g1.26 tenant=B units=2 state=PENDING committed=9
t=11.808380 node=gpu event=gpu_accepted op_id=map/B:b1/a1/s1/g1.27 tenant=B units=2 state=PENDING committed=11
t=11.808412 node=gpu event=gpu_release_complete op_id=map/A:a2/a1/s1/g1.20 tenant=A units=1 state=SUCCEEDED committed=10
t=11.812971 node=gpu event=gpu_accepted op_id=map/B:b1/a1/s3/g1.29 tenant=B units=2 state=PENDING committed=12
t=11.905668 node=gpu event=gpu_release_complete op_id=map/A:a2/a1/s1/g1.25 tenant=A units=1 state=CANCELLED committed=11
t=12.263023 node=gpu event=gpu_finished op_id=reduce/B:b0/a1/r0 tenant=B units=1 state=SUCCEEDED committed=11
t=12.291921 node=gpu event=gpu_release_requested op_id=reduce/B:b0/a1/r0 tenant=B units=1 state=SUCCEEDED committed=11
t=12.436548 node=gpu event=gpu_finished op_id=map/A:a3/a1/s1/g1.23 tenant=A units=1 state=SUCCEEDED committed=11
t=12.470973 node=gpu event=gpu_release_complete op_id=reduce/B:b0/a1/r0 tenant=B units=1 state=SUCCEEDED committed=10
t=12.593997 node=gpu event=gpu_accepted op_id=map/B:b1/a1/s2/g1.28 tenant=B units=2 state=PENDING committed=12
t=12.642272 node=gpu event=gpu_started op_id=reduce/A:a2/a1/r0 tenant=A units=1 state=RUNNING committed=12
t=12.694208 node=gpu event=gpu_release_requested op_id=map/A:a3/a1/s1/g1.23 tenant=A units=1 state=SUCCEEDED committed=12
t=12.723181 node=gpu event=gpu_finished op_id=map/A:a3/a1/s0/g1.22 tenant=A units=1 state=SUCCEEDED committed=12
t=12.916829 node=gpu event=gpu_release_complete op_id=map/A:a3/a1/s1/g1.23 tenant=A units=1 state=SUCCEEDED committed=11
t=12.944454 node=gpu event=gpu_release_requested op_id=map/A:a3/a1/s0/g1.22 tenant=A units=1 state=SUCCEEDED committed=11
t=13.142272 node=gpu event=gpu_finished op_id=reduce/A:a2/a1/r0 tenant=A units=1 state=SUCCEEDED committed=11
t=13.198073 node=gpu event=gpu_release_complete op_id=map/A:a3/a1/s0/g1.22 tenant=A units=1 state=SUCCEEDED committed=10
t=13.254941 node=gpu event=gpu_release_requested op_id=reduce/A:a2/a1/r0 tenant=A units=1 state=SUCCEEDED committed=10
t=13.416651 node=gpu event=gpu_release_complete op_id=reduce/A:a2/a1/r0 tenant=A units=1 state=SUCCEEDED committed=9
t=13.608380 node=gpu event=gpu_accepted op_id=map/B:b1/a1/s4/g1.30 tenant=B units=2 state=PENDING committed=11
t=13.609102 node=gpu event=gpu_started op_id=map/A:a3/a1/s2/g1.24 tenant=A units=1 state=RUNNING committed=11
t=13.627036 node=gpu event=gpu_started op_id=map/B:b1/a1/s3/g1.29 tenant=B units=2 state=RUNNING committed=11
t=13.897790 node=gpu event=gpu_started op_id=map/B:b1/a1/s1/g1.27 tenant=B units=2 state=RUNNING committed=11
t=14.487712 node=gpu event=gpu_started op_id=map/B:b1/a1/s0/g1.26 tenant=B units=2 state=RUNNING committed=11
t=14.609102 node=gpu event=gpu_finished op_id=map/A:a3/a1/s2/g1.24 tenant=A units=1 state=SUCCEEDED committed=11
t=14.714472 node=gpu event=gpu_started op_id=map/B:b1/a1/s4/g1.30 tenant=B units=2 state=RUNNING committed=11
t=14.759741 node=gpu event=gpu_accepted op_id=reduce/A:a3/a1/r0 tenant=A units=1 state=PENDING committed=12
t=14.768924 node=gpu event=gpu_release_requested op_id=map/A:a3/a1/s2/g1.24 tenant=A units=1 state=SUCCEEDED committed=12
t=15.029845 node=gpu event=gpu_release_complete op_id=map/A:a3/a1/s2/g1.24 tenant=A units=1 state=SUCCEEDED committed=11
t=15.070404 node=gpu event=gpu_accepted op_id=map/A:a4/a1/s0/g1.32 tenant=A units=1 state=PENDING committed=12
t=15.127036 node=gpu event=gpu_finished op_id=map/B:b1/a1/s3/g1.29 tenant=B units=2 state=SUCCEEDED committed=12
t=15.159135 node=gpu event=gpu_release_requested op_id=map/B:b1/a1/s3/g1.29 tenant=B units=2 state=SUCCEEDED committed=12
t=15.253031 node=gpu event=gpu_release_complete op_id=map/B:b1/a1/s3/g1.29 tenant=B units=2 state=SUCCEEDED committed=10
t=15.271559 node=gpu event=gpu_started op_id=map/B:b1/a1/s2/g1.28 tenant=B units=2 state=RUNNING committed=10
t=15.397790 node=gpu event=gpu_finished op_id=map/B:b1/a1/s1/g1.27 tenant=B units=2 state=SUCCEEDED committed=10
t=15.465024 node=gpu event=gpu_release_requested op_id=map/B:b1/a1/s1/g1.27 tenant=B units=2 state=SUCCEEDED committed=10
t=15.599466 node=gpu event=gpu_accepted op_id=map/A:a4/a1/s1/g1.33 tenant=A units=1 state=PENDING committed=11
t=15.603033 node=gpu event=gpu_release_complete op_id=map/B:b1/a1/s1/g1.27 tenant=B units=2 state=SUCCEEDED committed=9
t=15.616311 node=gpu event=gpu_accepted op_id=map/A:a4/a1/s2/g1.34 tenant=A units=1 state=PENDING committed=10
t=15.987712 node=gpu event=gpu_finished op_id=map/B:b1/a1/s0/g1.26 tenant=B units=2 state=SUCCEEDED committed=10
t=16.037467 node=gpu event=gpu_release_requested op_id=map/B:b1/a1/s0/g1.26 tenant=B units=2 state=SUCCEEDED committed=10
t=16.214472 node=gpu event=gpu_finished op_id=map/B:b1/a1/s4/g1.30 tenant=B units=2 state=SUCCEEDED committed=10
t=16.264618 node=gpu event=gpu_started op_id=map/A:a4/a1/s0/g1.32 tenant=A units=1 state=RUNNING committed=10
t=16.313660 node=gpu event=gpu_release_complete op_id=map/B:b1/a1/s0/g1.26 tenant=B units=2 state=SUCCEEDED committed=8
t=16.702761 node=gpu event=gpu_started op_id=reduce/A:a3/a1/r0 tenant=A units=1 state=RUNNING committed=8
t=16.771559 node=gpu event=gpu_finished op_id=map/B:b1/a1/s2/g1.28 tenant=B units=2 state=SUCCEEDED committed=8
t=16.811005 node=gpu event=gpu_release_requested op_id=map/B:b1/a1/s2/g1.28 tenant=B units=2 state=SUCCEEDED committed=8
t=16.953700 node=gpu event=gpu_release_complete op_id=map/B:b1/a1/s2/g1.28 tenant=B units=2 state=SUCCEEDED committed=6
t=16.959261 node=gpu event=gpu_release_requested op_id=map/B:b1/a1/s4/g1.30 tenant=B units=2 state=SUCCEEDED committed=6
t=17.005396 node=gpu event=gpu_accepted op_id=map/A:a5/a1/s1/g1.38 tenant=A units=1 state=PENDING committed=7
t=17.007110 node=gpu event=gpu_accepted op_id=map/A:a5/a1/s2/g1.39 tenant=A units=1 state=PENDING committed=8
t=17.007110 node=gpu event=gpu_accepted op_id=map/A:a1/a1/s0/g1.40 tenant=A units=1 state=PENDING committed=9
t=17.010135 node=gpu event=gpu_accepted op_id=map/B:b1/a1/s4/g1.35 tenant=B units=2 state=PENDING committed=11
t=17.013528 node=gpu event=gpu_accepted op_id=map/A:a5/a1/s0/g1.37 tenant=A units=1 state=PENDING committed=12
t=17.202761 node=gpu event=gpu_finished op_id=reduce/A:a3/a1/r0 tenant=A units=1 state=SUCCEEDED committed=12
t=17.249639 node=gpu event=gpu_release_complete op_id=map/B:b1/a1/s4/g1.30 tenant=B units=2 state=SUCCEEDED committed=10
t=17.264618 node=gpu event=gpu_finished op_id=map/A:a4/a1/s0/g1.32 tenant=A units=1 state=SUCCEEDED committed=10
t=17.277363 node=gpu event=gpu_accepted op_id=map/B:b1/a1/s5/g1.36 tenant=B units=2 state=PENDING committed=12
t=17.309483 node=gpu event=gpu_started op_id=map/A:a4/a1/s2/g1.34 tenant=A units=1 state=RUNNING committed=12
t=17.396182 node=gpu event=gpu_release_requested op_id=reduce/A:a3/a1/r0 tenant=A units=1 state=SUCCEEDED committed=12
t=17.406904 node=gpu event=gpu_release_requested op_id=map/A:a4/a1/s0/g1.32 tenant=A units=1 state=SUCCEEDED committed=12
t=17.562801 node=gpu event=gpu_release_complete op_id=reduce/A:a3/a1/r0 tenant=A units=1 state=SUCCEEDED committed=11
t=17.657214 node=gpu event=gpu_release_complete op_id=map/A:a4/a1/s0/g1.32 tenant=A units=1 state=SUCCEEDED committed=10
t=17.703025 node=gpu event=gpu_started op_id=map/A:a5/a1/s2/g1.39 tenant=A units=1 state=RUNNING committed=10
t=18.293324 node=gpu event=gpu_started op_id=map/B:b1/a1/s4/g1.35 tenant=B units=2 state=RUNNING committed=10
t=18.293874 node=gpu event=gpu_started op_id=map/A:a4/a1/s1/g1.33 tenant=A units=1 state=RUNNING committed=10
t=18.309483 node=gpu event=gpu_finished op_id=map/A:a4/a1/s2/g1.34 tenant=A units=1 state=SUCCEEDED committed=10
t=18.356492 node=gpu event=gpu_started op_id=map/B:b1/a1/s5/g1.36 tenant=B units=2 state=RUNNING committed=10
t=18.484468 node=gpu event=gpu_release_requested op_id=map/A:a4/a1/s2/g1.34 tenant=A units=1 state=SUCCEEDED committed=10
t=18.510718 node=gpu event=gpu_accepted op_id=map/A:a4/a1/s1/g1.42 tenant=A units=1 state=PENDING committed=11
t=18.660047 node=gpu event=gpu_release_complete op_id=map/A:a4/a1/s2/g1.34 tenant=A units=1 state=SUCCEEDED committed=10
t=18.702451 node=gpu event=gpu_accepted op_id=map/B:b2/a1/s0/g1.43 tenant=B units=2 state=PENDING committed=12
t=18.703025 node=gpu event=gpu_finished op_id=map/A:a5/a1/s2/g1.39 tenant=A units=1 state=SUCCEEDED committed=12
t=18.745749 node=gpu event=gpu_started op_id=map/A:a5/a1/s1/g1.38 tenant=A units=1 state=RUNNING committed=12
t=18.844323 node=gpu event=gpu_release_requested op_id=map/A:a5/a1/s2/g1.39 tenant=A units=1 state=SUCCEEDED committed=12
t=19.073460 node=gpu event=gpu_started op_id=map/A:a4/a1/s1/g1.42 tenant=A units=1 state=RUNNING committed=12
t=19.101282 node=gpu event=gpu_release_complete op_id=map/A:a5/a1/s2/g1.39 tenant=A units=1 state=SUCCEEDED committed=11
t=19.293874 node=gpu event=gpu_finished op_id=map/A:a4/a1/s1/g1.33 tenant=A units=1 state=SUCCEEDED committed=11
t=19.326667 node=gpu event=gpu_started op_id=map/A:a5/a1/s0/g1.37 tenant=A units=1 state=RUNNING committed=11
t=19.377949 node=gpu event=gpu_accepted op_id=map/A:a1/a1/s1/g1.41 tenant=A units=1 state=PENDING committed=12
t=19.539169 node=gpu event=gpu_started op_id=map/A:a1/a1/s0/g1.40 tenant=A units=1 state=RUNNING committed=12
t=19.699986 node=gpu event=gpu_release_requested op_id=map/A:a4/a1/s1/g1.33 tenant=A units=1 state=SUCCEEDED committed=12
t=19.729075 node=gpu event=gpu_started op_id=map/B:b2/a1/s0/g1.43 tenant=B units=2 state=RUNNING committed=12
t=19.745749 node=gpu event=gpu_finished op_id=map/A:a5/a1/s1/g1.38 tenant=A units=1 state=SUCCEEDED committed=12
t=19.793324 node=gpu event=gpu_finished op_id=map/B:b1/a1/s4/g1.35 tenant=B units=2 state=SUCCEEDED committed=12
t=19.802549 node=gpu event=gpu_cancelled op_id=map/A:a4/a1/s1/g1.42 tenant=A units=1 state=CANCELLED committed=12
t=19.824615 node=gpu event=gpu_release_requested op_id=map/A:a4/a1/s1/g1.42 tenant=A units=1 state=CANCELLED committed=12
t=19.849540 node=gpu event=gpu_release_requested op_id=map/A:a5/a1/s1/g1.38 tenant=A units=1 state=SUCCEEDED committed=12
t=19.856492 node=gpu event=gpu_finished op_id=map/B:b1/a1/s5/g1.36 tenant=B units=2 state=SUCCEEDED committed=12
t=19.905617 node=gpu event=gpu_release_requested op_id=map/B:b1/a1/s4/g1.35 tenant=B units=2 state=SUCCEEDED committed=12
t=19.948602 node=gpu event=gpu_release_complete op_id=map/A:a4/a1/s1/g1.42 tenant=A units=1 state=CANCELLED committed=11
t=19.963825 node=gpu event=gpu_accepted op_id=reduce/A:a4/a1/r0 tenant=A units=1 state=PENDING committed=12
t=19.967929 node=gpu event=gpu_release_complete op_id=map/A:a4/a1/s1/g1.33 tenant=A units=1 state=SUCCEEDED committed=11
t=19.988575 node=gpu event=gpu_release_requested op_id=map/B:b1/a1/s5/g1.36 tenant=B units=2 state=SUCCEEDED committed=11
t=19.999404 node=gpu event=gpu_accepted op_id=reduce/B:b1/a1/r0 tenant=B units=1 state=PENDING committed=12
t=20.126495 node=gpu event=gpu_release_complete op_id=map/A:a5/a1/s1/g1.38 tenant=A units=1 state=SUCCEEDED committed=11
t=20.196557 node=gpu event=gpu_release_complete op_id=map/B:b1/a1/s4/g1.35 tenant=B units=2 state=SUCCEEDED committed=9
t=20.205720 node=gpu event=gpu_release_complete op_id=map/B:b1/a1/s5/g1.36 tenant=B units=2 state=SUCCEEDED committed=7
t=20.270104 node=gpu event=gpu_accepted op_id=map/B:b2/a1/s5/g1.48 tenant=B units=2 state=PENDING committed=9
t=20.273445 node=gpu event=gpu_accepted op_id=map/A:a6/a1/s0/g1.49 tenant=A units=1 state=PENDING committed=10
t=20.326667 node=gpu event=gpu_finished op_id=map/A:a5/a1/s0/g1.37 tenant=A units=1 state=SUCCEEDED committed=10
t=20.478003 node=gpu event=gpu_accepted op_id=map/B:b2/a1/s4/g1.47 tenant=B units=2 state=PENDING committed=12
t=20.485324 node=gpu event=gpu_started op_id=map/A:a1/a1/s1/g1.41 tenant=A units=1 state=RUNNING committed=12
t=20.539169 node=gpu event=gpu_finished op_id=map/A:a1/a1/s0/g1.40 tenant=A units=1 state=SUCCEEDED committed=12
t=20.545314 node=gpu event=gpu_release_requested op_id=map/A:a5/a1/s0/g1.37 tenant=A units=1 state=SUCCEEDED committed=12
t=20.646194 node=gpu event=gpu_started op_id=reduce/B:b1/a1/r0 tenant=B units=1 state=RUNNING committed=12
t=20.661028 node=gpu event=gpu_release_complete op_id=map/A:a5/a1/s0/g1.37 tenant=A units=1 state=SUCCEEDED committed=11
t=20.671580 node=gpu event=gpu_release_requested op_id=map/A:a1/a1/s0/g1.40 tenant=A units=1 state=SUCCEEDED committed=11
t=20.730741 node=gpu event=gpu_accepted op_id=map/A:a1/a1/s1/g1.52 tenant=A units=1 state=PENDING committed=12
t=20.843319 node=gpu event=gpu_release_complete op_id=map/A:a1/a1/s0/g1.40 tenant=A units=1 state=SUCCEEDED committed=11
t=20.866067 node=gpu event=gpu_accepted op_id=map/A:a6/a1/s1/g1.50 tenant=A units=1 state=PENDING committed=12
t=21.146194 node=gpu event=gpu_finished op_id=reduce/B:b1/a1/r0 tenant=B units=1 state=SUCCEEDED committed=12
t=21.229075 node=gpu event=gpu_finished op_id=map/B:b2/a1/s0/g1.43 tenant=B units=2 state=SUCCEEDED committed=12
t=21.296847 node=gpu event=gpu_release_requested op_id=reduce/B:b1/a1/r0 tenant=B units=1 state=SUCCEEDED committed=12
t=21.383434 node=gpu event=gpu_release_complete op_id=reduce/B:b1/a1/r0 tenant=B units=1 state=SUCCEEDED committed=11
t=21.485324 node=gpu event=gpu_finished op_id=map/A:a1/a1/s1/g1.41 tenant=A units=1 state=SUCCEEDED committed=11
t=21.627127 node=gpu event=gpu_started op_id=map/B:b2/a1/s4/g1.47 tenant=B units=2 state=RUNNING committed=11
t=21.672565 node=gpu event=gpu_started op_id=map/B:b2/a1/s5/g1.48 tenant=B units=2 state=RUNNING committed=11
t=21.685726 node=gpu event=gpu_started op_id=reduce/A:a4/a1/r0 tenant=A units=1 state=RUNNING committed=11
t=21.726710 node=gpu event=gpu_accepted op_id=reduce/A:a1/a1/r0 tenant=A units=1 state=PENDING committed=12
t=21.730866 node=gpu event=gpu_release_requested op_id=map/A:a1/a1/s1/g1.41 tenant=A units=1 state=SUCCEEDED committed=12
t=21.774531 node=gpu event=gpu_cancelled op_id=map/A:a1/a1/s1/g1.52 tenant=A units=1 state=CANCELLED committed=12
t=21.784838 node=gpu event=gpu_release_requested op_id=map/A:a1/a1/s1/g1.52 tenant=A units=1 state=CANCELLED committed=12
t=21.898913 node=gpu event=gpu_release_complete op_id=map/A:a1/a1/s1/g1.41 tenant=A units=1 state=SUCCEEDED committed=11
t=22.080709 node=gpu event=gpu_release_complete op_id=map/A:a1/a1/s1/g1.52 tenant=A units=1 state=CANCELLED committed=10
t=22.109013 node=gpu event=gpu_accepted op_id=map/A:a6/a1/s1/g1.53 tenant=A units=1 state=PENDING committed=11
t=22.110453 node=gpu event=gpu_accepted op_id=map/A:a6/a1/s2/g1.54 tenant=A units=1 state=PENDING committed=12
t=22.185726 node=gpu event=gpu_finished op_id=reduce/A:a4/a1/r0 tenant=A units=1 state=SUCCEEDED committed=12
t=22.342084 node=gpu event=gpu_release_requested op_id=reduce/A:a4/a1/r0 tenant=A units=1 state=SUCCEEDED committed=12
t=22.415574 node=gpu event=gpu_release_complete op_id=reduce/A:a4/a1/r0 tenant=A units=1 state=SUCCEEDED committed=11
t=22.601819 node=gpu event=gpu_accepted op_id=map/A:a7/a1/s0/g1.55 tenant=A units=1 state=PENDING committed=12
t=22.614725 node=gpu event=gpu_release_requested op_id=map/B:b2/a1/s0/g1.43 tenant=B units=2 state=SUCCEEDED committed=12
t=22.671964 node=gpu event=gpu_started op_id=reduce/A:a1/a1/r0 tenant=A units=1 state=RUNNING committed=12
t=22.682071 node=gpu event=gpu_cancelled op_id=map/A:a6/a1/s1/g1.50 tenant=A units=1 state=CANCELLED committed=12
t=22.703659 node=gpu event=gpu_release_requested op_id=map/A:a6/a1/s1/g1.50 tenant=A units=1 state=CANCELLED committed=12
t=22.751886 node=gpu event=gpu_release_complete op_id=map/B:b2/a1/s0/g1.43 tenant=B units=2 state=SUCCEEDED committed=10
t=22.925022 node=gpu event=gpu_started op_id=map/A:a6/a1/s0/g1.49 tenant=A units=1 state=RUNNING committed=10
t=22.990073 node=gpu event=gpu_release_complete op_id=map/A:a6/a1/s1/g1.50 tenant=A units=1 state=CANCELLED committed=9
t=23.127127 node=gpu event=gpu_finished op_id=map/B:b2/a1/s4/g1.47 tenant=B units=2 state=SUCCEEDED committed=9
t=23.171964 node=gpu event=gpu_finished op_id=reduce/A:a1/a1/r0 tenant=A units=1 state=SUCCEEDED committed=9
t=23.172565 node=gpu event=gpu_finished op_id=map/B:b2/a1/s5/g1.48 tenant=B units=2 state=SUCCEEDED committed=9
t=23.288273 node=gpu event=gpu_release_requested op_id=reduce/A:a1/a1/r0 tenant=A units=1 state=SUCCEEDED committed=9
t=23.368886 node=gpu event=gpu_release_requested op_id=map/B:b2/a1/s4/g1.47 tenant=B units=2 state=SUCCEEDED committed=9
t=23.435459 node=gpu event=gpu_release_requested op_id=map/B:b2/a1/s5/g1.48 tenant=B units=2 state=SUCCEEDED committed=9
t=23.494592 node=gpu event=gpu_release_complete op_id=reduce/A:a1/a1/r0 tenant=A units=1 state=SUCCEEDED committed=8
t=23.503092 node=gpu event=gpu_release_complete op_id=map/B:b2/a1/s5/g1.48 tenant=B units=2 state=SUCCEEDED committed=6
t=23.506858 node=gpu event=gpu_accepted op_id=map/B:b2/a1/s1/g1.58 tenant=B units=2 state=PENDING committed=8
t=23.510356 node=gpu event=gpu_accepted op_id=map/B:b2/a1/s1/g1.44 tenant=B units=2 state=PENDING committed=10
t=23.518690 node=gpu event=gpu_accepted op_id=map/B:b2/a1/s2/g1.45 tenant=B units=2 state=PENDING committed=12
t=23.661685 node=gpu event=gpu_release_complete op_id=map/B:b2/a1/s4/g1.47 tenant=B units=2 state=SUCCEEDED committed=10
t=23.703806 node=gpu event=gpu_accepted op_id=map/B:b2/a1/s2/g1.59 tenant=B units=2 state=PENDING committed=12
t=23.729790 node=gpu event=gpu_started op_id=map/A:a7/a1/s0/g1.55 tenant=A units=1 state=RUNNING committed=12
t=23.783444 node=gpu event=gpu_started op_id=map/A:a6/a1/s2/g1.54 tenant=A units=1 state=RUNNING committed=12
t=23.925022 node=gpu event=gpu_finished op_id=map/A:a6/a1/s0/g1.49 tenant=A units=1 state=SUCCEEDED committed=12
t=23.957770 node=gpu event=gpu_release_requested op_id=map/A:a6/a1/s0/g1.49 tenant=A units=1 state=SUCCEEDED committed=12
t=23.998161 node=gpu event=gpu_started op_id=map/A:a6/a1/s1/g1.53 tenant=A units=1 state=RUNNING committed=12
t=24.010745 node=gpu event=gpu_release_complete op_id=map/A:a6/a1/s0/g1.49 tenant=A units=1 state=SUCCEEDED committed=11
t=24.031627 node=gpu event=gpu_accepted op_id=map/A:a7/a1/s1/g1.56 tenant=A units=1 state=PENDING committed=12
t=24.406576 node=gpu event=gpu_started op_id=map/B:b2/a1/s2/g1.45 tenant=B units=2 state=RUNNING committed=12
t=24.729790 node=gpu event=gpu_finished op_id=map/A:a7/a1/s0/g1.55 tenant=A units=1 state=SUCCEEDED committed=12
t=24.783444 node=gpu event=gpu_finished op_id=map/A:a6/a1/s2/g1.54 tenant=A units=1 state=SUCCEEDED committed=12
t=24.881949 node=gpu event=gpu_release_requested op_id=map/A:a7/a1/s0/g1.55 tenant=A units=1 state=SUCCEEDED committed=12
t=24.995182 node=gpu event=gpu_release_requested op_id=map/A:a6/a1/s2/g1.54 tenant=A units=1 state=SUCCEEDED committed=12
t=24.998161 node=gpu event=gpu_finished op_id=map/A:a6/a1/s1/g1.53 tenant=A units=1 state=SUCCEEDED committed=12
t=25.079950 node=gpu event=gpu_release_complete op_id=map/A:a7/a1/s0/g1.55 tenant=A units=1 state=SUCCEEDED committed=11
t=25.094149 node=gpu event=gpu_started op_id=map/A:a7/a1/s1/g1.56 tenant=A units=1 state=RUNNING committed=11
t=25.098647 node=gpu event=gpu_release_complete op_id=map/A:a6/a1/s2/g1.54 tenant=A units=1 state=SUCCEEDED committed=10
t=25.112169 node=gpu event=gpu_started op_id=map/B:b2/a1/s1/g1.44 tenant=B units=2 state=RUNNING committed=10
t=25.220796 node=gpu event=gpu_accepted op_id=map/A:a6/a1/s1/g1.61 tenant=A units=1 state=PENDING committed=11
t=25.229864 node=gpu event=gpu_started op_id=map/B:b2/a1/s2/g1.59 tenant=B units=2 state=RUNNING committed=11
t=25.240478 node=gpu event=gpu_accepted op_id=reduce/A:a6/a1/r0 tenant=A units=1 state=PENDING committed=12
t=25.252723 node=gpu event=gpu_release_requested op_id=map/A:a6/a1/s1/g1.53 tenant=A units=1 state=SUCCEEDED committed=12
t=25.491292 node=gpu event=gpu_cancelled op_id=map/A:a6/a1/s1/g1.61 tenant=A units=1 state=CANCELLED committed=12
t=25.504444 node=gpu event=gpu_release_requested op_id=map/A:a6/a1/s1/g1.61 tenant=A units=1 state=CANCELLED committed=12
t=25.520887 node=gpu event=gpu_release_complete op_id=map/A:a6/a1/s1/g1.53 tenant=A units=1 state=SUCCEEDED committed=11
t=25.639133 node=gpu event=gpu_release_complete op_id=map/A:a6/a1/s1/g1.61 tenant=A units=1 state=CANCELLED committed=10
t=25.668116 node=gpu event=gpu_accepted op_id=map/A:a8/a1/s2/g1.64 tenant=A units=1 state=PENDING committed=11
t=25.669809 node=gpu event=gpu_accepted op_id=map/A:a8/a1/s0/g1.62 tenant=A units=1 state=PENDING committed=12
t=25.747676 node=gpu event=gpu_started op_id=map/B:b2/a1/s1/g1.58 tenant=B units=2 state=RUNNING committed=12
t=25.906576 node=gpu event=gpu_finished op_id=map/B:b2/a1/s2/g1.45 tenant=B units=2 state=SUCCEEDED committed=12
t=26.094149 node=gpu event=gpu_finished op_id=map/A:a7/a1/s1/g1.56 tenant=A units=1 state=SUCCEEDED committed=12
t=26.135965 node=gpu event=gpu_release_requested op_id=map/A:a7/a1/s1/g1.56 tenant=A units=1 state=SUCCEEDED committed=12
t=26.161981 node=gpu event=gpu_release_requested op_id=map/B:b2/a1/s2/g1.45 tenant=B units=2 state=SUCCEEDED committed=12
t=26.349261 node=gpu event=gpu_release_complete op_id=map/A:a7/a1/s1/g1.56 tenant=A units=1 state=SUCCEEDED committed=11
t=26.363113 node=gpu event=gpu_accepted op_id=reduce/A:a5/a1/r0 tenant=A units=1 state=PENDING committed=12
t=26.457958 node=gpu event=gpu_release_complete op_id=map/B:b2/a1/s2/g1.45 tenant=B units=2 state=SUCCEEDED committed=10
t=26.564309 node=gpu event=gpu_started op_id=map/A:a8/a1/s2/g1.64 tenant=A units=1 state=RUNNING committed=10
t=26.612169 node=gpu event=gpu_finished op_id=map/B:b2/a1/s1/g1.44 tenant=B units=2 state=SUCCEEDED committed=10
t=26.627544 node=gpu event=gpu_accepted op_id=map/B:b2/a1/s3/g1.46 tenant=B units=2 state=PENDING committed=12
t=26.684999 node=gpu event=gpu_release_requested op_id=map/B:b2/a1/s1/g1.44 tenant=B units=2 state=SUCCEEDED committed=12
t=26.729864 node=gpu event=gpu_finished op_id=map/B:b2/a1/s2/g1.59 tenant=B units=2 state=SUCCEEDED committed=12
t=26.807734 node=gpu event=gpu_release_requested op_id=map/B:b2/a1/s2/g1.59 tenant=B units=2 state=SUCCEEDED committed=12
t=26.865593 node=gpu event=gpu_release_complete op_id=map/B:b2/a1/s1/g1.44 tenant=B units=2 state=SUCCEEDED committed=10
t=26.947004 node=gpu event=gpu_release_complete op_id=map/B:b2/a1/s2/g1.59 tenant=B units=2 state=SUCCEEDED committed=8
t=26.975585 node=gpu event=gpu_started op_id=map/A:a8/a1/s0/g1.62 tenant=A units=1 state=RUNNING committed=8
t=27.005748 node=gpu event=gpu_accepted op_id=map/A:a7/a1/s2/g1.65 tenant=A units=1 state=PENDING committed=9
t=27.071476 node=gpu event=gpu_accepted op_id=map/A:a7/a1/s2/g1.57 tenant=A units=1 state=PENDING committed=10
t=27.145804 node=gpu event=gpu_started op_id=map/B:b2/a1/s3/g1.46 tenant=B units=2 state=RUNNING committed=10
t=27.190770 node=gpu event=gpu_accepted op_id=map/A:a8/a1/s1/g1.63 tenant=A units=1 state=PENDING committed=11
t=27.247676 node=gpu event=gpu_finished op_id=map/B:b2/a1/s1/g1.58 tenant=B units=2 state=SUCCEEDED committed=11
t=27.385936 node=gpu event=gpu_release_requested op_id=map/B:b2/a1/s1/g1.58 tenant=B units=2 state=SUCCEEDED committed=11
t=27.473942 node=gpu event=gpu_release_complete op_id=map/B:b2/a1/s1/g1.58 tenant=B units=2 state=SUCCEEDED committed=9
t=27.503065 node=gpu event=gpu_accepted op_id=map/B:b3/a1/s0/g1.66 tenant=B units=2 state=PENDING committed=11
t=27.564309 node=gpu event=gpu_finished op_id=map/A:a8/a1/s2/g1.64 tenant=A units=1 state=SUCCEEDED committed=11
t=27.649684 node=gpu event=gpu_started op_id=map/A:a7/a1/s2/g1.65 tenant=A units=1 state=RUNNING committed=11
t=27.832890 node=gpu event=gpu_started op_id=map/A:a7/a1/s2/g1.57 tenant=A units=1 state=RUNNING committed=11
t=27.838312 node=gpu event=gpu_started op_id=reduce/A:a6/a1/r0 tenant=A units=1 state=RUNNING committed=11
t=27.857794 node=gpu event=gpu_started op_id=map/A:a8/a1/s1/g1.63 tenant=A units=1 state=RUNNING committed=11
t=27.975585 node=gpu event=gpu_finished op_id=map/A:a8/a1/s0/g1.62 tenant=A units=1 state=SUCCEEDED committed=11
t=28.147379 node=gpu event=gpu_release_requested op_id=map/A:a8/a1/s0/g1.62 tenant=A units=1 state=SUCCEEDED committed=11
t=28.338312 node=gpu event=gpu_finished op_id=reduce/A:a6/a1/r0 tenant=A units=1 state=SUCCEEDED committed=11
t=28.358996 node=gpu event=gpu_cancelled op_id=map/A:a7/a1/s2/g1.57 tenant=A units=1 state=CANCELLED committed=11
t=28.360908 node=gpu event=gpu_release_requested op_id=reduce/A:a6/a1/r0 tenant=A units=1 state=SUCCEEDED committed=11
t=28.390058 node=gpu event=gpu_release_requested op_id=map/A:a7/a1/s2/g1.57 tenant=A units=1 state=CANCELLED committed=11
t=28.435663 node=gpu event=gpu_release_complete op_id=map/A:a8/a1/s0/g1.62 tenant=A units=1 state=SUCCEEDED committed=10
t=28.469476 node=gpu event=gpu_accepted op_id=map/B:b3/a1/s1/g1.67 tenant=B units=2 state=PENDING committed=12
t=28.478305 node=gpu event=gpu_release_complete op_id=reduce/A:a6/a1/r0 tenant=A units=1 state=SUCCEEDED committed=11
t=28.556224 node=gpu event=gpu_release_complete op_id=map/A:a7/a1/s2/g1.57 tenant=A units=1 state=CANCELLED committed=10
t=28.645804 node=gpu event=gpu_finished op_id=map/B:b2/a1/s3/g1.46 tenant=B units=2 state=SUCCEEDED committed=10
t=28.649684 node=gpu event=gpu_finished op_id=map/A:a7/a1/s2/g1.65 tenant=A units=1 state=SUCCEEDED committed=10
t=28.732206 node=gpu event=gpu_accepted op_id=reduce/B:b2/a1/r0 tenant=B units=1 state=PENDING committed=11
t=28.745452 node=gpu event=gpu_release_requested op_id=map/B:b2/a1/s3/g1.46 tenant=B units=2 state=SUCCEEDED committed=11
t=28.799742 node=gpu event=gpu_started op_id=reduce/A:a5/a1/r0 tenant=A units=1 state=RUNNING committed=11
t=28.811328 node=gpu event=gpu_accepted op_id=map/A:a9/a1/s1/g1.73 tenant=A units=1 state=PENDING committed=12
t=28.846502 node=gpu event=gpu_release_complete op_id=map/B:b2/a1/s3/g1.46 tenant=B units=2 state=SUCCEEDED committed=10
t=28.851999 node=gpu event=gpu_accepted op_id=reduce/A:a7/a1/r0 tenant=A units=1 state=PENDING committed=11
t=28.857794 node=gpu event=gpu_finished op_id=map/A:a8/a1/s1/g1.63 tenant=A units=1 state=SUCCEEDED committed=11
t=28.857814 node=gpu event=gpu_release_requested op_id=map/A:a7/a1/s2/g1.65 tenant=A units=1 state=SUCCEEDED committed=11
t=28.903176 node=gpu event=gpu_accepted op_id=map/A:a9/a1/s2/g1.74 tenant=A units=1 state=PENDING committed=12
t=28.928498 node=gpu event=gpu_release_requested op_id=map/A:a8/a1/s1/g1.63 tenant=A units=1 state=SUCCEEDED committed=12
t=29.012262 node=gpu event=gpu_started op_id=map/B:b3/a1/s1/g1.67 tenant=B units=2 state=RUNNING committed=12
t=29.030650 node=gpu event=gpu_release_requested op_id=map/A:a8/a1/s2/g1.64 tenant=A units=1 state=SUCCEEDED committed=12
t=29.078277 node=gpu event=gpu_release_complete op_id=map/A:a8/a1/s1/g1.63 tenant=A units=1 state=SUCCEEDED committed=11
t=29.087001 node=gpu event=gpu_accepted op_id=map/A:a9/a1/s0/g1.72 tenant=A units=1 state=PENDING committed=12
t=29.088695 node=gpu event=gpu_release_complete op_id=map/A:a7/a1/s2/g1.65 tenant=A units=1 state=SUCCEEDED committed=11
t=29.292441 node=gpu event=gpu_accepted op_id=reduce/A:a8/a1/r0 tenant=A units=1 state=PENDING committed=12
t=29.299742 node=gpu event=gpu_finished op_id=reduce/A:a5/a1/r0 tenant=A units=1 state=SUCCEEDED committed=12
t=29.318844 node=gpu event=gpu_release_complete op_id=map/A:a8/a1/s2/g1.64 tenant=A units=1 state=SUCCEEDED committed=11
t=29.462431 node=gpu event=gpu_started op_id=map/B:b3/a1/s0/g1.66 tenant=B units=2 state=RUNNING committed=11
t=29.551100 node=gpu event=gpu_release_requested op_id=reduce/A:a5/a1/r0 tenant=A units=1 state=SUCCEEDED committed=11
t=29.687695 node=gpu event=gpu_release_complete op_id=reduce/A:a5/a1/r0 tenant=A units=1 state=SUCCEEDED committed=10
t=29.998059 node=gpu event=gpu_accepted op_id=map/B:b3/a1/s2/g1.68 tenant=B units=2 state=PENDING committed=12
t=30.075354 node=gpu event=gpu_started op_id=map/A:a9/a1/s0/g1.72 tenant=A units=1 state=RUNNING committed=12
t=30.469290 node=gpu event=gpu_started op_id=map/A:a9/a1/s2/g1.74 tenant=A units=1 state=RUNNING committed=12
t=30.512262 node=gpu event=gpu_finished op_id=map/B:b3/a1/s1/g1.67 tenant=B units=2 state=SUCCEEDED committed=12
t=30.581050 node=gpu event=gpu_release_requested op_id=map/B:b3/a1/s1/g1.67 tenant=B units=2 state=SUCCEEDED committed=12
t=30.713035 node=gpu event=gpu_release_complete op_id=map/B:b3/a1/s1/g1.67 tenant=B units=2 state=SUCCEEDED committed=10
t=30.950876 node=gpu event=gpu_started op_id=reduce/A:a8/a1/r0 tenant=A units=1 state=RUNNING committed=10
t=30.961025 node=gpu event=gpu_started op_id=map/A:a9/a1/s1/g1.73 tenant=A units=1 state=RUNNING committed=10
t=30.962431 node=gpu event=gpu_finished op_id=map/B:b3/a1/s0/g1.66 tenant=B units=2 state=SUCCEEDED committed=10
t=31.075354 node=gpu event=gpu_finished op_id=map/A:a9/a1/s0/g1.72 tenant=A units=1 state=SUCCEEDED committed=10
t=31.167960 node=gpu event=gpu_release_requested op_id=map/A:a9/a1/s0/g1.72 tenant=A units=1 state=SUCCEEDED committed=10
t=31.185343 node=gpu event=gpu_release_requested op_id=map/B:b3/a1/s0/g1.66 tenant=B units=2 state=SUCCEEDED committed=10
t=31.288932 node=gpu event=gpu_release_complete op_id=map/A:a9/a1/s0/g1.72 tenant=A units=1 state=SUCCEEDED committed=9
t=31.325627 node=gpu event=gpu_started op_id=reduce/B:b2/a1/r0 tenant=B units=1 state=RUNNING committed=9
t=31.336566 node=gpu event=gpu_release_complete op_id=map/B:b3/a1/s0/g1.66 tenant=B units=2 state=SUCCEEDED committed=7
t=31.450876 node=gpu event=gpu_finished op_id=reduce/A:a8/a1/r0 tenant=A units=1 state=SUCCEEDED committed=7
t=31.469290 node=gpu event=gpu_finished op_id=map/A:a9/a1/s2/g1.74 tenant=A units=1 state=SUCCEEDED committed=7
t=31.550970 node=gpu event=gpu_release_requested op_id=map/A:a9/a1/s2/g1.74 tenant=A units=1 state=SUCCEEDED committed=7
t=31.630485 node=gpu event=gpu_started op_id=map/B:b3/a1/s2/g1.68 tenant=B units=2 state=RUNNING committed=7
t=31.642180 node=gpu event=gpu_started op_id=reduce/A:a7/a1/r0 tenant=A units=1 state=RUNNING committed=7
t=31.717623 node=gpu event=gpu_release_requested op_id=reduce/A:a8/a1/r0 tenant=A units=1 state=SUCCEEDED committed=7
t=31.820830 node=gpu event=gpu_release_complete op_id=map/A:a9/a1/s2/g1.74 tenant=A units=1 state=SUCCEEDED committed=6
t=31.825627 node=gpu event=gpu_finished op_id=reduce/B:b2/a1/r0 tenant=B units=1 state=SUCCEEDED committed=6
t=31.882587 node=gpu event=gpu_release_complete op_id=reduce/A:a8/a1/r0 tenant=A units=1 state=SUCCEEDED committed=5
t=31.906879 node=gpu event=gpu_release_requested op_id=reduce/B:b2/a1/r0 tenant=B units=1 state=SUCCEEDED committed=5
t=31.912268 node=gpu event=gpu_accepted op_id=map/A:a10/a1/s0/g1.75 tenant=A units=1 state=PENDING committed=6
t=31.912828 node=gpu event=gpu_accepted op_id=map/A:a10/a1/s1/g1.76 tenant=A units=1 state=PENDING committed=7
t=31.912828 node=gpu event=gpu_accepted op_id=map/A:a10/a1/s2/g1.77 tenant=A units=1 state=PENDING committed=8
t=31.961025 node=gpu event=gpu_finished op_id=map/A:a9/a1/s1/g1.73 tenant=A units=1 state=SUCCEEDED committed=8
t=32.011290 node=gpu event=gpu_accepted op_id=map/B:b3/a1/s3/g1.69 tenant=B units=2 state=PENDING committed=10
t=32.093436 node=gpu event=gpu_release_complete op_id=reduce/B:b2/a1/r0 tenant=B units=1 state=SUCCEEDED committed=9
t=32.142180 node=gpu event=gpu_finished op_id=reduce/A:a7/a1/r0 tenant=A units=1 state=SUCCEEDED committed=9
t=32.173890 node=gpu event=gpu_accepted op_id=reduce/A:a9/a1/r0 tenant=A units=1 state=PENDING committed=10
t=32.177253 node=gpu event=gpu_release_requested op_id=map/A:a9/a1/s1/g1.73 tenant=A units=1 state=SUCCEEDED committed=10
t=32.230334 node=gpu event=gpu_release_requested op_id=reduce/A:a7/a1/r0 tenant=A units=1 state=SUCCEEDED committed=10
t=32.376313 node=gpu event=gpu_release_complete op_id=map/A:a9/a1/s1/g1.73 tenant=A units=1 state=SUCCEEDED committed=9
t=32.426723 node=gpu event=gpu_started op_id=map/A:a10/a1/s0/g1.75 tenant=A units=1 state=RUNNING committed=9
t=32.502943 node=gpu event=gpu_release_complete op_id=reduce/A:a7/a1/r0 tenant=A units=1 state=SUCCEEDED committed=8
t=32.584869 node=gpu event=gpu_accepted op_id=map/B:b3/a1/s4/g1.70 tenant=B units=2 state=PENDING committed=10
t=32.615657 node=gpu event=gpu_accepted op_id=map/B:b3/a1/s5/g1.71 tenant=B units=2 state=PENDING committed=12
t=32.932390 node=gpu event=gpu_started op_id=map/A:a10/a1/s1/g1.76 tenant=A units=1 state=RUNNING committed=12
t=33.112039 node=gpu event=gpu_started op_id=reduce/A:a9/a1/r0 tenant=A units=1 state=RUNNING committed=12
t=33.130485 node=gpu event=gpu_finished op_id=map/B:b3/a1/s2/g1.68 tenant=B units=2 state=SUCCEEDED committed=12
t=33.146980 node=gpu event=gpu_started op_id=map/B:b3/a1/s4/g1.70 tenant=B units=2 state=RUNNING committed=12
t=33.169849 node=gpu event=gpu_release_requested op_id=map/B:b3/a1/s2/g1.68 tenant=B units=2 state=SUCCEEDED committed=12
t=33.337600 node=gpu event=gpu_cancelled op_id=map/B:b3/a1/s3/g1.69 tenant=B units=2 state=CANCELLED committed=12
t=33.350086 node=gpu event=gpu_release_requested op_id=map/B:b3/a1/s3/g1.69 tenant=B units=2 state=CANCELLED committed=12
t=33.367755 node=gpu event=gpu_release_complete op_id=map/B:b3/a1/s2/g1.68 tenant=B units=2 state=SUCCEEDED committed=10
t=33.426723 node=gpu event=gpu_finished op_id=map/A:a10/a1/s0/g1.75 tenant=A units=1 state=SUCCEEDED committed=10
t=33.464258 node=gpu event=gpu_accepted op_id=map/B:b3/a1/s3/g1.78 tenant=B units=2 state=PENDING committed=12
t=33.537082 node=gpu event=gpu_release_complete op_id=map/B:b3/a1/s3/g1.69 tenant=B units=2 state=CANCELLED committed=10
t=33.547627 node=gpu event=gpu_release_requested op_id=map/A:a10/a1/s0/g1.75 tenant=A units=1 state=SUCCEEDED committed=10
t=33.612039 node=gpu event=gpu_finished op_id=reduce/A:a9/a1/r0 tenant=A units=1 state=SUCCEEDED committed=10
t=33.805413 node=gpu event=gpu_release_requested op_id=reduce/A:a9/a1/r0 tenant=A units=1 state=SUCCEEDED committed=10
t=33.845977 node=gpu event=gpu_release_complete op_id=map/A:a10/a1/s0/g1.75 tenant=A units=1 state=SUCCEEDED committed=9
t=33.932390 node=gpu event=gpu_finished op_id=map/A:a10/a1/s1/g1.76 tenant=A units=1 state=SUCCEEDED committed=9
t=33.982183 node=gpu event=gpu_accepted op_id=map/B:b3/a1/s4/g1.79 tenant=B units=2 state=PENDING committed=11
t=34.065893 node=gpu event=gpu_release_complete op_id=reduce/A:a9/a1/r0 tenant=A units=1 state=SUCCEEDED committed=10
t=34.069485 node=gpu event=gpu_release_requested op_id=map/A:a10/a1/s1/g1.76 tenant=A units=1 state=SUCCEEDED committed=10
t=34.193434 node=gpu event=gpu_started op_id=map/A:a10/a1/s2/g1.77 tenant=A units=1 state=RUNNING committed=10
t=34.217743 node=gpu event=gpu_release_complete op_id=map/A:a10/a1/s1/g1.76 tenant=A units=1 state=SUCCEEDED committed=9
t=34.646980 node=gpu event=gpu_finished op_id=map/B:b3/a1/s4/g1.70 tenant=B units=2 state=SUCCEEDED committed=9
t=34.899902 node=gpu event=gpu_accepted op_id=map/A:a10/a1/s2/g1.81 tenant=A units=1 state=PENDING committed=10
t=35.005086 node=gpu event=gpu_accepted op_id=map/A:a11/a1/s2/g1.84 tenant=A units=1 state=PENDING committed=11
t=35.019494 node=gpu event=gpu_accepted op_id=map/A:a11/a1/s0/g1.82 tenant=A units=1 state=PENDING committed=12
t=35.193434 node=gpu event=gpu_finished op_id=map/A:a10/a1/s2/g1.77 tenant=A units=1 state=SUCCEEDED committed=12
t=35.250950 node=gpu event=gpu_started op_id=map/B:b3/a1/s5/g1.71 tenant=B units=2 state=RUNNING committed=12
t=35.393754 node=gpu event=gpu_release_requested op_id=map/A:a10/a1/s2/g1.77 tenant=A units=1 state=SUCCEEDED committed=12
t=35.428570 node=gpu event=gpu_cancelled op_id=map/A:a10/a1/s2/g1.81 tenant=A units=1 state=CANCELLED committed=12
t=35.457004 node=gpu event=gpu_release_requested op_id=map/A:a10/a1/s2/g1.81 tenant=A units=1 state=CANCELLED committed=12
t=35.520429 node=gpu event=gpu_release_complete op_id=map/A:a10/a1/s2/g1.77 tenant=A units=1 state=SUCCEEDED committed=11
t=35.638156 node=gpu event=gpu_accepted op_id=reduce/A:a10/a1/r0 tenant=A units=1 state=PENDING committed=12
t=35.657672 node=gpu event=gpu_release_complete op_id=map/A:a10/a1/s2/g1.81 tenant=A units=1 state=CANCELLED committed=11
t=35.735131 node=gpu event=gpu_started op_id=map/B:b3/a1/s3/g1.78 tenant=B units=2 state=RUNNING committed=11
t=35.797270 node=gpu event=gpu_accepted op_id=map/A:a11/a1/s1/g1.83 tenant=A units=1 state=PENDING committed=12
t=35.930588 node=gpu event=gpu_release_requested op_id=map/B:b3/a1/s4/g1.70 tenant=B units=2 state=SUCCEEDED committed=12
t=36.129592 node=gpu event=gpu_release_complete op_id=map/B:b3/a1/s4/g1.70 tenant=B units=2 state=SUCCEEDED committed=10
t=36.277488 node=gpu event=gpu_accepted op_id=map/B:b4/a1/s0/g1.85 tenant=B units=2 state=PENDING committed=12
t=36.323660 node=gpu event=gpu_cancelled op_id=map/B:b3/a1/s4/g1.79 tenant=B units=2 state=CANCELLED committed=12
t=36.369253 node=gpu event=gpu_release_requested op_id=map/B:b3/a1/s4/g1.79 tenant=B units=2 state=CANCELLED committed=12
t=36.583419 node=gpu event=gpu_release_complete op_id=map/B:b3/a1/s4/g1.79 tenant=B units=2 state=CANCELLED committed=10
t=36.604382 node=gpu event=gpu_accepted op_id=map/B:b4/a1/s4/g1.89 tenant=B units=2 state=PENDING committed=12
t=36.663042 node=gpu event=gpu_started op_id=reduce/A:a10/a1/r0 tenant=A units=1 state=RUNNING committed=12
t=36.750950 node=gpu event=gpu_finished op_id=map/B:b3/a1/s5/g1.71 tenant=B units=2 state=FAILED committed=12
t=36.789027 node=gpu event=gpu_release_requested op_id=map/B:b3/a1/s5/g1.71 tenant=B units=2 state=FAILED committed=12
t=36.965818 node=gpu event=gpu_started op_id=map/A:a11/a1/s2/g1.84 tenant=A units=1 state=RUNNING committed=12
t=37.024990 node=gpu event=gpu_release_complete op_id=map/B:b3/a1/s5/g1.71 tenant=B units=2 state=FAILED committed=10
t=37.101659 node=gpu event=gpu_accepted op_id=map/B:b4/a1/s5/g1.90 tenant=B units=2 state=PENDING committed=12
t=37.163042 node=gpu event=gpu_finished op_id=reduce/A:a10/a1/r0 tenant=A units=1 state=SUCCEEDED committed=12
t=37.180542 node=gpu event=gpu_release_requested op_id=reduce/A:a10/a1/r0 tenant=A units=1 state=SUCCEEDED committed=12
t=37.235131 node=gpu event=gpu_finished op_id=map/B:b3/a1/s3/g1.78 tenant=B units=2 state=SUCCEEDED committed=12
t=37.320113 node=gpu event=gpu_started op_id=map/A:a11/a1/s0/g1.82 tenant=A units=1 state=RUNNING committed=12
t=37.395394 node=gpu event=gpu_release_complete op_id=reduce/A:a10/a1/r0 tenant=A units=1 state=SUCCEEDED committed=11
t=37.397788 node=gpu event=gpu_release_requested op_id=map/B:b3/a1/s3/g1.78 tenant=B units=2 state=SUCCEEDED committed=11
t=37.475764 node=gpu event=gpu_accepted op_id=map/A:a12/a1/s0/g1.91 tenant=A units=1 state=PENDING committed=12
t=37.697254 node=gpu event=gpu_release_complete op_id=map/B:b3/a1/s3/g1.78 tenant=B units=2 state=SUCCEEDED committed=10
t=37.816398 node=gpu event=gpu_accepted op_id=map/A:a12/a1/s1/g1.92 tenant=A units=1 state=PENDING committed=11
t=37.908716 node=gpu event=gpu_started op_id=map/B:b4/a1/s4/g1.89 tenant=B units=2 state=RUNNING committed=11
t=37.965818 node=gpu event=gpu_finished op_id=map/A:a11/a1/s2/g1.84 tenant=A units=1 state=SUCCEEDED committed=11
t=38.013215 node=gpu event=gpu_started op_id=map/A:a12/a1/s0/g1.91 tenant=A units=1 state=RUNNING committed=11
t=38.076518 node=gpu event=gpu_release_requested op_id=map/A:a11/a1/s2/g1.84 tenant=A units=1 state=SUCCEEDED committed=11
t=38.246097 node=gpu event=gpu_started op_id=map/A:a11/a1/s1/g1.83 tenant=A units=1 state=RUNNING committed=11
t=38.289923 node=gpu event=gpu_release_complete op_id=map/A:a11/a1/s2/g1.84 tenant=A units=1 state=SUCCEEDED committed=10
t=38.320113 node=gpu event=gpu_finished op_id=map/A:a11/a1/s0/g1.82 tenant=A units=1 state=SUCCEEDED committed=10
t=38.413455 node=gpu event=gpu_accepted op_id=map/A:a12/a1/s2/g1.93 tenant=A units=1 state=PENDING committed=11
t=38.414891 node=gpu event=gpu_release_requested op_id=map/A:a11/a1/s0/g1.82 tenant=A units=1 state=SUCCEEDED committed=11
t=38.421360 node=gpu event=gpu_started op_id=map/B:b4/a1/s0/g1.85 tenant=B units=2 state=RUNNING committed=11
t=38.485498 node=gpu event=gpu_release_complete op_id=map/A:a11/a1/s0/g1.82 tenant=A units=1 state=SUCCEEDED committed=10
t=38.953669 node=gpu event=gpu_cancelled op_id=map/A:a11/a1/s1/g1.83 tenant=A units=1 state=CANCELLED committed=10
t=38.957989 node=gpu event=gpu_release_requested op_id=map/A:a11/a1/s1/g1.83 tenant=A units=1 state=CANCELLED committed=10
t=39.013215 node=gpu event=gpu_finished op_id=map/A:a12/a1/s0/g1.91 tenant=A units=1 state=SUCCEEDED committed=10
t=39.015321 node=gpu event=gpu_accepted op_id=map/B:b3/a1/s5/g1.80 tenant=B units=2 state=PENDING committed=12
t=39.070905 node=gpu event=gpu_release_requested op_id=map/A:a12/a1/s0/g1.91 tenant=A units=1 state=SUCCEEDED committed=12
t=39.077470 node=gpu event=gpu_release_complete op_id=map/A:a11/a1/s1/g1.83 tenant=A units=1 state=CANCELLED committed=11
t=39.273386 node=gpu event=gpu_release_complete op_id=map/A:a12/a1/s0/g1.91 tenant=A units=1 state=SUCCEEDED committed=10
t=39.275603 node=gpu event=gpu_accepted op_id=map/A:a11/a1/s1/g1.94 tenant=A units=1 state=PENDING committed=11
t=39.408716 node=gpu event=gpu_finished op_id=map/B:b4/a1/s4/g1.89 tenant=B units=2 state=SUCCEEDED committed=11
t=39.536856 node=gpu event=gpu_release_requested op_id=map/B:b4/a1/s4/g1.89 tenant=B units=2 state=SUCCEEDED committed=11
t=39.621841 node=gpu event=gpu_release_complete op_id=map/B:b4/a1/s4/g1.89 tenant=B units=2 state=SUCCEEDED committed=9
t=39.677861 node=gpu event=gpu_started op_id=map/B:b4/a1/s5/g1.90 tenant=B units=2 state=RUNNING committed=9
t=39.783122 node=gpu event=gpu_accepted op_id=map/B:b4/a1/s3/g1.95 tenant=B units=2 state=PENDING committed=11
t=39.816520 node=gpu event=gpu_started op_id=map/A:a12/a1/s1/g1.92 tenant=A units=1 state=RUNNING committed=11
t=39.921360 node=gpu event=gpu_finished op_id=map/B:b4/a1/s0/g1.85 tenant=B units=2 state=SUCCEEDED committed=11
t=39.954893 node=gpu event=gpu_release_requested op_id=map/B:b4/a1/s0/g1.85 tenant=B units=2 state=SUCCEEDED committed=11
t=40.178336 node=gpu event=gpu_release_complete op_id=map/B:b4/a1/s0/g1.85 tenant=B units=2 state=SUCCEEDED committed=9
t=40.709962 node=gpu event=gpu_started op_id=map/A:a12/a1/s2/g1.93 tenant=A units=1 state=RUNNING committed=9
t=40.800658 node=gpu event=gpu_accepted op_id=map/A:a13/a1/s2/g1.98 tenant=A units=1 state=PENDING committed=10
t=40.801216 node=gpu event=gpu_accepted op_id=map/A:a13/a1/s0/g1.96 tenant=A units=1 state=PENDING committed=11
t=40.807018 node=gpu event=gpu_accepted op_id=map/A:a13/a1/s1/g1.97 tenant=A units=1 state=PENDING committed=12
t=40.816520 node=gpu event=gpu_finished op_id=map/A:a12/a1/s1/g1.92 tenant=A units=1 state=SUCCEEDED committed=12
t=40.988601 node=gpu event=gpu_release_requested op_id=map/A:a12/a1/s1/g1.92 tenant=A units=1 state=SUCCEEDED committed=12
t=41.084595 node=gpu event=gpu_release_complete op_id=map/A:a12/a1/s1/g1.92 tenant=A units=1 state=SUCCEEDED committed=11
t=41.177861 node=gpu event=gpu_finished op_id=map/B:b4/a1/s5/g1.90 tenant=B units=2 state=SUCCEEDED committed=11
t=41.189649 node=gpu event=gpu_started op_id=map/B:b3/a1/s5/g1.80 tenant=B units=2 state=RUNNING committed=11
t=41.272295 node=gpu event=gpu_release_requested op_id=map/B:b4/a1/s5/g1.90 tenant=B units=2 state=SUCCEEDED committed=11
t=41.322862 node=gpu event=gpu_started op_id=map/A:a11/a1/s1/g1.94 tenant=A units=1 state=RUNNING committed=11
t=41.325848 node=gpu event=gpu_release_complete op_id=map/B:b4/a1/s5/g1.90 tenant=B units=2 state=SUCCEEDED committed=9
t=41.583338 node=gpu event=gpu_accepted op_id=map/B:b4/a1/s1/g1.99 tenant=B units=2 state=PENDING committed=11
t=41.709962 node=gpu event=gpu_finished op_id=map/A:a12/a1/s2/g1.93 tenant=A units=1 state=SUCCEEDED committed=11
t=41.826084 node=gpu event=gpu_accepted op_id=reduce/A:a12/a1/r0 tenant=A units=1 state=PENDING committed=12
t=41.827597 node=gpu event=gpu_release_requested op_id=map/A:a12/a1/s2/g1.93 tenant=A units=1 state=SUCCEEDED committed=12
t=41.999099 node=gpu event=gpu_release_complete op_id=map/A:a12/a1/s2/g1.93 tenant=A units=1 state=SUCCEEDED committed=11
t=42.007770 node=gpu event=gpu_accepted op_id=map/A:a11/a1/s1/g1.101 tenant=A units=1 state=PENDING committed=12
t=42.272130 node=gpu event=gpu_started op_id=map/A:a13/a1/s1/g1.97 tenant=A units=1 state=RUNNING committed=12
t=42.322862 node=gpu event=gpu_finished op_id=map/A:a11/a1/s1/g1.94 tenant=A units=1 state=SUCCEEDED committed=12
t=42.455234 node=gpu event=gpu_release_requested op_id=map/A:a11/a1/s1/g1.94 tenant=A units=1 state=SUCCEEDED committed=12
t=42.462711 node=gpu event=gpu_started op_id=map/B:b4/a1/s3/g1.95 tenant=B units=2 state=RUNNING committed=12
t=42.556775 node=gpu event=gpu_cancelled op_id=map/A:a11/a1/s1/g1.101 tenant=A units=1 state=CANCELLED committed=12
t=42.569491 node=gpu event=gpu_release_requested op_id=map/A:a11/a1/s1/g1.101 tenant=A units=1 state=CANCELLED committed=12
t=42.596008 node=gpu event=gpu_release_complete op_id=map/A:a11/a1/s1/g1.94 tenant=A units=1 state=SUCCEEDED committed=11
t=42.635029 node=gpu event=gpu_release_complete op_id=map/A:a11/a1/s1/g1.101 tenant=A units=1 state=CANCELLED committed=10
t=42.682449 node=gpu event=gpu_accepted op_id=map/B:b4/a1/s2/g1.100 tenant=B units=2 state=PENDING committed=12
t=42.689649 node=gpu event=gpu_finished op_id=map/B:b3/a1/s5/g1.80 tenant=B units=2 state=SUCCEEDED committed=12
t=42.943634 node=gpu event=gpu_release_requested op_id=map/B:b3/a1/s5/g1.80 tenant=B units=2 state=SUCCEEDED committed=12
t=43.117870 node=gpu event=gpu_release_complete op_id=map/B:b3/a1/s5/g1.80 tenant=B units=2 state=SUCCEEDED committed=10
t=43.199764 node=gpu event=gpu_accepted op_id=reduce/B:b3/a1/r0 tenant=B units=1 state=PENDING committed=11
t=43.216851 node=gpu event=gpu_accepted op_id=reduce/A:a11/a1/r0 tenant=A units=1 state=PENDING committed=12
t=43.258301 node=gpu event=gpu_started op_id=map/A:a13/a1/s2/g1.98 tenant=A units=1 state=RUNNING committed=12
t=43.272130 node=gpu event=gpu_finished op_id=map/A:a13/a1/s1/g1.97 tenant=A units=1 state=SUCCEEDED committed=12
t=43.417196 node=gpu event=gpu_release_requested op_id=map/A:a13/a1/s1/g1.97 tenant=A units=1 state=SUCCEEDED committed=12
t=43.436388 node=gpu event=gpu_started op_id=map/A:a13/a1/s0/g1.96 tenant=A units=1 state=RUNNING committed=12
t=43.488597 node=gpu event=gpu_release_complete op_id=map/A:a13/a1/s1/g1.97 tenant=A units=1 state=SUCCEEDED committed=11
t=43.945309 node=gpu event=gpu_started op_id=map/B:b4/a1/s1/g1.99 tenant=B units=2 state=RUNNING committed=11
t=43.962711 node=gpu event=gpu_finished op_id=map/B:b4/a1/s3/g1.95 tenant=B units=2 state=SUCCEEDED committed=11
t=44.016753 node=gpu event=gpu_release_requested op_id=map/B:b4/a1/s3/g1.95 tenant=B units=2 state=SUCCEEDED committed=11
t=44.072901 node=gpu event=gpu_started op_id=reduce/A:a12/a1/r0 tenant=A units=1 state=RUNNING committed=11
t=44.193222 node=gpu event=gpu_release_complete op_id=map/B:b4/a1/s3/g1.95 tenant=B units=2 state=SUCCEEDED committed=9
t=44.258301 node=gpu event=gpu_finished op_id=map/A:a13/a1/s2/g1.98 tenant=A units=1 state=SUCCEEDED committed=9
t=44.280389 node=gpu event=gpu_accepted op_id=map/B:b4/a1/s3/g1.102 tenant=B units=2 state=PENDING committed=11
t=44.436388 node=gpu event=gpu_finished op_id=map/A:a13/a1/s0/g1.96 tenant=A units=1 state=SUCCEEDED committed=11
t=44.454135 node=gpu event=gpu_release_requested op_id=map/A:a13/a1/s2/g1.98 tenant=A units=1 state=SUCCEEDED committed=11
t=44.572901 node=gpu event=gpu_finished op_id=reduce/A:a12/a1/r0 tenant=A units=1 state=SUCCEEDED committed=11
t=44.724776 node=gpu event=gpu_release_requested op_id=map/A:a13/a1/s0/g1.96 tenant=A units=1 state=SUCCEEDED committed=11
t=44.732746 node=gpu event=gpu_release_complete op_id=map/A:a13/a1/s2/g1.98 tenant=A units=1 state=SUCCEEDED committed=10
t=44.806467 node=gpu event=gpu_started op_id=reduce/A:a11/a1/r0 tenant=A units=1 state=RUNNING committed=10
t=44.845834 node=gpu event=gpu_release_complete op_id=map/A:a13/a1/s0/g1.96 tenant=A units=1 state=SUCCEEDED committed=9
t=44.857877 node=gpu event=gpu_accepted op_id=map/B:b5/a1/s3/g1.106 tenant=B units=2 state=PENDING committed=11
t=44.917412 node=gpu event=gpu_accepted op_id=map/A:a14/a1/s0/g1.109 tenant=A units=1 state=PENDING committed=12
t=45.227737 node=gpu event=gpu_started op_id=map/B:b4/a1/s3/g1.102 tenant=B units=2 state=RUNNING committed=12
t=45.294784 node=gpu event=gpu_started op_id=map/B:b4/a1/s2/g1.100 tenant=B units=2 state=RUNNING committed=12
t=45.306467 node=gpu event=gpu_finished op_id=reduce/A:a11/a1/r0 tenant=A units=1 state=SUCCEEDED committed=12
t=45.320992 node=gpu event=gpu_release_requested op_id=reduce/A:a11/a1/r0 tenant=A units=1 state=SUCCEEDED committed=12
t=45.445309 node=gpu event=gpu_finished op_id=map/B:b4/a1/s1/g1.99 tenant=B units=2 state=SUCCEEDED committed=12
t=45.456832 node=gpu event=gpu_release_requested op_id=reduce/A:a12/a1/r0 tenant=A units=1 state=SUCCEEDED committed=12
t=45.509418 node=gpu event=gpu_release_requested op_id=map/B:b4/a1/s1/g1.99 tenant=B units=2 state=SUCCEEDED committed=12
t=45.602413 node=gpu event=gpu_release_complete op_id=reduce/A:a11/a1/r0 tenant=A units=1 state=SUCCEEDED committed=11
t=45.621673 node=gpu event=gpu_release_complete op_id=reduce/A:a12/a1/r0 tenant=A units=1 state=SUCCEEDED committed=10
t=45.658991 node=gpu event=gpu_release_complete op_id=map/B:b4/a1/s1/g1.99 tenant=B units=2 state=SUCCEEDED committed=8
t=45.705565 node=gpu event=gpu_accepted op_id=map/A:a14/a1/s1/g1.110 tenant=A units=1 state=PENDING committed=9
t=45.825968 node=gpu event=gpu_started op_id=map/A:a14/a1/s0/g1.109 tenant=A units=1 state=RUNNING committed=9
t=45.931167 node=gpu event=gpu_started op_id=reduce/B:b3/a1/r0 tenant=B units=1 state=RUNNING committed=9
t=45.951154 node=gpu event=gpu_accepted op_id=map/B:b4/a1/s2/g1.87 tenant=B units=2 state=PENDING committed=11
t=46.394435 node=gpu event=gpu_started op_id=map/B:b5/a1/s3/g1.106 tenant=B units=2 state=RUNNING committed=11
t=46.431167 node=gpu event=gpu_finished op_id=reduce/B:b3/a1/r0 tenant=B units=1 state=SUCCEEDED committed=11
t=46.585087 node=gpu event=gpu_release_requested op_id=reduce/B:b3/a1/r0 tenant=B units=1 state=SUCCEEDED committed=11
t=46.727737 node=gpu event=gpu_finished op_id=map/B:b4/a1/s3/g1.102 tenant=B units=2 state=SUCCEEDED committed=11
t=46.794784 node=gpu event=gpu_finished op_id=map/B:b4/a1/s2/g1.100 tenant=B units=2 state=SUCCEEDED committed=11
t=46.825968 node=gpu event=gpu_finished op_id=map/A:a14/a1/s0/g1.109 tenant=A units=1 state=SUCCEEDED committed=11
t=46.830618 node=gpu event=gpu_release_complete op_id=reduce/B:b3/a1/r0 tenant=B units=1 state=SUCCEEDED committed=10
t=46.858984 node=gpu event=gpu_release_requested op_id=map/B:b4/a1/s3/g1.102 tenant=B units=2 state=SUCCEEDED committed=10
t=46.902691 node=gpu event=gpu_accepted op_id=reduce/B:b4/a1/r0 tenant=B units=1 state=PENDING committed=11
t=46.906068 node=gpu event=gpu_release_requested op_id=map/B:b4/a1/s2/g1.100 tenant=B units=2 state=SUCCEEDED committed=11
t=46.918141 node=gpu event=gpu_release_complete op_id=map/B:b4/a1/s3/g1.102 tenant=B units=2 state=SUCCEEDED committed=9
t=46.990319 node=gpu event=gpu_cancelled op_id=map/B:b4/a1/s2/g1.87 tenant=B units=2 state=CANCELLED committed=9
t=47.005193 node=gpu event=gpu_accepted op_id=map/A:a15/a1/s0/g1.114 tenant=A units=1 state=PENDING committed=10
t=47.006870 node=gpu event=gpu_accepted op_id=map/A:a15/a1/s1/g1.115 tenant=A units=1 state=PENDING committed=11
t=47.011805 node=gpu event=gpu_accepted op_id=map/A:a14/a1/s2/g1.111 tenant=A units=1 state=PENDING committed=12
t=47.023825 node=gpu event=gpu_release_requested op_id=map/B:b4/a1/s2/g1.87 tenant=B units=2 state=CANCELLED committed=12
t=47.070383 node=gpu event=gpu_release_requested op_id=map/A:a14/a1/s0/g1.109 tenant=A units=1 state=SUCCEEDED committed=12
t=47.095021 node=gpu event=gpu_release_complete op_id=map/B:b4/a1/s2/g1.87 tenant=B units=2 state=CANCELLED committed=10
t=47.118925 node=gpu event=gpu_release_complete op_id=map/B:b4/a1/s2/g1.100 tenant=B units=2 state=SUCCEEDED committed=8
t=47.285267 node=gpu event=gpu_accepted op_id=map/A:a13/a1/s2/g1.112 tenant=A units=1 state=PENDING committed=9
t=47.285267 node=gpu event=gpu_accepted op_id=map/B:b5/a1/s2/g1.113 tenant=B units=2 state=PENDING committed=11
t=47.326207 node=gpu event=gpu_release_complete op_id=map/A:a14/a1/s0/g1.109 tenant=A units=1 state=SUCCEEDED committed=10
t=47.393909 node=gpu event=gpu_accepted op_id=map/B:b5/a1/s1/g1.104 tenant=B units=2 state=PENDING committed=12
t=47.585319 node=gpu event=gpu_started op_id=map/A:a15/a1/s1/g1.115 tenant=A units=1 state=RUNNING committed=12
t=47.722554 node=gpu event=gpu_started op_id=map/A:a14/a1/s1/g1.110 tenant=A units=1 state=RUNNING committed=12
t=47.894435 node=gpu event=gpu_finished op_id=map/B:b5/a1/s3/g1.106 tenant=B units=2 state=SUCCEEDED committed=12
t=47.955232 node=gpu event=gpu_started op_id=map/B:b5/a1/s1/g1.104 tenant=B units=2 state=RUNNING committed=12
t=48.003932 node=gpu event=gpu_release_requested op_id=map/B:b5/a1/s3/g1.106 tenant=B units=2 state=SUCCEEDED committed=12
t=48.176371 node=gpu event=gpu_started op_id=map/A:a15/a1/s0/g1.114 tenant=A units=1 state=RUNNING committed=12
t=48.202448 node=gpu event=gpu_started op_id=map/B:b5/a1/s2/g1.113 tenant=B units=2 state=RUNNING committed=12
t=48.216980 node=gpu event=gpu_release_complete op_id=map/B:b5/a1/s3/g1.106 tenant=B units=2 state=SUCCEEDED committed=10
t=48.394837 node=gpu event=gpu_accepted op_id=map/B:b5/a1/s4/g1.107 tenant=B units=2 state=PENDING committed=12
t=48.585319 node=gpu event=gpu_finished op_id=map/A:a15/a1/s1/g1.115 tenant=A units=1 state=SUCCEEDED committed=12
t=48.722554 node=gpu event=gpu_finished op_id=map/A:a14/a1/s1/g1.110 tenant=A units=1 state=SUCCEEDED committed=12
t=48.871687 node=gpu event=gpu_release_requested op_id=map/A:a15/a1/s1/g1.115 tenant=A units=1 state=SUCCEEDED committed=12
t=48.889036 node=gpu event=gpu_started op_id=reduce/B:b4/a1/r0 tenant=B units=1 state=RUNNING committed=12
t=48.918369 node=gpu event=gpu_release_requested op_id=map/A:a14/a1/s1/g1.110 tenant=A units=1 state=SUCCEEDED committed=12
t=48.929910 node=gpu event=gpu_release_complete op_id=map/A:a15/a1/s1/g1.115 tenant=A units=1 state=SUCCEEDED committed=11
t=49.176371 node=gpu event=gpu_finished op_id=map/A:a15/a1/s0/g1.114 tenant=A units=1 state=SUCCEEDED committed=11
t=49.194232 node=gpu event=gpu_accepted op_id=map/A:a15/a1/s2/g1.116 tenant=A units=1 state=PENDING committed=12
t=49.211913 node=gpu event=gpu_release_complete op_id=map/A:a14/a1/s1/g1.110 tenant=A units=1 state=SUCCEEDED committed=11
t=49.285652 node=gpu event=gpu_started op_id=map/A:a14/a1/s2/g1.111 tenant=A units=1 state=RUNNING committed=11
t=49.300228 node=gpu event=gpu_accepted op_id=map/A:a16/a1/s0/g1.117 tenant=A units=1 state=PENDING committed=12
t=49.367152 node=gpu event=gpu_release_requested op_id=map/A:a15/a1/s0/g1.114 tenant=A units=1 state=SUCCEEDED committed=12
t=49.389036 node=gpu event=gpu_finished op_id=reduce/B:b4/a1/r0 tenant=B units=1 state=SUCCEEDED committed=12
t=49.455232 node=gpu event=gpu_finished op_id=map/B:b5/a1/s1/g1.104 tenant=B units=2 state=SUCCEEDED committed=12
t=49.497322 node=gpu event=gpu_release_requested op_id=map/B:b5/a1/s1/g1.104 tenant=B units=2 state=SUCCEEDED committed=12
t=49.538592 node=gpu event=gpu_release_complete op_id=map/A:a15/a1/s0/g1.114 tenant=A units=1 state=SUCCEEDED committed=11
t=49.554080 node=gpu event=gpu_release_requested op_id=reduce/B:b4/a1/r0 tenant=B units=1 state=SUCCEEDED committed=11
t=49.619742 node=gpu event=gpu_accepted op_id=map/A:a16/a1/s1/g1.118 tenant=A units=1 state=PENDING committed=12
t=49.675496 node=gpu event=gpu_release_complete op_id=map/B:b5/a1/s1/g1.104 tenant=B units=2 state=SUCCEEDED committed=10
t=49.702448 node=gpu event=gpu_finished op_id=map/B:b5/a1/s2/g1.113 tenant=B units=2 state=SUCCEEDED committed=10
t=49.827068 node=gpu event=gpu_accepted op_id=map/B:b5/a1/s4/g1.120 tenant=B units=2 state=PENDING committed=12
t=49.830901 node=gpu event=gpu_release_complete op_id=reduce/B:b4/a1/r0 tenant=B units=1 state=SUCCEEDED committed=11
t=49.875688 node=gpu event=gpu_accepted op_id=map/A:a16/a1/s2/g1.119 tenant=A units=1 state=PENDING committed=12
t=49.904684 node=gpu event=gpu_started op_id=map/B:b5/a1/s4/g1.107 tenant=B units=2 state=RUNNING committed=12
t=49.919531 node=gpu event=gpu_release_requested op_id=map/B:b5/a1/s2/g1.113 tenant=B units=2 state=SUCCEEDED committed=12
t=49.976622 node=gpu event=gpu_release_complete op_id=map/B:b5/a1/s2/g1.113 tenant=B units=2 state=SUCCEEDED committed=10
t=49.983333 node=gpu event=gpu_started op_id=map/A:a13/a1/s2/g1.112 tenant=A units=1 state=RUNNING committed=10
t=50.208267 node=gpu event=gpu_accepted op_id=map/B:b5/a1/s5/g1.121 tenant=B units=2 state=PENDING committed=12
t=50.237049 node=gpu event=gpu_cancelled op_id=map/B:b5/a1/s4/g1.107 tenant=B units=2 state=CANCELLED committed=12
t=50.254914 node=gpu event=gpu_release_requested op_id=map/B:b5/a1/s4/g1.107 tenant=B units=2 state=CANCELLED committed=12
t=50.285652 node=gpu event=gpu_finished op_id=map/A:a14/a1/s2/g1.111 tenant=A units=1 state=SUCCEEDED committed=12
t=50.388195 node=gpu event=gpu_release_complete op_id=map/B:b5/a1/s4/g1.107 tenant=B units=2 state=CANCELLED committed=10
t=50.394945 node=gpu event=gpu_accepted op_id=reduce/A:a14/a1/r0 tenant=A units=1 state=PENDING committed=11
t=50.425380 node=gpu event=gpu_release_requested op_id=map/A:a14/a1/s2/g1.111 tenant=A units=1 state=SUCCEEDED committed=11
t=50.427643 node=gpu event=gpu_accepted op_id=map/A:a15/a1/s2/g1.124 tenant=A units=1 state=PENDING committed=12
t=50.556872 node=gpu event=gpu_started op_id=map/A:a15/a1/s2/g1.116 tenant=A units=1 state=RUNNING committed=12
t=50.563292 node=gpu event=gpu_release_complete op_id=map/A:a14/a1/s2/g1.111 tenant=A units=1 state=SUCCEEDED committed=11
t=50.974834 node=gpu event=gpu_started op_id=map/B:b5/a1/s5/g1.121 tenant=B units=2 state=RUNNING committed=11
t=50.983333 node=gpu event=gpu_finished op_id=map/A:a13/a1/s2/g1.112 tenant=A units=1 state=SUCCEEDED committed=11
t=51.012550 node=gpu event=gpu_accepted op_id=map/A:a13/a1/s2/g1.122 tenant=A units=1 state=PENDING committed=12
t=51.231134 node=gpu event=gpu_release_requested op_id=map/A:a13/a1/s2/g1.112 tenant=A units=1 state=SUCCEEDED committed=12
t=51.277857 node=gpu event=gpu_cancelled op_id=map/A:a13/a1/s2/g1.122 tenant=A units=1 state=CANCELLED committed=12
t=51.301645 node=gpu event=gpu_release_requested op_id=map/A:a13/a1/s2/g1.122 tenant=A units=1 state=CANCELLED committed=12
t=51.368486 node=gpu event=gpu_release_complete op_id=map/A:a13/a1/s2/g1.122 tenant=A units=1 state=CANCELLED committed=11
t=51.379868 node=gpu event=gpu_release_complete op_id=map/A:a13/a1/s2/g1.112 tenant=A units=1 state=SUCCEEDED committed=10
t=51.407860 node=gpu event=gpu_accepted op_id=map/B:b6/a1/s2/g1.128 tenant=B units=2 state=PENDING committed=12
t=51.556872 node=gpu event=gpu_finished op_id=map/A:a15/a1/s2/g1.116 tenant=A units=1 state=SUCCEEDED committed=12
t=51.731319 node=gpu event=gpu_started op_id=map/A:a16/a1/s1/g1.118 tenant=A units=1 state=RUNNING committed=12
t=51.798500 node=gpu event=gpu_started op_id=map/A:a15/a1/s2/g1.124 tenant=A units=1 state=RUNNING committed=12
t=51.815381 node=gpu event=gpu_started op_id=map/A:a16/a1/s0/g1.117 tenant=A units=1 state=RUNNING committed=12
t=51.821462 node=gpu event=gpu_release_requested op_id=map/A:a15/a1/s2/g1.116 tenant=A units=1 state=SUCCEEDED committed=12
t=51.983260 node=gpu event=gpu_cancelled op_id=map/A:a15/a1/s2/g1.124 tenant=A units=1 state=CANCELLED committed=12
t=51.993963 node=gpu event=gpu_release_requested op_id=map/A:a15/a1/s2/g1.124 tenant=A units=1 state=CANCELLED committed=12
t=52.095554 node=gpu event=gpu_release_complete op_id=map/A:a15/a1/s2/g1.116 tenant=A units=1 state=SUCCEEDED committed=11
t=52.097886 node=gpu event=gpu_started op_id=map/B:b6/a1/s2/g1.128 tenant=B units=2 state=RUNNING committed=11
t=52.212089 node=gpu event=gpu_release_complete op_id=map/A:a15/a1/s2/g1.124 tenant=A units=1 state=CANCELLED committed=10
t=52.457662 node=gpu event=gpu_started op_id=map/B:b5/a1/s4/g1.120 tenant=B units=2 state=RUNNING committed=10
t=52.474834 node=gpu event=gpu_finished op_id=map/B:b5/a1/s5/g1.121 tenant=B units=2 state=SUCCEEDED committed=10
t=52.578504 node=gpu event=gpu_accepted op_id=reduce/A:a15/a1/r0 tenant=A units=1 state=PENDING committed=11
t=52.625589 node=gpu event=gpu_release_requested op_id=map/B:b5/a1/s5/g1.121 tenant=B units=2 state=SUCCEEDED committed=11
t=52.669589 node=gpu event=gpu_started op_id=map/A:a16/a1/s2/g1.119 tenant=A units=1 state=RUNNING committed=11
t=52.708490 node=gpu event=gpu_release_complete op_id=map/B:b5/a1/s5/g1.121 tenant=B units=2 state=SUCCEEDED committed=9
t=52.731319 node=gpu event=gpu_finished op_id=map/A:a16/a1/s1/g1.118 tenant=A units=1 state=SUCCEEDED committed=9
t=52.802966 node=gpu event=gpu_accepted op_id=map/B:b6/a1/s5/g1.131 tenant=B units=2 state=PENDING committed=11
t=52.815381 node=gpu event=gpu_finished op_id=map/A:a16/a1/s0/g1.117 tenant=A units=1 state=SUCCEEDED committed=11
t=52.953154 node=gpu event=gpu_release_requested op_id=map/A:a16/a1/s0/g1.117 tenant=A units=1 state=SUCCEEDED committed=11
t=53.007635 node=gpu event=gpu_accepted op_id=reduce/A:a13/a1/r0 tenant=A units=1 state=PENDING committed=12
t=53.113852 node=gpu event=gpu_release_complete op_id=map/A:a16/a1/s0/g1.117 tenant=A units=1 state=SUCCEEDED committed=11
t=53.205750 node=gpu event=gpu_accepted op_id=map/A:a17/a1/s0/g1.132 tenant=A units=1 state=PENDING committed=12
t=53.229443 node=gpu event=gpu_release_requested op_id=map/A:a16/a1/s1/g1.118 tenant=A units=1 state=SUCCEEDED committed=12
t=53.363055 node=gpu event=gpu_started op_id=reduce/A:a14/a1/r0 tenant=A units=1 state=RUNNING committed=12
t=53.397643 node=gpu event=gpu_release_complete op_id=map/A:a16/a1/s1/g1.118 tenant=A units=1 state=SUCCEEDED committed=11
t=53.597886 node=gpu event=gpu_finished op_id=map/B:b6/a1/s2/g1.128 tenant=B units=2 state=SUCCEEDED committed=11
t=53.669589 node=gpu event=gpu_finished op_id=map/A:a16/a1/s2/g1.119 tenant=A units=1 state=SUCCEEDED committed=11
t=53.710097 node=gpu event=gpu_started op_id=map/B:b6/a1/s5/g1.131 tenant=B units=2 state=RUNNING committed=11
t=53.795484 node=gpu event=gpu_release_requested op_id=map/B:b6/a1/s2/g1.128 tenant=B units=2 state=SUCCEEDED committed=11
t=53.831431 node=gpu event=gpu_accepted op_id=reduce/A:a16/a1/r0 tenant=A units=1 state=PENDING committed=12
t=53.834877 node=gpu event=gpu_release_requested op_id=map/A:a16/a1/s2/g1.119 tenant=A units=1 state=SUCCEEDED committed=12
t=53.863055 node=gpu event=gpu_finished op_id=reduce/A:a14/a1/r0 tenant=A units=1 state=SUCCEEDED committed=12
t=53.957662 node=gpu event=gpu_finished op_id=map/B:b5/a1/s4/g1.120 tenant=B units=2 state=SUCCEEDED committed=12
t=53.968253 node=gpu event=gpu_release_complete op_id=map/A:a16/a1/s2/g1.119 tenant=A units=1 state=SUCCEEDED committed=11
t=54.000611 node=gpu event=gpu_release_requested op_id=map/B:b5/a1/s4/g1.120 tenant=B units=2 state=SUCCEEDED committed=11
t=54.045472 node=gpu event=gpu_release_complete op_id=map/B:b6/a1/s2/g1.128 tenant=B units=2 state=SUCCEEDED committed=9
t=54.059016 node=gpu event=gpu_release_requested op_id=reduce/A:a14/a1/r0 tenant=A units=1 state=SUCCEEDED committed=9
t=54.172095 node=gpu event=gpu_accepted op_id=map/A:a17/a1/s1/g1.133 tenant=A units=1 state=PENDING committed=10
t=54.172095 node=gpu event=gpu_accepted op_id=map/A:a17/a1/s2/g1.134 tenant=A units=1 state=PENDING committed=11
t=54.280193 node=gpu event=gpu_release_complete op_id=map/B:b5/a1/s4/g1.120 tenant=B units=2 state=SUCCEEDED committed=9
t=54.350220 node=gpu event=gpu_release_complete op_id=reduce/A:a14/a1/r0 tenant=A units=1 state=SUCCEEDED committed=8
t=54.513681 node=gpu event=gpu_started op_id=reduce/A:a15/a1/r0 tenant=A units=1 state=RUNNING committed=8
t=54.537966 node=gpu event=gpu_started op_id=reduce/A:a13/a1/r0 tenant=A units=1 state=RUNNING committed=8
t=54.949428 node=gpu event=gpu_started op_id=map/A:a17/a1/s0/g1.132 tenant=A units=1 state=RUNNING committed=8
t=55.013681 node=gpu event=gpu_finished op_id=reduce/A:a15/a1/r0 tenant=A units=1 state=SUCCEEDED committed=8
t=55.037966 node=gpu event=gpu_finished op_id=reduce/A:a13/a1/r0 tenant=A units=1 state=SUCCEEDED committed=8
t=55.098387 node=gpu event=gpu_accepted op_id=map/B:b6/a1/s0/g1.126 tenant=B units=2 state=PENDING committed=10
t=55.125472 node=gpu event=gpu_release_requested op_id=reduce/A:a13/a1/r0 tenant=A units=1 state=SUCCEEDED committed=10
t=55.210097 node=gpu event=gpu_finished op_id=map/B:b6/a1/s5/g1.131 tenant=B units=2 state=SUCCEEDED committed=10
t=55.237980 node=gpu event=gpu_release_requested op_id=reduce/A:a15/a1/r0 tenant=A units=1 state=SUCCEEDED committed=10
t=55.313323 node=gpu event=gpu_accepted op_id=map/B:b6/a1/s5/g1.136 tenant=B units=2 state=PENDING committed=12
t=55.347277 node=gpu event=gpu_release_complete op_id=reduce/A:a13/a1/r0 tenant=A units=1 state=SUCCEEDED committed=11
t=55.453826 node=gpu event=gpu_release_complete op_id=reduce/A:a15/a1/r0 tenant=A units=1 state=SUCCEEDED committed=10
t=55.492659 node=gpu event=gpu_release_requested op_id=map/B:b6/a1/s5/g1.131 tenant=B units=2 state=SUCCEEDED committed=10
t=55.544651 node=gpu event=gpu_release_complete op_id=map/B:b6/a1/s5/g1.131 tenant=B units=2 state=SUCCEEDED committed=8
t=55.601040 node=gpu event=gpu_accepted op_id=map/B:b6/a1/s1/g1.135 tenant=B units=2 state=PENDING committed=10
t=55.704283 node=gpu event=gpu_accepted op_id=map/B:b6/a1/s4/g1.130 tenant=B units=2 state=PENDING committed=12
t=55.949428 node=gpu event=gpu_finished op_id=map/A:a17/a1/s0/g1.132 tenant=A units=1 state=SUCCEEDED committed=12
t=56.113040 node=gpu event=gpu_release_requested op_id=map/A:a17/a1/s0/g1.132 tenant=A units=1 state=SUCCEEDED committed=12
t=56.211733 node=gpu event=gpu_release_complete op_id=map/A:a17/a1/s0/g1.132 tenant=A units=1 state=SUCCEEDED committed=11
t=56.268933 node=gpu event=gpu_started op_id=map/B:b6/a1/s4/g1.130 tenant=B units=2 state=RUNNING committed=11
t=56.444148 node=gpu event=gpu_started op_id=map/A:a17/a1/s1/g1.133 tenant=A units=1 state=RUNNING committed=11
t=56.446812 node=gpu event=gpu_started op_id=reduce/A:a16/a1/r0 tenant=A units=1 state=RUNNING committed=11
t=56.459618 node=gpu event=gpu_started op_id=map/B:b6/a1/s5/g1.136 tenant=B units=2 state=RUNNING committed=11
t=56.482117 node=gpu event=gpu_accepted op_id=map/A:a18/a1/s0/g1.137 tenant=A units=1 state=PENDING committed=12
t=56.489016 node=gpu event=gpu_started op_id=map/A:a17/a1/s2/g1.134 tenant=A units=1 state=RUNNING committed=12
t=56.946812 node=gpu event=gpu_finished op_id=reduce/A:a16/a1/r0 tenant=A units=1 state=SUCCEEDED committed=12
t=56.960630 node=gpu event=gpu_release_requested op_id=reduce/A:a16/a1/r0 tenant=A units=1 state=SUCCEEDED committed=12
t=57.061303 node=gpu event=gpu_release_complete op_id=reduce/A:a16/a1/r0 tenant=A units=1 state=SUCCEEDED committed=11
t=57.444148 node=gpu event=gpu_finished op_id=map/A:a17/a1/s1/g1.133 tenant=A units=1 state=SUCCEEDED committed=11
t=57.489016 node=gpu event=gpu_finished op_id=map/A:a17/a1/s2/g1.134 tenant=A units=1 state=SUCCEEDED committed=11
t=57.513040 node=gpu event=gpu_release_requested op_id=map/A:a17/a1/s1/g1.133 tenant=A units=1 state=SUCCEEDED committed=11
t=57.520393 node=gpu event=gpu_accepted op_id=map/A:a18/a1/s1/g1.138 tenant=A units=1 state=PENDING committed=12
t=57.565060 node=gpu event=gpu_release_requested op_id=map/A:a17/a1/s2/g1.134 tenant=A units=1 state=SUCCEEDED committed=12
t=57.606547 node=gpu event=gpu_started op_id=map/B:b6/a1/s1/g1.135 tenant=B units=2 state=RUNNING committed=12
t=57.717406 node=gpu event=gpu_release_complete op_id=map/A:a17/a1/s1/g1.133 tenant=A units=1 state=SUCCEEDED committed=11
t=57.730453 node=gpu event=gpu_release_complete op_id=map/A:a17/a1/s2/g1.134 tenant=A units=1 state=SUCCEEDED committed=10
t=57.768933 node=gpu event=gpu_finished op_id=map/B:b6/a1/s4/g1.130 tenant=B units=2 state=SUCCEEDED committed=10
t=57.811915 node=gpu event=gpu_accepted op_id=reduce/A:a17/a1/r0 tenant=A units=1 state=PENDING committed=11
t=57.909031 node=gpu event=gpu_started op_id=map/B:b6/a1/s0/g1.126 tenant=B units=2 state=RUNNING committed=11
t=57.959618 node=gpu event=gpu_finished op_id=map/B:b6/a1/s5/g1.136 tenant=B units=2 state=SUCCEEDED committed=11
t=58.223357 node=gpu event=gpu_release_requested op_id=map/B:b6/a1/s5/g1.136 tenant=B units=2 state=SUCCEEDED committed=11
t=58.300792 node=gpu event=gpu_accepted op_id=map/A:a19/a1/s0/g1.140 tenant=A units=1 state=PENDING committed=12
t=58.518270 node=gpu event=gpu_release_complete op_id=map/B:b6/a1/s5/g1.136 tenant=B units=2 state=SUCCEEDED committed=10
t=58.559671 node=gpu event=gpu_accepted op_id=map/A:a19/a1/s1/g1.141 tenant=A units=1 state=PENDING committed=11
t=58.579809 node=gpu event=gpu_accepted op_id=map/A:a19/a1/s2/g1.142 tenant=A units=1 state=PENDING committed=12
t=58.803562 node=gpu event=gpu_started op_id=map/A:a18/a1/s0/g1.137 tenant=A units=1 state=RUNNING committed=12
t=58.908223 node=gpu event=gpu_started op_id=reduce/A:a17/a1/r0 tenant=A units=1 state=RUNNING committed=12
t=59.106547 node=gpu event=gpu_finished op_id=map/B:b6/a1/s1/g1.135 tenant=B units=2 state=SUCCEEDED committed=12
t=59.112120 node=gpu event=gpu_release_requested op_id=map/B:b6/a1/s4/g1.130 tenant=B units=2 state=SUCCEEDED committed=12
t=59.214993 node=gpu event=gpu_release_requested op_id=map/B:b6/a1/s1/g1.135 tenant=B units=2 state=SUCCEEDED committed=12
t=59.319521 node=gpu event=gpu_release_complete op_id=map/B:b6/a1/s4/g1.130 tenant=B units=2 state=SUCCEEDED committed=10
t=59.408223 node=gpu event=gpu_finished op_id=reduce/A:a17/a1/r0 tenant=A units=1 state=SUCCEEDED committed=10
t=59.408490 node=gpu event=gpu_accepted op_id=map/B:b6/a1/s3/g1.144 tenant=B units=2 state=PENDING committed=12
t=59.409031 node=gpu event=gpu_finished op_id=map/B:b6/a1/s0/g1.126 tenant=B units=2 state=SUCCEEDED committed=12
t=59.481450 node=gpu event=gpu_release_complete op_id=map/B:b6/a1/s1/g1.135 tenant=B units=2 state=SUCCEEDED committed=10
t=59.508407 node=gpu event=gpu_accepted op_id=map/B:b7/a1/s0/g1.145 tenant=B units=2 state=PENDING committed=12
t=59.559120 node=gpu event=gpu_release_requested op_id=map/B:b6/a1/s0/g1.126 tenant=B units=2 state=SUCCEEDED committed=12
t=59.624114 node=gpu event=gpu_release_requested op_id=reduce/A:a17/a1/r0 tenant=A units=1 state=SUCCEEDED committed=12
t=59.660828 node=gpu event=gpu_started op_id=map/A:a19/a1/s0/g1.140 tenant=A units=1 state=RUNNING committed=12
t=59.803562 node=gpu event=gpu_finished op_id=map/A:a18/a1/s0/g1.137 tenant=A units=1 state=SUCCEEDED committed=12
t=59.817957 node=gpu event=gpu_release_complete op_id=map/B:b6/a1/s0/g1.126 tenant=B units=2 state=SUCCEEDED committed=10
t=59.818381 node=gpu event=gpu_release_complete op_id=reduce/A:a17/a1/r0 tenant=A units=1 state=SUCCEEDED committed=9
t=59.837902 node=gpu event=gpu_started op_id=map/A:a18/a1/s1/g1.138 tenant=A units=1 state=RUNNING committed=9
t=59.906048 node=gpu event=gpu_accepted op_id=map/B:b7/a1/s1/g1.146 tenant=B units=2 state=PENDING committed=11
t=59.916678 node=gpu event=gpu_release_requested op_id=map/A:a18/a1/s0/g1.137 tenant=A units=1 state=SUCCEEDED committed=11
t=59.949658 node=gpu event=gpu_started op_id=map/A:a19/a1/s2/g1.142 tenant=A units=1 state=RUNNING committed=11
t=60.172156 node=gpu event=gpu_release_complete op_id=map/A:a18/a1/s0/g1.137 tenant=A units=1 state=SUCCEEDED committed=10
t=60.179296 node=gpu event=gpu_started op_id=map/A:a19/a1/s1/g1.141 tenant=A units=1 state=RUNNING committed=10
t=60.245212 node=gpu event=gpu_started op_id=map/B:b6/a1/s3/g1.144 tenant=B units=2 state=RUNNING committed=10
t=60.255717 node=gpu event=gpu_accepted op_id=map/B:b7/a1/s2/g1.147 tenant=B units=2 state=PENDING committed=12
t=60.652164 node=gpu event=gpu_cancelled op_id=map/A:a18/a1/s1/g1.138 tenant=A units=1 state=CANCELLED committed=12
t=60.660828 node=gpu event=gpu_finished op_id=map/A:a19/a1/s0/g1.140 tenant=A units=1 state=SUCCEEDED committed=12
t=60.676185 node=gpu event=gpu_release_requested op_id=map/A:a18/a1/s1/g1.138 tenant=A units=1 state=CANCELLED committed=12
t=60.801776 node=gpu event=gpu_started op_id=map/B:b7/a1/s1/g1.146 tenant=B units=2 state=RUNNING committed=12
t=60.903892 node=gpu event=gpu_release_requested op_id=map/A:a19/a1/s0/g1.140 tenant=A units=1 state=SUCCEEDED committed=12
t=60.948387 node=gpu event=gpu_release_complete op_id=map/A:a18/a1/s1/g1.138 tenant=A units=1 state=CANCELLED committed=11
t=60.949658 node=gpu event=gpu_finished op_id=map/A:a19/a1/s2/g1.142 tenant=A units=1 state=SUCCEEDED committed=11
t=61.133992 node=gpu event=gpu_release_complete op_id=map/A:a19/a1/s0/g1.140 tenant=A units=1 state=SUCCEEDED committed=10
t=61.179296 node=gpu event=gpu_finished op_id=map/A:a19/a1/s1/g1.141 tenant=A units=1 state=SUCCEEDED committed=10
t=61.231860 node=gpu event=gpu_release_requested op_id=map/A:a19/a1/s2/g1.142 tenant=A units=1 state=SUCCEEDED committed=10
t=61.385778 node=gpu event=gpu_accepted op_id=map/B:b7/a1/s3/g1.148 tenant=B units=2 state=PENDING committed=12
t=61.429189 node=gpu event=gpu_release_requested op_id=map/A:a19/a1/s1/g1.141 tenant=A units=1 state=SUCCEEDED committed=12
t=61.485222 node=gpu event=gpu_release_complete op_id=map/A:a19/a1/s1/g1.141 tenant=A units=1 state=SUCCEEDED committed=11
t=61.496374 node=gpu event=gpu_release_complete op_id=map/A:a19/a1/s2/g1.142 tenant=A units=1 state=SUCCEEDED committed=10
t=61.524551 node=gpu event=gpu_accepted op_id=map/A:a18/a1/s1/g1.151 tenant=A units=1 state=PENDING committed=11
t=61.524551 node=gpu event=gpu_accepted op_id=map/A:a18/a1/s2/g1.152 tenant=A units=1 state=PENDING committed=12
t=61.745212 node=gpu event=gpu_finished op_id=map/B:b6/a1/s3/g1.144 tenant=B units=2 state=SUCCEEDED committed=12
t=61.948621 node=gpu event=gpu_started op_id=map/B:b7/a1/s0/g1.145 tenant=B units=2 state=RUNNING committed=12
t=62.002041 node=gpu event=gpu_release_requested op_id=map/B:b6/a1/s3/g1.144 tenant=B units=2 state=SUCCEEDED committed=12
t=62.060554 node=gpu event=gpu_started op_id=map/B:b7/a1/s2/g1.147 tenant=B units=2 state=RUNNING committed=12
t=62.160016 node=gpu event=gpu_release_complete op_id=map/B:b6/a1/s3/g1.144 tenant=B units=2 state=SUCCEEDED committed=10
t=62.177172 node=gpu event=gpu_accepted op_id=reduce/A:a19/a1/r0 tenant=A units=1 state=PENDING committed=11
t=62.276511 node=gpu event=gpu_accepted op_id=reduce/B:b6/a1/r0 tenant=B units=1 state=PENDING committed=12
t=62.301776 node=gpu event=gpu_finished op_id=map/B:b7/a1/s1/g1.146 tenant=B units=2 state=SUCCEEDED committed=12
t=62.532503 node=gpu event=gpu_release_requested op_id=map/B:b7/a1/s1/g1.146 tenant=B units=2 state=SUCCEEDED committed=12
t=62.665528 node=gpu event=gpu_started op_id=map/B:b7/a1/s3/g1.148 tenant=B units=2 state=RUNNING committed=12
t=62.730306 node=gpu event=gpu_release_complete op_id=map/B:b7/a1/s1/g1.146 tenant=B units=2 state=SUCCEEDED committed=10
t=63.448621 node=gpu event=gpu_finished op_id=map/B:b7/a1/s0/g1.145 tenant=B units=2 state=SUCCEEDED committed=10
t=63.560554 node=gpu event=gpu_finished op_id=map/B:b7/a1/s2/g1.147 tenant=B units=2 state=SUCCEEDED committed=10
t=63.657659 node=gpu event=gpu_release_requested op_id=map/B:b7/a1/s2/g1.147 tenant=B units=2 state=SUCCEEDED committed=10
t=63.736660 node=gpu event=gpu_release_complete op_id=map/B:b7/a1/s2/g1.147 tenant=B units=2 state=SUCCEEDED committed=8
t=63.764913 node=gpu event=gpu_started op_id=reduce/A:a19/a1/r0 tenant=A units=1 state=RUNNING committed=8
t=64.028480 node=gpu event=gpu_started op_id=reduce/B:b6/a1/r0 tenant=B units=1 state=RUNNING committed=8
t=64.042608 node=gpu event=gpu_release_requested op_id=map/B:b7/a1/s0/g1.145 tenant=B units=2 state=SUCCEEDED committed=8
t=64.165528 node=gpu event=gpu_finished op_id=map/B:b7/a1/s3/g1.148 tenant=B units=2 state=SUCCEEDED committed=8
t=64.229245 node=gpu event=gpu_release_requested op_id=map/B:b7/a1/s3/g1.148 tenant=B units=2 state=SUCCEEDED committed=8
t=64.264913 node=gpu event=gpu_finished op_id=reduce/A:a19/a1/r0 tenant=A units=1 state=SUCCEEDED committed=8
t=64.281219 node=gpu event=gpu_release_requested op_id=reduce/A:a19/a1/r0 tenant=A units=1 state=SUCCEEDED committed=8
t=64.303831 node=gpu event=gpu_release_complete op_id=map/B:b7/a1/s0/g1.145 tenant=B units=2 state=SUCCEEDED committed=6
t=64.305603 node=gpu event=gpu_release_complete op_id=map/B:b7/a1/s3/g1.148 tenant=B units=2 state=SUCCEEDED committed=4
t=64.311099 node=gpu event=gpu_accepted op_id=map/B:b7/a1/s4/g1.154 tenant=B units=2 state=PENDING committed=6
t=64.340780 node=gpu event=gpu_started op_id=map/A:a18/a1/s2/g1.152 tenant=A units=1 state=RUNNING committed=6
t=64.371828 node=gpu event=gpu_started op_id=map/A:a18/a1/s1/g1.151 tenant=A units=1 state=RUNNING committed=6
t=64.403108 node=gpu event=gpu_accepted op_id=map/B:b7/a1/s4/g1.149 tenant=B units=2 state=PENDING committed=8
t=64.404094 node=gpu event=gpu_accepted op_id=map/B:b7/a1/s5/g1.150 tenant=B units=2 state=PENDING committed=10
t=64.406477 node=gpu event=gpu_release_complete op_id=reduce/A:a19/a1/r0 tenant=A units=1 state=SUCCEEDED committed=9
t=64.528480 node=gpu event=gpu_finished op_id=reduce/B:b6/a1/r0 tenant=B units=1 state=SUCCEEDED committed=9
t=64.640256 node=gpu event=gpu_release_requested op_id=reduce/B:b6/a1/r0 tenant=B units=1 state=SUCCEEDED committed=9
t=64.803571 node=gpu event=gpu_accepted op_id=map/B:b7/a1/s5/g1.155 tenant=B units=2 state=PENDING committed=11
t=64.888798 node=gpu event=gpu_release_complete op_id=reduce/B:b6/a1/r0 tenant=B units=1 state=SUCCEEDED committed=10
t=65.136795 node=gpu event=gpu_started op_id=map/B:b7/a1/s4/g1.154 tenant=B units=2 state=RUNNING committed=10
t=65.216692 node=gpu event=gpu_started op_id=map/B:b7/a1/s4/g1.149 tenant=B units=2 state=RUNNING committed=10
t=65.340780 node=gpu event=gpu_finished op_id=map/A:a18/a1/s2/g1.152 tenant=A units=1 state=SUCCEEDED committed=10
t=65.371828 node=gpu event=gpu_finished op_id=map/A:a18/a1/s1/g1.151 tenant=A units=1 state=SUCCEEDED committed=10
t=65.443486 node=gpu event=gpu_release_requested op_id=map/A:a18/a1/s1/g1.151 tenant=A units=1 state=SUCCEEDED committed=10
t=65.466503 node=gpu event=gpu_accepted op_id=reduce/A:a18/a1/r0 tenant=A units=1 state=PENDING committed=11
t=65.485781 node=gpu event=gpu_release_requested op_id=map/A:a18/a1/s2/g1.152 tenant=A units=1 state=SUCCEEDED committed=11
t=65.541650 node=gpu event=gpu_release_complete op_id=map/A:a18/a1/s1/g1.151 tenant=A units=1 state=SUCCEEDED committed=10
t=65.574360 node=gpu event=gpu_release_complete op_id=map/A:a18/a1/s2/g1.152 tenant=A units=1 state=SUCCEEDED committed=9
t=66.011799 node=gpu event=gpu_started op_id=map/B:b7/a1/s5/g1.155 tenant=B units=2 state=RUNNING committed=9
t=66.023263 node=gpu event=gpu_started op_id=map/B:b7/a1/s5/g1.150 tenant=B units=2 state=RUNNING committed=9
t=66.248612 node=gpu event=gpu_cancelled op_id=map/B:b7/a1/s4/g1.149 tenant=B units=2 state=CANCELLED committed=9
t=66.254262 node=gpu event=gpu_cancelled op_id=map/B:b7/a1/s5/g1.150 tenant=B units=2 state=CANCELLED committed=9
t=66.272385 node=gpu event=gpu_release_requested op_id=map/B:b7/a1/s4/g1.149 tenant=B units=2 state=CANCELLED committed=9
t=66.275003 node=gpu event=gpu_release_requested op_id=map/B:b7/a1/s5/g1.150 tenant=B units=2 state=CANCELLED committed=9
t=66.430467 node=gpu event=gpu_release_complete op_id=map/B:b7/a1/s4/g1.149 tenant=B units=2 state=CANCELLED committed=7
t=66.470358 node=gpu event=gpu_release_complete op_id=map/B:b7/a1/s5/g1.150 tenant=B units=2 state=CANCELLED committed=5
t=66.636795 node=gpu event=gpu_finished op_id=map/B:b7/a1/s4/g1.154 tenant=B units=2 state=SUCCEEDED committed=5
t=66.710800 node=gpu event=gpu_release_requested op_id=map/B:b7/a1/s4/g1.154 tenant=B units=2 state=SUCCEEDED committed=5
t=66.896604 node=gpu event=gpu_release_complete op_id=map/B:b7/a1/s4/g1.154 tenant=B units=2 state=SUCCEEDED committed=3
t=67.511799 node=gpu event=gpu_finished op_id=map/B:b7/a1/s5/g1.155 tenant=B units=2 state=SUCCEEDED committed=3
t=67.668263 node=gpu event=gpu_started op_id=reduce/A:a18/a1/r0 tenant=A units=1 state=RUNNING committed=3
t=67.734870 node=gpu event=gpu_release_requested op_id=map/B:b7/a1/s5/g1.155 tenant=B units=2 state=SUCCEEDED committed=3
t=67.976193 node=gpu event=gpu_release_complete op_id=map/B:b7/a1/s5/g1.155 tenant=B units=2 state=SUCCEEDED committed=1
t=68.168263 node=gpu event=gpu_finished op_id=reduce/A:a18/a1/r0 tenant=A units=1 state=SUCCEEDED committed=1
t=68.398183 node=gpu event=gpu_release_requested op_id=reduce/A:a18/a1/r0 tenant=A units=1 state=SUCCEEDED committed=1
t=68.642041 node=gpu event=gpu_release_complete op_id=reduce/A:a18/a1/r0 tenant=A units=1 state=SUCCEEDED committed=0
t=69.311080 node=gpu event=gpu_accepted op_id=map/B:b7/a1/s0/g1.156 tenant=B units=2 state=PENDING committed=2
t=70.003982 node=gpu event=gpu_accepted op_id=map/B:b5/a1/s0/g1.157 tenant=B units=2 state=PENDING committed=4
t=71.980832 node=gpu event=gpu_started op_id=map/B:b5/a1/s0/g1.157 tenant=B units=2 state=RUNNING committed=4
t=72.237483 node=gpu event=gpu_started op_id=map/B:b7/a1/s0/g1.156 tenant=B units=2 state=RUNNING committed=4
t=73.480832 node=gpu event=gpu_finished op_id=map/B:b5/a1/s0/g1.157 tenant=B units=2 state=SUCCEEDED committed=4
t=73.632583 node=gpu event=gpu_accepted op_id=reduce/B:b5/a1/r0 tenant=B units=1 state=PENDING committed=5
t=73.649946 node=gpu event=gpu_release_requested op_id=map/B:b5/a1/s0/g1.157 tenant=B units=2 state=SUCCEEDED committed=5
t=73.729715 node=gpu event=gpu_release_complete op_id=map/B:b5/a1/s0/g1.157 tenant=B units=2 state=SUCCEEDED committed=3
t=73.737483 node=gpu event=gpu_finished op_id=map/B:b7/a1/s0/g1.156 tenant=B units=2 state=SUCCEEDED committed=3
t=73.756112 node=gpu event=gpu_accepted op_id=reduce/B:b7/a1/r0 tenant=B units=1 state=PENDING committed=4
t=74.297830 node=gpu event=gpu_started op_id=reduce/B:b7/a1/r0 tenant=B units=1 state=RUNNING committed=4
t=74.450110 node=gpu event=gpu_release_requested op_id=map/B:b7/a1/s0/g1.156 tenant=B units=2 state=SUCCEEDED committed=4
t=74.608409 node=gpu event=gpu_release_complete op_id=map/B:b7/a1/s0/g1.156 tenant=B units=2 state=SUCCEEDED committed=2
t=74.797830 node=gpu event=gpu_finished op_id=reduce/B:b7/a1/r0 tenant=B units=1 state=SUCCEEDED committed=2
t=74.826787 node=gpu event=gpu_release_requested op_id=reduce/B:b7/a1/r0 tenant=B units=1 state=SUCCEEDED committed=2
t=75.033387 node=gpu event=gpu_release_complete op_id=reduce/B:b7/a1/r0 tenant=B units=1 state=SUCCEEDED committed=1
t=76.469205 node=gpu event=gpu_started op_id=reduce/B:b5/a1/r0 tenant=B units=1 state=RUNNING committed=1
t=76.969205 node=gpu event=gpu_finished op_id=reduce/B:b5/a1/r0 tenant=B units=1 state=SUCCEEDED committed=1
t=77.053131 node=gpu event=gpu_release_requested op_id=reduce/B:b5/a1/r0 tenant=B units=1 state=SUCCEEDED committed=1
t=77.174593 node=gpu event=gpu_release_complete op_id=reduce/B:b5/a1/r0 tenant=B units=1 state=SUCCEEDED committed=0
