t=0.154226 node=worker-3 event=worker_start boot=0 slots=3
t=0.161930 node=worker-3 event=worker_registered epoch=1 reg_seq=1 gen=1
t=4.166111 node=worker-3 event=batch_received batch=worker-3/e1/b3 tasks=3 epoch=1
t=4.166111 node=worker-3 event=task_start task=B:b0/a1/s3/g1.7 op_id=map/B:b0/a1/s3/g1.7 shard=3 speculative=false
t=4.166111 node=worker-3 event=task_start task=B:b0/a1/s4/g1.8 op_id=map/B:b0/a1/s4/g1.8 shard=4 speculative=false
t=4.166111 node=worker-3 event=task_start task=B:b0/a1/s5/g1.9 op_id=map/B:b0/a1/s5/g1.9 shard=5 speculative=false
t=4.192741 node=worker-3 event=gpu_submit op_id=map/B:b0/a1/s3/g1.7 units=2 attempt=1 state=PENDING
t=4.192741 node=worker-3 event=gpu_submit op_id=map/B:b0/a1/s4/g1.8 units=2 attempt=1 state=PENDING
t=4.192741 node=worker-3 event=gpu_submit_retry op_id=map/B:b0/a1/s5/g1.9 code=CAPACITY attempt=1 backoff=0.25
t=4.452303 node=worker-3 event=gpu_submit_retry op_id=map/B:b0/a1/s5/g1.9 code=CAPACITY attempt=2 backoff=0.5
t=5.952303 node=worker-3 event=gpu_submit_unknown op_id=map/B:b0/a1/s5/g1.9 code=TIMEOUT attempt=3
t=6.059930 node=worker-3 event=gpu_submit_retry op_id=map/B:b0/a1/s5/g1.9 code=CAPACITY attempt=4 backoff=1.0
t=7.065543 node=worker-3 event=gpu_op_terminal op_id=map/B:b0/a1/s3/g1.7 state=SUCCEEDED
t=7.065543 node=worker-3 event=gpu_submit_retry op_id=map/B:b0/a1/s5/g1.9 code=CAPACITY attempt=5 backoff=2.0
t=7.072160 node=worker-3 event=task_committed task=B:b0/a1/s3/g1.7 shard=3
t=7.085178 node=worker-3 event=gpu_release op_id=map/B:b0/a1/s3/g1.7
t=7.367068 node=worker-3 event=gpu_released op_id=map/B:b0/a1/s3/g1.7 via=hint
t=7.367068 node=worker-3 event=task_done task=B:b0/a1/s3/g1.7 op_id=map/B:b0/a1/s3/g1.7 outcome=committed
t=7.884490 node=worker-3 event=gpu_op_terminal op_id=map/B:b0/a1/s4/g1.8 state=SUCCEEDED
t=7.888457 node=worker-3 event=task_committed task=B:b0/a1/s4/g1.8 shard=4
t=7.897536 node=worker-3 event=gpu_release op_id=map/B:b0/a1/s4/g1.8
t=8.083093 node=worker-3 event=gpu_released op_id=map/B:b0/a1/s4/g1.8 via=hint
t=8.083093 node=worker-3 event=task_done task=B:b0/a1/s4/g1.8 op_id=map/B:b0/a1/s4/g1.8 outcome=committed
t=9.079364 node=worker-3 event=gpu_submit op_id=map/B:b0/a1/s5/g1.9 units=2 attempt=6 state=PENDING
t=10.358994 node=worker-3 event=task_abort task=B:b0/a1/s3/g1.7 reason=coordinator
t=10.358994 node=worker-3 event=task_abort task=B:b0/a1/s4/g1.8 reason=coordinator
t=10.358994 node=worker-3 event=task_abort task=B:b0/a1/s5/g1.9 reason=coordinator
t=10.392563 node=worker-3 event=gpu_cancel op_id=map/B:b0/a1/s5/g1.9
t=10.405072 node=worker-3 event=gpu_op_terminal op_id=map/B:b0/a1/s5/g1.9 state=CANCELLED
t=10.411030 node=worker-3 event=gpu_release op_id=map/B:b0/a1/s5/g1.9
t=10.515708 node=worker-3 event=gpu_released op_id=map/B:b0/a1/s5/g1.9 via=hint
t=10.515708 node=worker-3 event=task_done task=B:b0/a1/s5/g1.9 op_id=map/B:b0/a1/s5/g1.9 outcome=aborted
t=10.536415 node=worker-3 event=batch_reported batch=worker-3/e1/b3 tasks=3 failed=0
t=10.960265 node=worker-3 event=batch_received batch=worker-3/e1/b10 tasks=3 epoch=1
t=10.960265 node=worker-3 event=task_start task=A:a3/a1/s0/g1.22 op_id=map/A:a3/a1/s0/g1.22 shard=0 speculative=false
t=10.960265 node=worker-3 event=task_start task=A:a3/a1/s1/g1.23 op_id=map/A:a3/a1/s1/g1.23 shard=1 speculative=false
t=10.960265 node=worker-3 event=task_start task=A:a3/a1/s2/g1.24 op_id=map/A:a3/a1/s2/g1.24 shard=2 speculative=false
t=10.961289 node=worker-3 event=gpu_submit op_id=map/A:a3/a1/s0/g1.22 units=1 attempt=1 state=PENDING
t=10.973775 node=worker-3 event=gpu_submit op_id=map/A:a3/a1/s1/g1.23 units=1 attempt=1 state=PENDING
t=10.984032 node=worker-3 event=gpu_submit op_id=map/A:a3/a1/s2/g1.24 units=1 attempt=1 state=PENDING
t=12.836798 node=worker-3 event=gpu_op_terminal op_id=map/A:a3/a1/s1/g1.23 state=SUCCEEDED
t=12.848973 node=worker-3 event=task_committed task=A:a3/a1/s1/g1.23 shard=1
t=12.852504 node=worker-3 event=gpu_release op_id=map/A:a3/a1/s1/g1.23
t=13.077575 node=worker-3 event=gpu_released op_id=map/A:a3/a1/s1/g1.23 via=hint
t=13.077575 node=worker-3 event=task_done task=A:a3/a1/s1/g1.23 op_id=map/A:a3/a1/s1/g1.23 outcome=committed
t=13.081742 node=worker-3 event=gpu_op_terminal op_id=map/A:a3/a1/s0/g1.22 state=SUCCEEDED
t=13.094580 node=worker-3 event=task_committed task=A:a3/a1/s0/g1.22 shard=0
t=13.123195 node=worker-3 event=gpu_release op_id=map/A:a3/a1/s0/g1.22
t=13.353268 node=worker-3 event=gpu_released op_id=map/A:a3/a1/s0/g1.22 via=hint
t=13.353268 node=worker-3 event=task_done task=A:a3/a1/s0/g1.22 op_id=map/A:a3/a1/s0/g1.22 outcome=committed
t=14.912635 node=worker-3 event=gpu_op_terminal op_id=map/A:a3/a1/s2/g1.24 state=SUCCEEDED
t=14.915400 node=worker-3 event=task_abort task=A:a3/a1/s0/g1.22 reason=coordinator
t=14.915400 node=worker-3 event=task_abort task=A:a3/a1/s1/g1.23 reason=coordinator
t=14.915400 node=worker-3 event=task_abort task=A:a3/a1/s2/g1.24 reason=coordinator
t=14.915400 node=worker-3 event=task_committed task=A:a3/a1/s2/g1.24 shard=2
t=14.927775 node=worker-3 event=gpu_release op_id=map/A:a3/a1/s2/g1.24
t=14.970146 node=worker-3 event=batch_received batch=worker-3/e1/b14 tasks=3 epoch=1
t=14.970146 node=worker-3 event=task_start task=A:a4/a1/s0/g1.32 op_id=map/A:a4/a1/s0/g1.32 shard=0 speculative=false
t=14.970146 node=worker-3 event=task_start task=A:a4/a1/s1/g1.33 op_id=map/A:a4/a1/s1/g1.33 shard=1 speculative=false
t=14.970146 node=worker-3 event=task_start task=A:a4/a1/s2/g1.34 op_id=map/A:a4/a1/s2/g1.34 shard=2 speculative=false
t=14.974552 node=worker-3 event=gpu_submit_retry op_id=map/A:a4/a1/s0/g1.32 code=CAPACITY attempt=1 backoff=0.25
t=14.985504 node=worker-3 event=gpu_submit_retry op_id=map/A:a4/a1/s1/g1.33 code=CAPACITY attempt=1 backoff=0.25
t=14.985639 node=worker-3 event=gpu_submit_retry op_id=map/A:a4/a1/s2/g1.34 code=CAPACITY attempt=1 backoff=0.25
t=15.188070 node=worker-3 event=gpu_released op_id=map/A:a3/a1/s2/g1.24 via=hint
t=15.188070 node=worker-3 event=task_done task=A:a3/a1/s2/g1.24 op_id=map/A:a3/a1/s2/g1.24 outcome=committed
t=15.227701 node=worker-3 event=gpu_submit op_id=map/A:a4/a1/s0/g1.32 units=1 attempt=2 state=PENDING
t=15.254399 node=worker-3 event=gpu_submit_retry op_id=map/A:a4/a1/s1/g1.33 code=CAPACITY attempt=2 backoff=0.5
t=15.254399 node=worker-3 event=gpu_submit_retry op_id=map/A:a4/a1/s2/g1.34 code=CAPACITY attempt=2 backoff=0.5
t=15.763511 node=worker-3 event=gpu_submit op_id=map/A:a4/a1/s1/g1.33 units=1 attempt=3 state=PENDING
t=15.771637 node=worker-3 event=gpu_submit op_id=map/A:a4/a1/s2/g1.34 units=1 attempt=3 state=PENDING
t=15.907661 node=worker-3 event=batch_reported batch=worker-3/e1/b10 tasks=3 failed=0
t=17.546711 node=worker-3 event=gpu_op_terminal op_id=map/A:a4/a1/s0/g1.32 state=SUCCEEDED
t=17.554500 node=worker-3 event=task_committed task=A:a4/a1/s0/g1.32 shard=0
t=17.570767 node=worker-3 event=gpu_release op_id=map/A:a4/a1/s0/g1.32
t=17.812755 node=worker-3 event=gpu_released op_id=map/A:a4/a1/s0/g1.32 via=hint
t=17.812755 node=worker-3 event=task_done task=A:a4/a1/s0/g1.32 op_id=map/A:a4/a1/s0/g1.32 outcome=committed
t=18.626883 node=worker-3 event=gpu_op_terminal op_id=map/A:a4/a1/s2/g1.34 state=SUCCEEDED
t=18.632537 node=worker-3 event=task_committed task=A:a4/a1/s2/g1.34 shard=2
t=18.641651 node=worker-3 event=gpu_release op_id=map/A:a4/a1/s2/g1.34
t=19.641651 node=worker-3 event=gpu_released op_id=map/A:a4/a1/s2/g1.34 via=hint
t=19.641651 node=worker-3 event=task_done task=A:a4/a1/s2/g1.34 op_id=map/A:a4/a1/s2/g1.34 outcome=committed
t=19.843447 node=worker-3 event=gpu_op_terminal op_id=map/A:a4/a1/s1/g1.33 state=SUCCEEDED
t=19.850422 node=worker-3 event=task_abort task=A:a4/a1/s0/g1.32 reason=coordinator
t=19.850422 node=worker-3 event=task_abort task=A:a4/a1/s1/g1.33 reason=coordinator
t=19.850422 node=worker-3 event=task_abort task=A:a4/a1/s2/g1.34 reason=coordinator
t=19.854823 node=worker-3 event=task_committed task=A:a4/a1/s1/g1.33 shard=1
t=19.860788 node=worker-3 event=gpu_release op_id=map/A:a4/a1/s1/g1.33
t=19.860853 node=worker-3 event=batch_received batch=worker-3/e1/b20 tasks=3 epoch=1
t=19.860853 node=worker-3 event=task_start task=B:b2/a1/s1/g1.44 op_id=map/B:b2/a1/s1/g1.44 shard=1 speculative=false
t=19.860853 node=worker-3 event=task_start task=B:b2/a1/s2/g1.45 op_id=map/B:b2/a1/s2/g1.45 shard=2 speculative=false
t=19.860853 node=worker-3 event=task_start task=B:b2/a1/s3/g1.46 op_id=map/B:b2/a1/s3/g1.46 shard=3 speculative=false
t=19.875268 node=worker-3 event=gpu_submit_retry op_id=map/B:b2/a1/s1/g1.44 code=CAPACITY attempt=1 backoff=0.25
t=19.890512 node=worker-3 event=gpu_submit_retry op_id=map/B:b2/a1/s2/g1.45 code=CAPACITY attempt=1 backoff=0.25
t=20.136899 node=worker-3 event=gpu_submit_retry op_id=map/B:b2/a1/s1/g1.44 code=CAPACITY attempt=2 backoff=0.5
t=20.136899 node=worker-3 event=gpu_released op_id=map/A:a4/a1/s1/g1.33 via=hint
t=20.136899 node=worker-3 event=task_done task=A:a4/a1/s1/g1.33 op_id=map/A:a4/a1/s1/g1.33 outcome=committed
t=20.138327 node=worker-3 event=batch_reported batch=worker-3/e1/b14 tasks=3 failed=0
t=20.150773 node=worker-3 event=gpu_submit_retry op_id=map/B:b2/a1/s2/g1.45 code=CAPACITY attempt=2 backoff=0.5
t=20.641633 node=worker-3 event=gpu_submit_retry op_id=map/B:b2/a1/s1/g1.44 code=CAPACITY attempt=3 backoff=1.0
t=20.661884 node=worker-3 event=gpu_submit_retry op_id=map/B:b2/a1/s2/g1.45 code=CAPACITY attempt=3 backoff=1.0
t=20.860853 node=worker-3 event=gpu_submit_unknown op_id=map/B:b2/a1/s3/g1.46 code=TIMEOUT attempt=1
t=20.976101 node=worker-3 event=gpu_submit_retry op_id=map/B:b2/a1/s3/g1.46 code=CAPACITY attempt=2 backoff=0.25
t=21.237829 node=worker-3 event=gpu_submit_retry op_id=map/B:b2/a1/s3/g1.46 code=CAPACITY attempt=3 backoff=0.5
t=21.653035 node=worker-3 event=gpu_submit_retry op_id=map/B:b2/a1/s1/g1.44 code=CAPACITY attempt=4 backoff=2.0
t=21.673093 node=worker-3 event=gpu_submit_retry op_id=map/B:b2/a1/s2/g1.45 code=CAPACITY attempt=4 backoff=2.0
t=21.753913 node=worker-3 event=gpu_submit_retry op_id=map/B:b2/a1/s3/g1.46 code=CAPACITY attempt=4 backoff=1.0
t=22.773925 node=worker-3 event=gpu_submit_retry op_id=map/B:b2/a1/s3/g1.46 code=CAPACITY attempt=5 backoff=2.0
t=23.683062 node=worker-3 event=gpu_submit op_id=map/B:b2/a1/s1/g1.44 units=2 attempt=5 state=PENDING
t=23.688674 node=worker-3 event=gpu_submit op_id=map/B:b2/a1/s2/g1.45 units=2 attempt=5 state=PENDING
t=24.781419 node=worker-3 event=gpu_submit_retry op_id=map/B:b2/a1/s3/g1.46 code=CAPACITY attempt=6 backoff=2.0
t=26.310788 node=worker-3 event=gpu_op_terminal op_id=map/B:b2/a1/s2/g1.45 state=SUCCEEDED
t=26.316081 node=worker-3 event=task_committed task=B:b2/a1/s2/g1.45 shard=2
t=26.320022 node=worker-3 event=gpu_release op_id=map/B:b2/a1/s2/g1.45
t=26.619900 node=worker-3 event=gpu_released op_id=map/B:b2/a1/s2/g1.45 via=hint
t=26.619900 node=worker-3 event=task_done task=B:b2/a1/s2/g1.45 op_id=map/B:b2/a1/s2/g1.45 outcome=committed
t=26.823343 node=worker-3 event=gpu_submit op_id=map/B:b2/a1/s3/g1.46 units=2 attempt=7 state=PENDING
t=26.823343 node=worker-3 event=gpu_op_terminal op_id=map/B:b2/a1/s1/g1.44 state=SUCCEEDED
t=26.833059 node=worker-3 event=task_committed task=B:b2/a1/s1/g1.44 shard=1
t=26.844197 node=worker-3 event=gpu_release op_id=map/B:b2/a1/s1/g1.44
t=27.022322 node=worker-3 event=gpu_released op_id=map/B:b2/a1/s1/g1.44 via=hint
t=27.022322 node=worker-3 event=task_done task=B:b2/a1/s1/g1.44 op_id=map/B:b2/a1/s1/g1.44 outcome=committed
t=28.878085 node=worker-3 event=gpu_op_terminal op_id=map/B:b2/a1/s3/g1.46 state=SUCCEEDED
t=28.880590 node=worker-3 event=task_abort task=B:b2/a1/s1/g1.44 reason=coordinator
t=28.880590 node=worker-3 event=task_abort task=B:b2/a1/s2/g1.45 reason=coordinator
t=28.880590 node=worker-3 event=task_abort task=B:b2/a1/s3/g1.46 reason=coordinator
t=28.883062 node=worker-3 event=task_committed task=B:b2/a1/s3/g1.46 shard=3
t=28.903648 node=worker-3 event=gpu_release op_id=map/B:b2/a1/s3/g1.46
t=28.956400 node=worker-3 event=batch_received batch=worker-3/e1/b37 tasks=3 epoch=1
t=28.956400 node=worker-3 event=task_start task=B:b3/a1/s4/g1.70 op_id=map/B:b3/a1/s4/g1.70 shard=4 speculative=false
t=28.956400 node=worker-3 event=task_start task=B:b3/a1/s5/g1.71 op_id=map/B:b3/a1/s5/g1.71 shard=5 speculative=false
t=28.956400 node=worker-3 event=task_start task=A:a9/a1/s0/g1.72 op_id=map/A:a9/a1/s0/g1.72 shard=0 speculative=false
t=28.966479 node=worker-3 event=gpu_submit_retry op_id=map/B:b3/a1/s4/g1.70 code=CAPACITY attempt=1 backoff=0.25
t=28.988082 node=worker-3 event=gpu_submit_retry op_id=map/B:b3/a1/s5/g1.71 code=CAPACITY attempt=1 backoff=0.25
t=28.990787 node=worker-3 event=gpu_submit_retry op_id=map/A:a9/a1/s0/g1.72 code=CAPACITY attempt=1 backoff=0.25
t=29.016493 node=worker-3 event=gpu_released op_id=map/B:b2/a1/s3/g1.46 via=hint
t=29.016493 node=worker-3 event=task_done task=B:b2/a1/s3/g1.46 op_id=map/B:b2/a1/s3/g1.46 outcome=committed
t=29.019259 node=worker-3 event=batch_reported batch=worker-3/e1/b20 tasks=3 failed=0
t=29.221781 node=worker-3 event=gpu_submit_retry op_id=map/B:b3/a1/s4/g1.70 code=CAPACITY attempt=2 backoff=0.5
t=29.247485 node=worker-3 event=gpu_submit_retry op_id=map/B:b3/a1/s5/g1.71 code=CAPACITY attempt=2 backoff=0.5
t=29.248409 node=worker-3 event=gpu_submit op_id=map/A:a9/a1/s0/g1.72 units=1 attempt=2 state=PENDING
t=29.725129 node=worker-3 event=gpu_submit_retry op_id=map/B:b3/a1/s4/g1.70 code=CAPACITY attempt=3 backoff=1.0
t=29.747811 node=worker-3 event=gpu_submit_retry op_id=map/B:b3/a1/s5/g1.71 code=CAPACITY attempt=3 backoff=1.0
t=30.734542 node=worker-3 event=gpu_submit_retry op_id=map/B:b3/a1/s4/g1.70 code=CAPACITY attempt=4 backoff=2.0
t=30.763741 node=worker-3 event=gpu_submit_retry op_id=map/B:b3/a1/s5/g1.71 code=CAPACITY attempt=4 backoff=2.0
t=31.313398 node=worker-3 event=gpu_op_terminal op_id=map/A:a9/a1/s0/g1.72 state=SUCCEEDED
t=31.318760 node=worker-3 event=task_committed task=A:a9/a1/s0/g1.72 shard=0
t=31.342429 node=worker-3 event=gpu_release op_id=map/A:a9/a1/s0/g1.72
t=31.449053 node=worker-3 event=gpu_released op_id=map/A:a9/a1/s0/g1.72 via=hint
t=31.449053 node=worker-3 event=task_done task=A:a9/a1/s0/g1.72 op_id=map/A:a9/a1/s0/g1.72 outcome=committed
t=32.338409 node=worker-3 event=task_abort task=A:a9/a1/s0/g1.72 reason=coordinator
t=32.755555 node=worker-3 event=gpu_submit op_id=map/B:b3/a1/s4/g1.70 units=2 attempt=5 state=PENDING
t=32.779452 node=worker-3 event=gpu_submit op_id=map/B:b3/a1/s5/g1.71 units=2 attempt=5 state=PENDING
t=35.160071 node=worker-3 event=batch_received batch=worker-3/e1/b46 tasks=1 epoch=1
t=35.160071 node=worker-3 event=task_start task=A:a11/a1/s2/g1.84 op_id=map/A:a11/a1/s2/g1.84 shard=2 speculative=false
t=35.169042 node=worker-3 event=gpu_submit op_id=map/A:a11/a1/s2/g1.84 units=1 attempt=1 state=PENDING
t=36.067918 node=worker-3 event=gpu_op_terminal op_id=map/B:b3/a1/s4/g1.70 state=SUCCEEDED
t=36.085988 node=worker-3 event=task_committed task=B:b3/a1/s4/g1.70 shard=4
t=36.088213 node=worker-3 event=gpu_release op_id=map/B:b3/a1/s4/g1.70
t=36.303370 node=worker-3 event=gpu_released op_id=map/B:b3/a1/s4/g1.70 via=hint
t=36.303370 node=worker-3 event=task_done task=B:b3/a1/s4/g1.70 op_id=map/B:b3/a1/s4/g1.70 outcome=committed
t=36.938508 node=worker-3 event=gpu_op_terminal op_id=map/B:b3/a1/s5/g1.71 state=FAILED
t=36.949443 node=worker-3 event=gpu_release op_id=map/B:b3/a1/s5/g1.71
t=37.183284 node=worker-3 event=gpu_released op_id=map/B:b3/a1/s5/g1.71 via=hint
t=37.183284 node=worker-3 event=task_done task=B:b3/a1/s5/g1.71 op_id=map/B:b3/a1/s5/g1.71 outcome=failed
t=37.200678 node=worker-3 event=batch_reported batch=worker-3/e1/b37 tasks=3 failed=1
t=37.256690 node=worker-3 event=batch_received batch=worker-3/e1/b50 tasks=1 epoch=1
t=37.256690 node=worker-3 event=task_start task=B:b4/a1/s5/g1.90 op_id=map/B:b4/a1/s5/g1.90 shard=5 speculative=false
t=37.258889 node=worker-3 event=gpu_submit op_id=map/B:b4/a1/s5/g1.90 units=2 attempt=1 state=PENDING
t=37.361090 node=worker-3 event=batch_received batch=worker-3/e1/b51 tasks=1 epoch=1
t=37.361090 node=worker-3 event=task_start task=A:a12/a1/s0/g1.91 op_id=map/A:a12/a1/s0/g1.91 shard=0 speculative=false
t=37.366630 node=worker-3 event=gpu_submit_retry op_id=map/A:a12/a1/s0/g1.91 code=CAPACITY attempt=1 backoff=0.25
t=37.640018 node=worker-3 event=gpu_submit op_id=map/A:a12/a1/s0/g1.91 units=1 attempt=2 state=PENDING
t=38.224170 node=worker-3 event=gpu_op_terminal op_id=map/A:a11/a1/s2/g1.84 state=SUCCEEDED
t=38.230264 node=worker-3 event=task_committed task=A:a11/a1/s2/g1.84 shard=2
t=38.234095 node=worker-3 event=gpu_release op_id=map/A:a11/a1/s2/g1.84
t=38.447775 node=worker-3 event=gpu_released op_id=map/A:a11/a1/s2/g1.84 via=hint
t=38.447775 node=worker-3 event=task_done task=A:a11/a1/s2/g1.84 op_id=map/A:a11/a1/s2/g1.84 outcome=committed
t=38.467590 node=worker-3 event=batch_reported batch=worker-3/e1/b46 tasks=1 failed=0
t=38.558028 node=worker-3 event=batch_received batch=worker-3/e1/b53 tasks=1 epoch=1
t=38.558028 node=worker-3 event=task_start task=A:a12/a1/s2/g1.93 op_id=map/A:a12/a1/s2/g1.93 shard=2 speculative=false
t=38.574538 node=worker-3 event=gpu_submit op_id=map/A:a12/a1/s2/g1.93 units=1 attempt=1 state=PENDING
t=39.209091 node=worker-3 event=gpu_op_terminal op_id=map/A:a12/a1/s0/g1.91 state=SUCCEEDED
t=39.224347 node=worker-3 event=task_committed task=A:a12/a1/s0/g1.91 shard=0
t=39.238277 node=worker-3 event=gpu_release op_id=map/A:a12/a1/s0/g1.91
t=39.442256 node=worker-3 event=gpu_released op_id=map/A:a12/a1/s0/g1.91 via=hint
t=39.442256 node=worker-3 event=task_done task=A:a12/a1/s0/g1.91 op_id=map/A:a12/a1/s0/g1.91 outcome=committed
t=39.446914 node=worker-3 event=batch_reported batch=worker-3/e1/b51 tasks=1 failed=0
t=40.957968 node=worker-3 event=batch_received batch=worker-3/e1/b56 tasks=1 epoch=1
t=40.957968 node=worker-3 event=task_start task=A:a13/a1/s1/g1.97 op_id=map/A:a13/a1/s1/g1.97 shard=1 speculative=false
t=40.964128 node=worker-3 event=gpu_submit op_id=map/A:a13/a1/s1/g1.97 units=1 attempt=1 state=PENDING
t=41.409550 node=worker-3 event=gpu_op_terminal op_id=map/B:b4/a1/s5/g1.90 state=SUCCEEDED
t=41.422314 node=worker-3 event=task_committed task=B:b4/a1/s5/g1.90 shard=5
t=41.439489 node=worker-3 event=gpu_release op_id=map/B:b4/a1/s5/g1.90
t=41.485285 node=worker-3 event=gpu_released op_id=map/B:b4/a1/s5/g1.90 via=hint
t=41.485285 node=worker-3 event=task_done task=B:b4/a1/s5/g1.90 op_id=map/B:b4/a1/s5/g1.90 outcome=committed
t=41.508535 node=worker-3 event=batch_reported batch=worker-3/e1/b50 tasks=1 failed=0
t=41.971815 node=worker-3 event=gpu_op_terminal op_id=map/A:a12/a1/s2/g1.93 state=SUCCEEDED
t=41.982991 node=worker-3 event=task_abort task=A:a12/a1/s2/g1.93 reason=coordinator
t=41.982991 node=worker-3 event=task_committed task=A:a12/a1/s2/g1.93 shard=2
t=41.984202 node=worker-3 event=gpu_release op_id=map/A:a12/a1/s2/g1.93
t=42.071520 node=worker-3 event=batch_received batch=worker-3/e1/b59 tasks=1 epoch=1
t=42.071520 node=worker-3 event=task_start task=B:b4/a1/s2/g1.100 op_id=map/B:b4/a1/s2/g1.100 shard=2 speculative=true
t=42.076444 node=worker-3 event=gpu_submit_retry op_id=map/B:b4/a1/s2/g1.100 code=CAPACITY attempt=1 backoff=0.25
t=42.161660 node=worker-3 event=batch_received batch=worker-3/e1/b60 tasks=1 epoch=1
t=42.161660 node=worker-3 event=task_start task=A:a11/a1/s1/g1.101 op_id=map/A:a11/a1/s1/g1.101 shard=1 speculative=true
t=42.163461 node=worker-3 event=gpu_released op_id=map/A:a12/a1/s2/g1.93 via=hint
t=42.163461 node=worker-3 event=task_done task=A:a12/a1/s2/g1.93 op_id=map/A:a12/a1/s2/g1.93 outcome=committed
t=42.169030 node=worker-3 event=gpu_submit op_id=map/A:a11/a1/s1/g1.101 units=1 attempt=1 state=PENDING
t=42.176428 node=worker-3 event=batch_reported batch=worker-3/e1/b53 tasks=1 failed=0
t=42.335123 node=worker-3 event=gpu_submit_retry op_id=map/B:b4/a1/s2/g1.100 code=CAPACITY attempt=2 backoff=0.5
t=42.606214 node=worker-3 event=task_abort task=A:a11/a1/s1/g1.101 reason=coordinator
t=42.661434 node=worker-3 event=batch_received batch=worker-3/e1/b61 tasks=1 epoch=1
t=42.661434 node=worker-3 event=task_start task=B:b4/a1/s3/g1.102 op_id=map/B:b4/a1/s3/g1.102 shard=3 speculative=true
t=42.667728 node=worker-3 event=gpu_submit_retry op_id=map/B:b4/a1/s3/g1.102 code=CAPACITY attempt=1 backoff=0.25
t=42.717511 node=worker-3 event=gpu_cancel op_id=map/A:a11/a1/s1/g1.101
t=42.722596 node=worker-3 event=gpu_op_terminal op_id=map/A:a11/a1/s1/g1.101 state=CANCELLED
t=42.728943 node=worker-3 event=gpu_release op_id=map/A:a11/a1/s1/g1.101
t=42.810796 node=worker-3 event=gpu_released op_id=map/A:a11/a1/s1/g1.101 via=hint
t=42.810796 node=worker-3 event=task_done task=A:a11/a1/s1/g1.101 op_id=map/A:a11/a1/s1/g1.101 outcome=aborted
t=42.819670 node=worker-3 event=batch_reported batch=worker-3/e1/b60 tasks=1 failed=0
t=42.847543 node=worker-3 event=gpu_submit op_id=map/B:b4/a1/s2/g1.100 units=2 attempt=3 state=PENDING
t=42.922883 node=worker-3 event=gpu_submit_retry op_id=map/B:b4/a1/s3/g1.102 code=CAPACITY attempt=2 backoff=0.5
t=43.429993 node=worker-3 event=gpu_submit_retry op_id=map/B:b4/a1/s3/g1.102 code=CAPACITY attempt=3 backoff=1.0
t=43.555559 node=worker-3 event=gpu_op_terminal op_id=map/A:a13/a1/s1/g1.97 state=SUCCEEDED
t=43.566439 node=worker-3 event=task_committed task=A:a13/a1/s1/g1.97 shard=1
t=43.578467 node=worker-3 event=gpu_release op_id=map/A:a13/a1/s1/g1.97
t=43.645236 node=worker-3 event=gpu_released op_id=map/A:a13/a1/s1/g1.97 via=hint
t=43.645236 node=worker-3 event=task_done task=A:a13/a1/s1/g1.97 op_id=map/A:a13/a1/s1/g1.97 outcome=committed
t=43.648082 node=worker-3 event=batch_reported batch=worker-3/e1/b56 tasks=1 failed=0
t=43.757750 node=worker-3 event=batch_received batch=worker-3/e1/b63 tasks=1 epoch=1
t=43.757750 node=worker-3 event=task_start task=B:b5/a1/s1/g1.104 op_id=map/B:b5/a1/s1/g1.104 shard=1 speculative=false
t=43.759154 node=worker-3 event=gpu_submit_retry op_id=map/B:b5/a1/s1/g1.104 code=CAPACITY attempt=1 backoff=0.25
t=44.025606 node=worker-3 event=gpu_submit_retry op_id=map/B:b5/a1/s1/g1.104 code=CAPACITY attempt=2 backoff=0.5
t=44.437870 node=worker-3 event=gpu_submit op_id=map/B:b4/a1/s3/g1.102 units=2 attempt=4 state=PENDING
t=44.536785 node=worker-3 event=gpu_submit_retry op_id=map/B:b5/a1/s1/g1.104 code=CAPACITY attempt=3 backoff=1.0
t=45.541561 node=worker-3 event=gpu_submit_retry op_id=map/B:b5/a1/s1/g1.104 code=CAPACITY attempt=4 backoff=2.0
t=47.000579 node=worker-3 event=gpu_op_terminal op_id=map/B:b4/a1/s3/g1.102 state=SUCCEEDED
t=47.012696 node=worker-3 event=task_committed task=B:b4/a1/s3/g1.102 shard=3
t=47.017164 node=worker-3 event=gpu_release op_id=map/B:b4/a1/s3/g1.102
t=47.047349 node=worker-3 event=gpu_op_terminal op_id=map/B:b4/a1/s2/g1.100 state=SUCCEEDED
t=47.060889 node=worker-3 event=task_abort task=B:b4/a1/s2/g1.100 reason=coordinator
t=47.060889 node=worker-3 event=task_abort task=B:b4/a1/s3/g1.102 reason=coordinator
t=47.060889 node=worker-3 event=task_committed task=B:b4/a1/s2/g1.100 shard=2
t=47.068214 node=worker-3 event=gpu_release op_id=map/B:b4/a1/s2/g1.100
t=47.078397 node=worker-3 event=gpu_released op_id=map/B:b4/a1/s3/g1.102 via=hint
t=47.078397 node=worker-3 event=task_done task=B:b4/a1/s3/g1.102 op_id=map/B:b4/a1/s3/g1.102 outcome=committed
t=47.089813 node=worker-3 event=batch_reported batch=worker-3/e1/b61 tasks=1 failed=0
t=47.155874 node=worker-3 event=batch_received batch=worker-3/e1/b69 tasks=2 epoch=1
t=47.155874 node=worker-3 event=task_start task=A:a15/a1/s0/g1.114 op_id=map/A:a15/a1/s0/g1.114 shard=0 speculative=false
t=47.155874 node=worker-3 event=task_start task=A:a15/a1/s1/g1.115 op_id=map/A:a15/a1/s1/g1.115 shard=1 speculative=false
t=47.163789 node=worker-3 event=gpu_submit op_id=map/A:a15/a1/s0/g1.114 units=1 attempt=1 state=PENDING
t=47.186242 node=worker-3 event=gpu_submit op_id=map/A:a15/a1/s1/g1.115 units=1 attempt=1 state=PENDING
t=47.280255 node=worker-3 event=gpu_released op_id=map/B:b4/a1/s2/g1.100 via=hint
t=47.280255 node=worker-3 event=task_done task=B:b4/a1/s2/g1.100 op_id=map/B:b4/a1/s2/g1.100 outcome=committed
t=47.284782 node=worker-3 event=batch_reported batch=worker-3/e1/b59 tasks=1 failed=0
t=47.552954 node=worker-3 event=gpu_submit op_id=map/B:b5/a1/s1/g1.104 units=2 attempt=5 state=PENDING
t=49.017042 node=worker-3 event=gpu_op_terminal op_id=map/A:a15/a1/s1/g1.115 state=SUCCEEDED
t=49.027342 node=worker-3 event=task_committed task=A:a15/a1/s1/g1.115 shard=1
t=49.031295 node=worker-3 event=gpu_release op_id=map/A:a15/a1/s1/g1.115
t=49.096482 node=worker-3 event=gpu_released op_id=map/A:a15/a1/s1/g1.115 via=hint
t=49.096482 node=worker-3 event=task_done task=A:a15/a1/s1/g1.115 op_id=map/A:a15/a1/s1/g1.115 outcome=committed
t=49.513877 node=worker-3 event=gpu_op_terminal op_id=map/A:a15/a1/s0/g1.114 state=SUCCEEDED
t=49.523143 node=worker-3 event=task_committed task=A:a15/a1/s0/g1.114 shard=0
t=49.542399 node=worker-3 event=gpu_release op_id=map/A:a15/a1/s0/g1.114
t=49.631693 node=worker-3 event=gpu_op_terminal op_id=map/B:b5/a1/s1/g1.104 state=SUCCEEDED
t=49.649456 node=worker-3 event=task_committed task=B:b5/a1/s1/g1.104 shard=1
t=49.655280 node=worker-3 event=gpu_release op_id=map/B:b5/a1/s1/g1.104
t=49.706346 node=worker-3 event=gpu_released op_id=map/A:a15/a1/s0/g1.114 via=hint
t=49.706346 node=worker-3 event=task_done task=A:a15/a1/s0/g1.114 op_id=map/A:a15/a1/s0/g1.114 outcome=committed
t=49.713721 node=worker-3 event=batch_reported batch=worker-3/e1/b69 tasks=2 failed=0
t=49.761011 node=worker-3 event=batch_received batch=worker-3/e1/b72 tasks=2 epoch=1
t=49.761011 node=worker-3 event=task_start task=A:a16/a1/s1/g1.118 op_id=map/A:a16/a1/s1/g1.118 shard=1 speculative=false
t=49.761011 node=worker-3 event=task_start task=A:a16/a1/s2/g1.119 op_id=map/A:a16/a1/s2/g1.119 shard=2 speculative=false
t=49.779946 node=worker-3 event=gpu_submit op_id=map/A:a16/a1/s1/g1.118 units=1 attempt=1 state=PENDING
t=49.779946 node=worker-3 event=gpu_submit_retry op_id=map/A:a16/a1/s2/g1.119 code=CAPACITY attempt=1 backoff=0.25
t=49.838965 node=worker-3 event=gpu_released op_id=map/B:b5/a1/s1/g1.104 via=hint
t=49.838965 node=worker-3 event=task_done task=B:b5/a1/s1/g1.104 op_id=map/B:b5/a1/s1/g1.104 outcome=committed
t=49.841741 node=worker-3 event=batch_reported batch=worker-3/e1/b63 tasks=1 failed=0
t=49.968999 node=worker-3 event=batch_received batch=worker-3/e1/b73 tasks=1 epoch=1
t=49.968999 node=worker-3 event=task_start task=B:b5/a1/s4/g1.120 op_id=map/B:b5/a1/s4/g1.120 shard=4 speculative=false
t=49.986997 node=worker-3 event=gpu_submit op_id=map/B:b5/a1/s4/g1.120 units=2 attempt=1 state=PENDING
t=50.050571 node=worker-3 event=gpu_submit op_id=map/A:a16/a1/s2/g1.119 units=1 attempt=2 state=PENDING
t=53.376836 node=worker-3 event=gpu_op_terminal op_id=map/A:a16/a1/s1/g1.118 state=SUCCEEDED
t=53.383269 node=worker-3 event=task_committed task=A:a16/a1/s1/g1.118 shard=1
t=53.388973 node=worker-3 event=gpu_release op_id=map/A:a16/a1/s1/g1.118
t=53.567087 node=worker-3 event=gpu_released op_id=map/A:a16/a1/s1/g1.118 via=hint
t=53.567087 node=worker-3 event=task_done task=A:a16/a1/s1/g1.118 op_id=map/A:a16/a1/s1/g1.118 outcome=committed
t=53.980109 node=worker-3 event=gpu_op_terminal op_id=map/A:a16/a1/s2/g1.119 state=SUCCEEDED
t=53.988638 node=worker-3 event=task_abort task=A:a16/a1/s1/g1.118 reason=coordinator
t=53.988638 node=worker-3 event=task_abort task=A:a16/a1/s2/g1.119 reason=coordinator
t=53.988638 node=worker-3 event=task_committed task=A:a16/a1/s2/g1.119 shard=2
t=53.992583 node=worker-3 event=gpu_release op_id=map/A:a16/a1/s2/g1.119
t=54.057417 node=worker-3 event=batch_received batch=worker-3/e1/b86 tasks=2 epoch=1
t=54.057417 node=worker-3 event=task_start task=A:a17/a1/s1/g1.133 op_id=map/A:a17/a1/s1/g1.133 shard=1 speculative=false
t=54.057417 node=worker-3 event=task_start task=A:a17/a1/s2/g1.134 op_id=map/A:a17/a1/s2/g1.134 shard=2 speculative=false
t=54.062102 node=worker-3 event=gpu_submit_retry op_id=map/A:a17/a1/s1/g1.133 code=CAPACITY attempt=1 backoff=0.25
t=54.069025 node=worker-3 event=gpu_submit_retry op_id=map/A:a17/a1/s2/g1.134 code=CAPACITY attempt=1 backoff=0.25
t=54.128081 node=worker-3 event=gpu_released op_id=map/A:a16/a1/s2/g1.119 via=hint
t=54.128081 node=worker-3 event=task_done task=A:a16/a1/s2/g1.119 op_id=map/A:a16/a1/s2/g1.119 outcome=committed
t=54.142775 node=worker-3 event=gpu_op_terminal op_id=map/B:b5/a1/s4/g1.120 state=SUCCEEDED
t=54.143514 node=worker-3 event=batch_reported batch=worker-3/e1/b72 tasks=2 failed=0
t=54.146227 node=worker-3 event=task_committed task=B:b5/a1/s4/g1.120 shard=4
t=54.170391 node=worker-3 event=gpu_release op_id=map/B:b5/a1/s4/g1.120
t=54.329310 node=worker-3 event=gpu_submit op_id=map/A:a17/a1/s1/g1.133 units=1 attempt=2 state=PENDING
t=54.330582 node=worker-3 event=gpu_submit op_id=map/A:a17/a1/s2/g1.134 units=1 attempt=2 state=PENDING
t=54.441773 node=worker-3 event=gpu_released op_id=map/B:b5/a1/s4/g1.120 via=hint
t=54.441773 node=worker-3 event=task_done task=B:b5/a1/s4/g1.120 op_id=map/B:b5/a1/s4/g1.120 outcome=committed
t=54.442812 node=worker-3 event=batch_reported batch=worker-3/e1/b73 tasks=1 failed=0
t=55.456433 node=worker-3 event=batch_received batch=worker-3/e1/b88 tasks=1 epoch=1
t=55.456433 node=worker-3 event=task_start task=B:b6/a1/s5/g1.136 op_id=map/B:b6/a1/s5/g1.136 shard=5 speculative=false
t=55.471316 node=worker-3 event=gpu_submit op_id=map/B:b6/a1/s5/g1.136 units=2 attempt=1 state=PENDING
t=57.657383 node=worker-3 event=gpu_op_terminal op_id=map/A:a17/a1/s1/g1.133 state=SUCCEEDED
t=57.666654 node=worker-3 event=task_committed task=A:a17/a1/s1/g1.133 shard=1
t=57.673362 node=worker-3 event=gpu_release op_id=map/A:a17/a1/s1/g1.133
t=57.697737 node=worker-3 event=gpu_op_terminal op_id=map/A:a17/a1/s2/g1.134 state=SUCCEEDED
t=57.721956 node=worker-3 event=task_abort task=A:a17/a1/s1/g1.133 reason=coordinator
t=57.721956 node=worker-3 event=task_abort task=A:a17/a1/s2/g1.134 reason=coordinator
t=57.721956 node=worker-3 event=task_committed task=A:a17/a1/s2/g1.134 shard=2
t=57.725065 node=worker-3 event=gpu_release op_id=map/A:a17/a1/s2/g1.134
t=57.876169 node=worker-3 event=gpu_released op_id=map/A:a17/a1/s1/g1.133 via=hint
t=57.876169 node=worker-3 event=task_done task=A:a17/a1/s1/g1.133 op_id=map/A:a17/a1/s1/g1.133 outcome=committed
t=57.895927 node=worker-3 event=gpu_released op_id=map/A:a17/a1/s2/g1.134 via=hint
t=57.895927 node=worker-3 event=task_done task=A:a17/a1/s2/g1.134 op_id=map/A:a17/a1/s2/g1.134 outcome=committed
t=57.897682 node=worker-3 event=batch_reported batch=worker-3/e1/b86 tasks=2 failed=0
t=58.368925 node=worker-3 event=gpu_op_terminal op_id=map/B:b6/a1/s5/g1.136 state=SUCCEEDED
t=58.375475 node=worker-3 event=task_committed task=B:b6/a1/s5/g1.136 shard=5
t=58.386047 node=worker-3 event=gpu_release op_id=map/B:b6/a1/s5/g1.136
t=58.457840 node=worker-3 event=batch_received batch=worker-3/e1/b90 tasks=2 epoch=1
t=58.457840 node=worker-3 event=task_start task=A:a19/a1/s0/g1.140 op_id=map/A:a19/a1/s0/g1.140 shard=0 speculative=false
t=58.457840 node=worker-3 event=task_start task=A:a19/a1/s1/g1.141 op_id=map/A:a19/a1/s1/g1.141 shard=1 speculative=false
t=58.460000 node=worker-3 event=gpu_submit op_id=map/A:a19/a1/s0/g1.140 units=1 attempt=1 state=PENDING
t=58.463769 node=worker-3 event=gpu_submit_retry op_id=map/A:a19/a1/s1/g1.141 code=CAPACITY attempt=1 backoff=0.25
t=58.696544 node=worker-3 event=gpu_released op_id=map/B:b6/a1/s5/g1.136 via=hint
t=58.696544 node=worker-3 event=task_done task=B:b6/a1/s5/g1.136 op_id=map/B:b6/a1/s5/g1.136 outcome=committed
t=58.700254 node=worker-3 event=batch_reported batch=worker-3/e1/b88 tasks=1 failed=0
t=58.724353 node=worker-3 event=gpu_submit op_id=map/A:a19/a1/s1/g1.141 units=1 attempt=2 state=PENDING
t=59.356576 node=worker-3 event=batch_received batch=worker-3/e1/b92 tasks=1 epoch=1
t=59.356576 node=worker-3 event=task_start task=B:b6/a1/s0/g1.143 op_id=map/B:b6/a1/s0/g1.143 shard=0 speculative=true
t=59.371700 node=worker-3 event=gpu_submit_retry op_id=map/B:b6/a1/s0/g1.143 code=CAPACITY attempt=1 backoff=0.25
t=59.634362 node=worker-3 event=gpu_submit_retry op_id=map/B:b6/a1/s0/g1.143 code=CAPACITY attempt=2 backoff=0.5
t=59.907975 node=worker-3 event=task_abort task=B:b6/a1/s0/g1.143 reason=heartbeat
t=60.134362 node=worker-3 event=gpu_submit_skipped op_id=map/B:b6/a1/s0/g1.143
t=60.139927 node=worker-3 event=batch_reported batch=worker-3/e1/b92 tasks=1 failed=0
t=60.156853 node=worker-3 event=batch_received batch=worker-3/e1/b96 tasks=1 epoch=1
t=60.156853 node=worker-3 event=task_start task=B:b7/a1/s2/g1.147 op_id=map/B:b7/a1/s2/g1.147 shard=2 speculative=false
t=60.161336 node=worker-3 event=gpu_submit_retry op_id=map/B:b7/a1/s2/g1.147 code=CAPACITY attempt=1 backoff=0.25
t=60.421054 node=worker-3 event=gpu_submit op_id=map/B:b7/a1/s2/g1.147 units=2 attempt=2 state=PENDING
t=61.057362 node=worker-3 event=gpu_op_terminal op_id=map/A:a19/a1/s0/g1.140 state=SUCCEEDED
t=61.060105 node=worker-3 event=task_committed task=A:a19/a1/s0/g1.140 shard=0
t=61.064431 node=worker-3 event=gpu_release op_id=map/A:a19/a1/s0/g1.140
t=61.296812 node=worker-3 event=gpu_released op_id=map/A:a19/a1/s0/g1.140 via=hint
t=61.296812 node=worker-3 event=task_done task=A:a19/a1/s0/g1.140 op_id=map/A:a19/a1/s0/g1.140 outcome=committed
t=61.551675 node=worker-3 event=gpu_op_terminal op_id=map/A:a19/a1/s1/g1.141 state=SUCCEEDED
t=61.579523 node=worker-3 event=task_abort task=A:a19/a1/s0/g1.140 reason=coordinator
t=61.579523 node=worker-3 event=task_abort task=A:a19/a1/s1/g1.141 reason=coordinator
t=61.579523 node=worker-3 event=task_committed task=A:a19/a1/s1/g1.141 shard=1
t=61.586831 node=worker-3 event=gpu_release op_id=map/A:a19/a1/s1/g1.141
t=61.648679 node=worker-3 event=gpu_released op_id=map/A:a19/a1/s1/g1.141 via=hint
t=61.648679 node=worker-3 event=task_done task=A:a19/a1/s1/g1.141 op_id=map/A:a19/a1/s1/g1.141 outcome=committed
t=61.655950 node=worker-3 event=batch_reported batch=worker-3/e1/b90 tasks=2 failed=0
t=61.674379 node=worker-3 event=batch_received batch=worker-3/e1/b98 tasks=2 epoch=1
t=61.674379 node=worker-3 event=task_start task=A:a18/a1/s1/g1.151 op_id=map/A:a18/a1/s1/g1.151 shard=1 speculative=false
t=61.674379 node=worker-3 event=task_start task=A:a18/a1/s2/g1.152 op_id=map/A:a18/a1/s2/g1.152 shard=2 speculative=false
t=61.686822 node=worker-3 event=gpu_submit op_id=map/A:a18/a1/s1/g1.151 units=1 attempt=1 state=PENDING
t=61.686822 node=worker-3 event=gpu_submit op_id=map/A:a18/a1/s2/g1.152 units=1 attempt=1 state=PENDING
t=63.798473 node=worker-3 event=gpu_op_terminal op_id=map/B:b7/a1/s2/g1.147 state=SUCCEEDED
t=63.814454 node=worker-3 event=task_committed task=B:b7/a1/s2/g1.147 shard=2
t=63.819218 node=worker-3 event=gpu_release op_id=map/B:b7/a1/s2/g1.147
t=63.922177 node=worker-3 event=gpu_released op_id=map/B:b7/a1/s2/g1.147 via=hint
t=63.922177 node=worker-3 event=task_done task=B:b7/a1/s2/g1.147 op_id=map/B:b7/a1/s2/g1.147 outcome=committed
t=63.928308 node=worker-3 event=batch_reported batch=worker-3/e1/b96 tasks=1 failed=0
t=65.594621 node=worker-3 event=gpu_op_terminal op_id=map/A:a18/a1/s1/g1.151 state=SUCCEEDED
t=65.600109 node=worker-3 event=task_committed task=A:a18/a1/s1/g1.151 shard=1
t=65.601360 node=worker-3 event=gpu_release op_id=map/A:a18/a1/s1/g1.151
t=65.620793 node=worker-3 event=gpu_op_terminal op_id=map/A:a18/a1/s2/g1.152 state=SUCCEEDED
t=65.622475 node=worker-3 event=task_abort task=A:a18/a1/s1/g1.151 reason=coordinator
t=65.622475 node=worker-3 event=task_abort task=A:a18/a1/s2/g1.152 reason=coordinator
t=65.636588 node=worker-3 event=task_committed task=A:a18/a1/s2/g1.152 shard=2
t=65.646111 node=worker-3 event=gpu_release op_id=map/A:a18/a1/s2/g1.152
t=65.699695 node=worker-3 event=gpu_released op_id=map/A:a18/a1/s1/g1.151 via=hint
t=65.699695 node=worker-3 event=task_done task=A:a18/a1/s1/g1.151 op_id=map/A:a18/a1/s1/g1.151 outcome=committed
t=65.732986 node=worker-3 event=gpu_released op_id=map/A:a18/a1/s2/g1.152 via=hint
t=65.732986 node=worker-3 event=task_done task=A:a18/a1/s2/g1.152 op_id=map/A:a18/a1/s2/g1.152 outcome=committed
t=65.743550 node=worker-3 event=batch_reported batch=worker-3/e1/b98 tasks=2 failed=0
t=69.457682 node=worker-3 event=batch_received batch=worker-3/e1/b102 tasks=1 epoch=1
t=69.457682 node=worker-3 event=task_start task=B:b7/a1/s0/g1.156 op_id=map/B:b7/a1/s0/g1.156 shard=0 speculative=false
t=69.469771 node=worker-3 event=gpu_submit op_id=map/B:b7/a1/s0/g1.156 units=2 attempt=1 state=PENDING
t=73.903293 node=worker-3 event=gpu_op_terminal op_id=map/B:b7/a1/s0/g1.156 state=SUCCEEDED
t=73.906701 node=worker-3 event=task_abort task=B:b7/a1/s0/g1.156 reason=coordinator
t=74.403293 node=worker-3 event=task_commit_retry task=B:b7/a1/s0/g1.156 attempt=1
t=74.607276 node=worker-3 event=task_committed task=B:b7/a1/s0/g1.156 shard=0
t=74.629558 node=worker-3 event=gpu_release op_id=map/B:b7/a1/s0/g1.156
t=74.769304 node=worker-3 event=gpu_released op_id=map/B:b7/a1/s0/g1.156 via=hint
t=74.769304 node=worker-3 event=task_done task=B:b7/a1/s0/g1.156 op_id=map/B:b7/a1/s0/g1.156 outcome=committed
t=74.776652 node=worker-3 event=batch_reported batch=worker-3/e1/b102 tasks=1 failed=0
