t=0.548168 node=gpu event=gpu_accepted op_id=C/long0/a1 tenant=C units=1 state=PENDING committed=1
t=0.924340 node=gpu event=gpu_started op_id=C/long0/a1 tenant=C units=1 state=RUNNING committed=1
t=1.133528 node=gpu event=gpu_accepted op_id=C/long1/a1 tenant=C units=1 state=PENDING committed=2
t=1.269174 node=gpu event=gpu_accepted op_id=C/long2/a1 tenant=C units=1 state=PENDING committed=3
t=1.279968 node=gpu event=gpu_accepted op_id=A/a0/a1 tenant=A units=2 state=PENDING committed=5
t=1.572789 node=gpu event=gpu_started op_id=C/long2/a1 tenant=C units=1 state=RUNNING committed=5
t=1.661392 node=gpu event=gpu_started op_id=A/a0/a1 tenant=A units=2 state=RUNNING committed=5
t=2.085214 node=gpu event=gpu_accepted op_id=C/c0/a1 tenant=C units=1 state=PENDING committed=6
t=2.108497 node=gpu event=gpu_started op_id=C/long1/a1 tenant=C units=1 state=RUNNING committed=6
t=2.661392 node=gpu event=gpu_finished op_id=A/a0/a1 tenant=A units=2 state=SUCCEEDED committed=6
t=2.832205 node=gpu event=gpu_release_requested op_id=A/a0/a1 tenant=A units=2 state=SUCCEEDED committed=6
t=2.980497 node=gpu event=gpu_started op_id=C/c0/a1 tenant=C units=1 state=RUNNING committed=6
t=4.424076 node=gpu event=gpu_release_complete op_id=A/a0/a1 tenant=A units=2 state=SUCCEEDED committed=4
t=4.980497 node=gpu event=gpu_finished op_id=C/c0/a1 tenant=C units=1 state=SUCCEEDED committed=4
t=5.241642 node=gpu event=gpu_release_requested op_id=C/c0/a1 tenant=C units=1 state=SUCCEEDED committed=4
t=6.390079 node=gpu event=gpu_release_complete op_id=C/c0/a1 tenant=C units=1 state=SUCCEEDED committed=3
t=23.924340 node=gpu event=gpu_finished op_id=C/long0/a1 tenant=C units=1 state=FAILED committed=3
t=24.572789 node=gpu event=gpu_finished op_id=C/long2/a1 tenant=C units=1 state=SUCCEEDED committed=3
t=25.108497 node=gpu event=gpu_finished op_id=C/long1/a1 tenant=C units=1 state=SUCCEEDED committed=3
t=39.244034 node=gpu event=gpu_accepted op_id=A/a1/a1 tenant=A units=2 state=PENDING committed=5
t=39.248756 node=gpu event=gpu_accepted op_id=A/a2/a1 tenant=A units=2 state=PENDING committed=7
t=39.404739 node=gpu event=gpu_accepted op_id=C/c13/a1 tenant=C units=1 state=PENDING committed=8
t=39.497351 node=gpu event=gpu_started op_id=A/a2/a1 tenant=A units=2 state=RUNNING committed=8
t=39.655166 node=gpu event=gpu_started op_id=A/a1/a1 tenant=A units=2 state=RUNNING committed=8
t=39.716651 node=gpu event=gpu_started op_id=C/c13/a1 tenant=C units=1 state=RUNNING committed=8
t=40.497351 node=gpu event=gpu_finished op_id=A/a2/a1 tenant=A units=2 state=FAILED committed=8
t=40.655166 node=gpu event=gpu_finished op_id=A/a1/a1 tenant=A units=2 state=SUCCEEDED committed=8
t=40.805975 node=gpu event=gpu_release_requested op_id=A/a1/a1 tenant=A units=2 state=SUCCEEDED committed=8
t=40.829604 node=gpu event=gpu_release_requested op_id=A/a2/a1 tenant=A units=2 state=FAILED committed=8
t=40.966223 node=gpu event=gpu_cancelled op_id=C/c13/a1 tenant=C units=1 state=CANCELLED committed=8
t=42.178144 node=gpu event=gpu_release_complete op_id=A/a2/a1 tenant=A units=2 state=FAILED committed=6
t=42.266551 node=gpu event=gpu_accepted op_id=A/a2/a2 tenant=A units=2 state=PENDING committed=8
t=42.267970 node=gpu event=gpu_release_requested op_id=C/c13/a1 tenant=C units=1 state=CANCELLED committed=8
t=42.382865 node=gpu event=gpu_release_complete op_id=A/a1/a1 tenant=A units=2 state=SUCCEEDED committed=6
t=42.516315 node=gpu event=gpu_started op_id=A/a2/a2 tenant=A units=2 state=RUNNING committed=6
t=42.573083 node=gpu event=gpu_accepted op_id=A/a3/a1 tenant=A units=2 state=PENDING committed=8
t=42.909285 node=gpu event=gpu_started op_id=A/a3/a1 tenant=A units=2 state=RUNNING committed=8
t=43.516315 node=gpu event=gpu_finished op_id=A/a2/a2 tenant=A units=2 state=SUCCEEDED committed=8
t=43.542040 node=gpu event=gpu_release_requested op_id=A/a2/a2 tenant=A units=2 state=SUCCEEDED committed=8
t=43.651245 node=gpu event=gpu_release_complete op_id=C/c13/a1 tenant=C units=1 state=CANCELLED committed=7
t=43.782467 node=gpu event=gpu_accepted op_id=C/c14/a1 tenant=C units=1 state=PENDING committed=8
t=43.909285 node=gpu event=gpu_finished op_id=A/a3/a1 tenant=A units=2 state=SUCCEEDED committed=8
t=44.267971 node=gpu event=gpu_started op_id=C/c14/a1 tenant=C units=1 state=RUNNING committed=8
t=44.922897 node=gpu event=gpu_release_complete op_id=A/a2/a2 tenant=A units=2 state=SUCCEEDED committed=6
t=45.347297 node=gpu event=gpu_cancelled op_id=C/c14/a1 tenant=C units=1 state=CANCELLED committed=6
t=45.663256 node=gpu event=gpu_release_requested op_id=C/c14/a1 tenant=C units=1 state=CANCELLED committed=6
t=47.096359 node=gpu event=gpu_release_complete op_id=C/c14/a1 tenant=C units=1 state=CANCELLED committed=5
t=47.977591 node=gpu event=gpu_release_requested op_id=A/a3/a1 tenant=A units=2 state=SUCCEEDED committed=5
t=48.825900 node=gpu event=gpu_release_complete op_id=A/a3/a1 tenant=A units=2 state=SUCCEEDED committed=3
t=61.102727 node=gpu event=gpu_accepted op_id=A/a4/a1 tenant=A units=2 state=PENDING committed=5
t=61.138621 node=gpu event=gpu_accepted op_id=A/a5/a1 tenant=A units=2 state=PENDING committed=7
t=61.549574 node=gpu event=gpu_started op_id=A/a5/a1 tenant=A units=2 state=RUNNING committed=7
t=61.707285 node=gpu event=gpu_started op_id=A/a4/a1 tenant=A units=2 state=RUNNING committed=7
t=62.549574 node=gpu event=gpu_finished op_id=A/a5/a1 tenant=A units=2 state=SUCCEEDED committed=7
t=62.707285 node=gpu event=gpu_finished op_id=A/a4/a1 tenant=A units=2 state=SUCCEEDED committed=7
t=62.730001 node=gpu event=gpu_release_requested op_id=A/a5/a1 tenant=A units=2 state=SUCCEEDED committed=7
t=62.975622 node=gpu event=gpu_release_requested op_id=A/a4/a1 tenant=A units=2 state=SUCCEEDED committed=7
t=64.469084 node=gpu event=gpu_release_complete op_id=A/a4/a1 tenant=A units=2 state=SUCCEEDED committed=5
t=64.523623 node=gpu event=gpu_release_complete op_id=A/a5/a1 tenant=A units=2 state=SUCCEEDED committed=3
t=64.573940 node=gpu event=gpu_accepted op_id=A/a6/a1 tenant=A units=2 state=PENDING committed=5
t=64.634997 node=gpu event=gpu_accepted op_id=A/a7/a1 tenant=A units=2 state=PENDING committed=7
t=64.987175 node=gpu event=gpu_started op_id=A/a6/a1 tenant=A units=2 state=RUNNING committed=7
t=65.168958 node=gpu event=gpu_started op_id=A/a7/a1 tenant=A units=2 state=RUNNING committed=7
t=65.987175 node=gpu event=gpu_finished op_id=A/a6/a1 tenant=A units=2 state=SUCCEEDED committed=7
t=66.162583 node=gpu event=gpu_release_requested op_id=A/a6/a1 tenant=A units=2 state=SUCCEEDED committed=7
t=66.168958 node=gpu event=gpu_finished op_id=A/a7/a1 tenant=A units=2 state=SUCCEEDED committed=7
t=66.182082 node=gpu event=gpu_release_requested op_id=A/a7/a1 tenant=A units=2 state=SUCCEEDED committed=7
t=67.625596 node=gpu event=gpu_release_complete op_id=A/a6/a1 tenant=A units=2 state=SUCCEEDED committed=5
t=67.658766 node=gpu event=gpu_release_complete op_id=A/a7/a1 tenant=A units=2 state=SUCCEEDED committed=3
t=67.712471 node=gpu event=gpu_accepted op_id=A/a8/a1 tenant=A units=2 state=PENDING committed=5
t=67.755775 node=gpu event=gpu_accepted op_id=A/a9/a1 tenant=A units=2 state=PENDING committed=7
t=68.196236 node=gpu event=gpu_started op_id=A/a8/a1 tenant=A units=2 state=RUNNING committed=7
t=68.270377 node=gpu event=gpu_started op_id=A/a9/a1 tenant=A units=2 state=RUNNING committed=7
t=69.196236 node=gpu event=gpu_finished op_id=A/a8/a1 tenant=A units=2 state=SUCCEEDED committed=7
t=69.260186 node=gpu event=gpu_release_requested op_id=A/a8/a1 tenant=A units=2 state=SUCCEEDED committed=7
t=69.270377 node=gpu event=gpu_finished op_id=A/a9/a1 tenant=A units=2 state=SUCCEEDED committed=7
t=69.294908 node=gpu event=gpu_release_requested op_id=A/a9/a1 tenant=A units=2 state=SUCCEEDED committed=7
t=70.555094 node=gpu event=gpu_release_complete op_id=A/a8/a1 tenant=A units=2 state=SUCCEEDED committed=5
t=70.608903 node=gpu event=gpu_accepted op_id=A/a10/a1 tenant=A units=2 state=PENDING committed=7
t=70.925745 node=gpu event=gpu_release_complete op_id=A/a9/a1 tenant=A units=2 state=SUCCEEDED committed=5
t=70.974851 node=gpu event=gpu_accepted op_id=A/a11/a1 tenant=A units=2 state=PENDING committed=7
t=70.976702 node=gpu event=gpu_started op_id=A/a10/a1 tenant=A units=2 state=RUNNING committed=7
t=71.430397 node=gpu event=gpu_started op_id=A/a11/a1 tenant=A units=2 state=RUNNING committed=7
t=71.976702 node=gpu event=gpu_finished op_id=A/a10/a1 tenant=A units=2 state=SUCCEEDED committed=7
t=72.149648 node=gpu event=gpu_release_requested op_id=A/a10/a1 tenant=A units=2 state=SUCCEEDED committed=7
t=72.430397 node=gpu event=gpu_finished op_id=A/a11/a1 tenant=A units=2 state=SUCCEEDED committed=7
t=72.553296 node=gpu event=gpu_release_requested op_id=A/a11/a1 tenant=A units=2 state=SUCCEEDED committed=7
t=73.026748 node=gpu event=gpu_release_complete op_id=A/a10/a1 tenant=A units=2 state=SUCCEEDED committed=5
t=73.066269 node=gpu event=gpu_accepted op_id=A/a12/a1 tenant=A units=2 state=PENDING committed=7
t=73.353069 node=gpu event=gpu_started op_id=A/a12/a1 tenant=A units=2 state=RUNNING committed=7
t=73.781943 node=gpu event=gpu_release_complete op_id=A/a11/a1 tenant=A units=2 state=SUCCEEDED committed=5
t=73.931801 node=gpu event=gpu_accepted op_id=A/a13/a1 tenant=A units=2 state=PENDING committed=7
t=74.353069 node=gpu event=gpu_finished op_id=A/a12/a1 tenant=A units=2 state=SUCCEEDED committed=7
t=74.433813 node=gpu event=gpu_started op_id=A/a13/a1 tenant=A units=2 state=RUNNING committed=7
t=74.646491 node=gpu event=gpu_release_requested op_id=A/a12/a1 tenant=A units=2 state=SUCCEEDED committed=7
t=75.433813 node=gpu event=gpu_finished op_id=A/a13/a1 tenant=A units=2 state=SUCCEEDED committed=7
t=75.496382 node=gpu event=gpu_release_requested op_id=A/a13/a1 tenant=A units=2 state=SUCCEEDED committed=7
t=75.801912 node=gpu event=gpu_release_complete op_id=A/a12/a1 tenant=A units=2 state=SUCCEEDED committed=5
t=75.944620 node=gpu event=gpu_accepted op_id=A/a14/a1 tenant=A units=2 state=PENDING committed=7
t=76.926871 node=gpu event=gpu_started op_id=A/a14/a1 tenant=A units=2 state=RUNNING committed=7
t=77.055863 node=gpu event=gpu_release_complete op_id=A/a13/a1 tenant=A units=2 state=SUCCEEDED committed=5
t=77.185989 node=gpu event=gpu_accepted op_id=A/a15/a1 tenant=A units=2 state=PENDING committed=7
t=77.926871 node=gpu event=gpu_finished op_id=A/a14/a1 tenant=A units=2 state=SUCCEEDED committed=7
t=78.131510 node=gpu event=gpu_release_requested op_id=A/a14/a1 tenant=A units=2 state=SUCCEEDED committed=7
t=78.181682 node=gpu event=gpu_started op_id=A/a15/a1 tenant=A units=2 state=RUNNING committed=7
t=79.046229 node=gpu event=gpu_release_complete op_id=A/a14/a1 tenant=A units=2 state=SUCCEEDED committed=5
t=79.080662 node=gpu event=gpu_accepted op_id=A/a16/a1 tenant=A units=2 state=PENDING committed=7
t=79.181682 node=gpu event=gpu_finished op_id=A/a15/a1 tenant=A units=2 state=SUCCEEDED committed=7
t=79.378735 node=gpu event=gpu_release_requested op_id=A/a15/a1 tenant=A units=2 state=SUCCEEDED committed=7
t=79.430910 node=gpu event=gpu_started op_id=A/a16/a1 tenant=A units=2 state=RUNNING committed=7
t=80.430910 node=gpu event=gpu_finished op_id=A/a16/a1 tenant=A units=2 state=SUCCEEDED committed=7
t=80.532799 node=gpu event=gpu_release_complete op_id=A/a15/a1 tenant=A units=2 state=SUCCEEDED committed=5
t=80.584907 node=gpu event=gpu_accepted op_id=A/a17/a1 tenant=A units=2 state=PENDING committed=7
t=80.637712 node=gpu event=gpu_release_requested op_id=A/a16/a1 tenant=A units=2 state=SUCCEEDED committed=7
t=81.470205 node=gpu event=gpu_started op_id=A/a17/a1 tenant=A units=2 state=RUNNING committed=7
t=81.599973 node=gpu event=gpu_release_complete op_id=A/a16/a1 tenant=A units=2 state=SUCCEEDED committed=5
t=81.678919 node=gpu event=gpu_accepted op_id=A/a18/a1 tenant=A units=2 state=PENDING committed=7
t=82.470205 node=gpu event=gpu_finished op_id=A/a17/a1 tenant=A units=2 state=SUCCEEDED committed=7
t=82.590452 node=gpu event=gpu_started op_id=A/a18/a1 tenant=A units=2 state=RUNNING committed=7
t=82.767038 node=gpu event=gpu_release_requested op_id=A/a17/a1 tenant=A units=2 state=SUCCEEDED committed=7
t=83.590452 node=gpu event=gpu_finished op_id=A/a18/a1 tenant=A units=2 state=SUCCEEDED committed=7
t=83.887366 node=gpu event=gpu_release_requested op_id=A/a18/a1 tenant=A units=2 state=SUCCEEDED committed=7
t=84.513229 node=gpu event=gpu_release_complete op_id=A/a17/a1 tenant=A units=2 state=SUCCEEDED committed=5
t=84.541963 node=gpu event=gpu_accepted op_id=A/a19/a1 tenant=A units=2 state=PENDING committed=7
t=84.918681 node=gpu event=gpu_started op_id=A/a19/a1 tenant=A units=2 state=RUNNING committed=7
t=85.519649 node=gpu event=gpu_release_complete op_id=A/a18/a1 tenant=A units=2 state=SUCCEEDED committed=5
t=85.918681 node=gpu event=gpu_finished op_id=A/a19/a1 tenant=A units=2 state=SUCCEEDED committed=5
t=86.081742 node=gpu event=gpu_release_requested op_id=A/a19/a1 tenant=A units=2 state=SUCCEEDED committed=5
t=87.913192 node=gpu event=gpu_release_complete op_id=A/a19/a1 tenant=A units=2 state=SUCCEEDED committed=3
