t=0.000000 node=worker-3 event=worker_start boot=0 slots=3
t=0.030813 node=worker-3 event=worker_registered epoch=1 reg_seq=1 gen=1
t=1.783665 node=worker-3 event=batch_received batch=worker-3/e1/b3 tasks=2 epoch=1
t=1.783665 node=worker-3 event=task_start task=A:agg-0/a1/s6/g1.7 op_id=map/A:agg-0/a1/s6/g1.7 shard=6 speculative=false
t=1.783665 node=worker-3 event=task_start task=A:agg-0/a1/s7/g1.8 op_id=map/A:agg-0/a1/s7/g1.8 shard=7 speculative=false
t=1.785572 node=worker-3 event=gpu_submit op_id=map/A:agg-0/a1/s6/g1.7 units=1 attempt=1 state=PENDING
t=1.841025 node=worker-3 event=gpu_submit op_id=map/A:agg-0/a1/s7/g1.8 units=1 attempt=1 state=PENDING
t=3.412826 node=worker-3 event=batch_received batch=worker-3/e1/b5 tasks=1 epoch=1
t=3.412826 node=worker-3 event=task_start task=B:roll-0/a1/s3/g1.12 op_id=map/B:roll-0/a1/s3/g1.12 shard=3 speculative=false
t=3.456796 node=worker-3 event=gpu_submit op_id=map/B:roll-0/a1/s3/g1.12 units=1 attempt=1 state=PENDING
t=4.187723 node=worker-3 event=gpu_op_terminal op_id=map/A:agg-0/a1/s7/g1.8 state=SUCCEEDED
t=4.252047 node=worker-3 event=task_committed task=A:agg-0/a1/s7/g1.8 shard=7
t=4.301724 node=worker-3 event=gpu_release op_id=map/A:agg-0/a1/s7/g1.8
t=4.657794 node=worker-3 event=gpu_op_terminal op_id=map/B:roll-0/a1/s3/g1.12 state=SUCCEEDED
t=4.684866 node=worker-3 event=task_committed task=B:roll-0/a1/s3/g1.12 shard=3
t=4.700871 node=worker-3 event=gpu_release op_id=map/B:roll-0/a1/s3/g1.12
t=4.883694 node=worker-3 event=gpu_released op_id=map/A:agg-0/a1/s7/g1.8 via=status
t=4.883694 node=worker-3 event=task_done task=A:agg-0/a1/s7/g1.8 op_id=map/A:agg-0/a1/s7/g1.8 outcome=committed
t=4.926942 node=worker-3 event=gpu_released op_id=map/B:roll-0/a1/s3/g1.12 via=hint
t=4.926942 node=worker-3 event=task_done task=B:roll-0/a1/s3/g1.12 op_id=map/B:roll-0/a1/s3/g1.12 outcome=committed
t=4.961522 node=worker-3 event=batch_reported batch=worker-3/e1/b5 tasks=1 failed=0
t=5.080567 node=worker-3 event=gpu_op_terminal op_id=map/A:agg-0/a1/s6/g1.7 state=SUCCEEDED
t=5.088069 node=worker-3 event=task_committed task=A:agg-0/a1/s6/g1.7 shard=6
t=5.166526 node=worker-3 event=gpu_release op_id=map/A:agg-0/a1/s6/g1.7
t=5.198268 node=worker-3 event=task_abort task=A:agg-0/a1/s6/g1.7 reason=coordinator
t=5.198268 node=worker-3 event=task_abort task=A:agg-0/a1/s7/g1.8 reason=coordinator
t=5.238327 node=worker-3 event=batch_received batch=worker-3/e1/b8 tasks=0 epoch=1
t=5.265057 node=worker-3 event=batch_reported batch=worker-3/e1/b8 tasks=0 failed=0
t=5.375794 node=worker-3 event=gpu_released op_id=map/A:agg-0/a1/s6/g1.7 via=hint
t=5.375794 node=worker-3 event=task_done task=A:agg-0/a1/s6/g1.7 op_id=map/A:agg-0/a1/s6/g1.7 outcome=committed
t=5.535777 node=worker-3 event=batch_reported batch=worker-3/e1/b3 tasks=2 failed=0
t=6.022659 node=worker-3 event=batch_received batch=worker-3/e1/b10 tasks=1 epoch=1
t=6.022659 node=worker-3 event=task_start task=B:roll-0/a1/s2/g1.18 op_id=map/B:roll-0/a1/s2/g1.18 shard=2 speculative=true
t=6.078027 node=worker-3 event=gpu_submit op_id=map/B:roll-0/a1/s2/g1.18 units=1 attempt=1 state=PENDING
t=6.565356 node=worker-3 event=task_abort task=B:roll-0/a1/s2/g1.18 reason=heartbeat
t=6.604700 node=worker-3 event=batch_received batch=worker-3/e1/b13 tasks=2 epoch=1
t=6.604700 node=worker-3 event=task_start task=A:agg-1/a1/s5/g1.24 op_id=map/A:agg-1/a1/s5/g1.24 shard=5 speculative=false
t=6.604700 node=worker-3 event=task_start task=A:agg-1/a1/s6/g1.25 op_id=map/A:agg-1/a1/s6/g1.25 shard=6 speculative=false
t=6.647005 node=worker-3 event=gpu_submit op_id=map/A:agg-1/a1/s5/g1.24 units=1 attempt=1 state=PENDING
t=6.651643 node=worker-3 event=gpu_submit op_id=map/A:agg-1/a1/s6/g1.25 units=1 attempt=1 state=PENDING
t=6.717967 node=worker-3 event=gpu_cancel op_id=map/B:roll-0/a1/s2/g1.18
t=6.743629 node=worker-3 event=gpu_op_terminal op_id=map/B:roll-0/a1/s2/g1.18 state=CANCELLED
t=6.755140 node=worker-3 event=gpu_release op_id=map/B:roll-0/a1/s2/g1.18
t=6.862987 node=worker-3 event=gpu_released op_id=map/B:roll-0/a1/s2/g1.18 via=hint
t=6.862987 node=worker-3 event=task_done task=B:roll-0/a1/s2/g1.18 op_id=map/B:roll-0/a1/s2/g1.18 outcome=aborted
t=6.940468 node=worker-3 event=batch_reported batch=worker-3/e1/b10 tasks=1 failed=0
t=6.940468 node=worker-3 event=batch_received batch=worker-3/e1/b14 tasks=1 epoch=1
t=6.940468 node=worker-3 event=task_start task=A:agg-1/a1/s7/g1.26 op_id=map/A:agg-1/a1/s7/g1.26 shard=7 speculative=false
t=7.006468 node=worker-3 event=gpu_submit op_id=map/A:agg-1/a1/s7/g1.26 units=1 attempt=1 state=PENDING
t=7.649874 node=worker-3 event=gpu_op_terminal op_id=map/A:agg-1/a1/s5/g1.24 state=SUCCEEDED
t=7.680976 node=worker-3 event=task_committed task=A:agg-1/a1/s5/g1.24 shard=5
t=7.717807 node=worker-3 event=gpu_release op_id=map/A:agg-1/a1/s5/g1.24
t=7.889796 node=worker-3 event=gpu_released op_id=map/A:agg-1/a1/s5/g1.24 via=hint
t=7.889796 node=worker-3 event=task_done task=A:agg-1/a1/s5/g1.24 op_id=map/A:agg-1/a1/s5/g1.24 outcome=committed
t=9.135944 node=worker-3 event=gpu_op_terminal op_id=map/A:agg-1/a1/s7/g1.26 state=SUCCEEDED
t=9.163325 node=worker-3 event=task_committed task=A:agg-1/a1/s7/g1.26 shard=7
t=9.168517 node=worker-3 event=gpu_release op_id=map/A:agg-1/a1/s7/g1.26
t=9.276085 node=worker-3 event=gpu_released op_id=map/A:agg-1/a1/s7/g1.26 via=hint
t=9.276085 node=worker-3 event=task_done task=A:agg-1/a1/s7/g1.26 op_id=map/A:agg-1/a1/s7/g1.26 outcome=committed
t=9.357298 node=worker-3 event=batch_reported batch=worker-3/e1/b14 tasks=1 failed=0
t=10.584541 node=worker-3 event=gpu_op_terminal op_id=map/A:agg-1/a1/s6/g1.25 state=SUCCEEDED
t=10.588914 node=worker-3 event=task_committed task=A:agg-1/a1/s6/g1.25 shard=6
t=10.596135 node=worker-3 event=gpu_release op_id=map/A:agg-1/a1/s6/g1.25
t=10.749435 node=worker-3 event=gpu_released op_id=map/A:agg-1/a1/s6/g1.25 via=hint
t=10.749435 node=worker-3 event=task_done task=A:agg-1/a1/s6/g1.25 op_id=map/A:agg-1/a1/s6/g1.25 outcome=committed
t=10.783777 node=worker-3 event=batch_reported batch=worker-3/e1/b13 tasks=2 failed=0
t=11.101940 node=worker-3 event=batch_received batch=worker-3/e1/b19 tasks=1 epoch=1
t=11.101940 node=worker-3 event=task_start task=B:roll-1/a1/s3/g1.34 op_id=map/B:roll-1/a1/s3/g1.34 shard=3 speculative=true
t=11.116640 node=worker-3 event=gpu_submit op_id=map/B:roll-1/a1/s3/g1.34 units=1 attempt=1 state=PENDING
t=12.034987 node=worker-3 event=batch_received batch=worker-3/e1/b22 tasks=2 epoch=1
t=12.034987 node=worker-3 event=task_start task=A:agg-2/a1/s2/g1.38 op_id=map/A:agg-2/a1/s2/g1.38 shard=2 speculative=false
t=12.034987 node=worker-3 event=task_start task=A:agg-2/a1/s3/g1.39 op_id=map/A:agg-2/a1/s3/g1.39 shard=3 speculative=false
t=12.066371 node=worker-3 event=gpu_op_terminal op_id=map/B:roll-1/a1/s3/g1.34 state=SUCCEEDED
t=12.107596 node=worker-3 event=task_committed task=B:roll-1/a1/s3/g1.34 shard=3
t=12.108421 node=worker-3 event=gpu_submit op_id=map/A:agg-2/a1/s2/g1.38 units=1 attempt=1 state=PENDING
t=12.139672 node=worker-3 event=gpu_release op_id=map/B:roll-1/a1/s3/g1.34
t=12.196761 node=worker-3 event=gpu_submit op_id=map/A:agg-2/a1/s3/g1.39 units=1 attempt=1 state=PENDING
t=12.371343 node=worker-3 event=gpu_released op_id=map/B:roll-1/a1/s3/g1.34 via=hint
t=12.371343 node=worker-3 event=task_done task=B:roll-1/a1/s3/g1.34 op_id=map/B:roll-1/a1/s3/g1.34 outcome=committed
t=12.401103 node=worker-3 event=batch_reported batch=worker-3/e1/b19 tasks=1 failed=0
t=12.414924 node=worker-3 event=batch_received batch=worker-3/e1/b25 tasks=1 epoch=1
t=12.414924 node=worker-3 event=task_start task=A:agg-2/a1/s7/g1.43 op_id=map/A:agg-2/a1/s7/g1.43 shard=7 speculative=false
t=12.473701 node=worker-3 event=gpu_submit op_id=map/A:agg-2/a1/s7/g1.43 units=1 attempt=1 state=PENDING
t=13.247553 node=worker-3 event=gpu_op_terminal op_id=map/A:agg-2/a1/s2/g1.38 state=SUCCEEDED
t=13.438551 node=worker-3 event=task_committed task=A:agg-2/a1/s2/g1.38 shard=2
t=13.476946 node=worker-3 event=gpu_release op_id=map/A:agg-2/a1/s2/g1.38
t=13.775568 node=worker-3 event=gpu_released op_id=map/A:agg-2/a1/s2/g1.38 via=hint
t=13.775568 node=worker-3 event=task_done task=A:agg-2/a1/s2/g1.38 op_id=map/A:agg-2/a1/s2/g1.38 outcome=committed
t=13.914692 node=worker-3 event=gpu_op_terminal op_id=map/A:agg-2/a1/s3/g1.39 state=SUCCEEDED
t=13.919193 node=worker-3 event=task_committed task=A:agg-2/a1/s3/g1.39 shard=3
t=13.951573 node=worker-3 event=gpu_op_terminal op_id=map/A:agg-2/a1/s7/g1.43 state=SUCCEEDED
t=14.062936 node=worker-3 event=gpu_release op_id=map/A:agg-2/a1/s3/g1.39
t=14.161210 node=worker-3 event=task_committed task=A:agg-2/a1/s7/g1.43 shard=7
t=14.347108 node=worker-3 event=gpu_released op_id=map/A:agg-2/a1/s3/g1.39 via=hint
t=14.347108 node=worker-3 event=task_done task=A:agg-2/a1/s3/g1.39 op_id=map/A:agg-2/a1/s3/g1.39 outcome=committed
t=14.408447 node=worker-3 event=batch_reported batch=worker-3/e1/b22 tasks=2 failed=0
t=14.421352 node=worker-3 event=gpu_release op_id=map/A:agg-2/a1/s7/g1.43
t=14.421352 node=worker-3 event=gpu_released op_id=map/A:agg-2/a1/s7/g1.43 via=hint
t=14.421352 node=worker-3 event=task_done task=A:agg-2/a1/s7/g1.43 op_id=map/A:agg-2/a1/s7/g1.43 outcome=committed
t=14.438590 node=worker-3 event=batch_reported batch=worker-3/e1/b25 tasks=1 failed=0
t=14.673477 node=worker-3 event=batch_received batch=worker-3/e1/b31 tasks=1 epoch=1
t=14.673477 node=worker-3 event=task_start task=A:agg-2/a1/s4/g1.50 op_id=map/A:agg-2/a1/s4/g1.50 shard=4 speculative=true
t=14.689036 node=worker-3 event=gpu_submit op_id=map/A:agg-2/a1/s4/g1.50 units=1 attempt=1 state=PENDING
t=14.843710 node=worker-3 event=task_abort task=A:agg-2/a1/s4/g1.50 reason=coordinator
t=15.038881 node=worker-3 event=gpu_cancel op_id=map/A:agg-2/a1/s4/g1.50
t=15.075102 node=worker-3 event=gpu_op_terminal op_id=map/A:agg-2/a1/s4/g1.50 state=CANCELLED
t=15.132076 node=worker-3 event=gpu_release op_id=map/A:agg-2/a1/s4/g1.50
t=15.330925 node=worker-3 event=gpu_released op_id=map/A:agg-2/a1/s4/g1.50 via=hint
t=15.330925 node=worker-3 event=task_done task=A:agg-2/a1/s4/g1.50 op_id=map/A:agg-2/a1/s4/g1.50 outcome=aborted
t=15.379894 node=worker-3 event=batch_reported batch=worker-3/e1/b31 tasks=1 failed=0
t=15.417251 node=worker-3 event=batch_received batch=worker-3/e1/b32 tasks=1 epoch=1
t=15.417251 node=worker-3 event=task_start task=B:roll-2/a1/s1/g1.51 op_id=map/B:roll-2/a1/s1/g1.51 shard=1 speculative=true
t=15.463075 node=worker-3 event=gpu_submit op_id=map/B:roll-2/a1/s1/g1.51 units=1 attempt=1 state=PENDING
t=16.008393 node=worker-3 event=task_abort task=B:roll-2/a1/s1/g1.51 reason=coordinator
t=16.103050 node=worker-3 event=gpu_cancel op_id=map/B:roll-2/a1/s1/g1.51
t=16.159642 node=worker-3 event=gpu_op_terminal op_id=map/B:roll-2/a1/s1/g1.51 state=CANCELLED
t=16.266537 node=worker-3 event=gpu_release op_id=map/B:roll-2/a1/s1/g1.51
t=16.488883 node=worker-3 event=gpu_released op_id=map/B:roll-2/a1/s1/g1.51 via=hint
t=16.488883 node=worker-3 event=task_done task=B:roll-2/a1/s1/g1.51 op_id=map/B:roll-2/a1/s1/g1.51 outcome=aborted
t=16.505116 node=worker-3 event=batch_reported batch=worker-3/e1/b32 tasks=1 failed=0
t=16.829507 node=worker-3 event=batch_received batch=worker-3/e1/b35 tasks=2 epoch=1
t=16.829507 node=worker-3 event=task_start task=A:agg-3/a1/s6/g1.58 op_id=map/A:agg-3/a1/s6/g1.58 shard=6 speculative=false
t=16.829507 node=worker-3 event=task_start task=A:agg-3/a1/s7/g1.59 op_id=map/A:agg-3/a1/s7/g1.59 shard=7 speculative=false
t=16.853565 node=worker-3 event=gpu_submit op_id=map/A:agg-3/a1/s6/g1.58 units=1 attempt=1 state=PENDING
t=16.891258 node=worker-3 event=gpu_submit op_id=map/A:agg-3/a1/s7/g1.59 units=1 attempt=1 state=PENDING
t=17.980063 node=worker-3 event=gpu_op_terminal op_id=map/A:agg-3/a1/s7/g1.59 state=SUCCEEDED
t=17.995851 node=worker-3 event=task_committed task=A:agg-3/a1/s7/g1.59 shard=7
t=18.040116 node=worker-3 event=gpu_release op_id=map/A:agg-3/a1/s7/g1.59
t=18.191251 node=worker-3 event=gpu_released op_id=map/A:agg-3/a1/s7/g1.59 via=hint
t=18.191251 node=worker-3 event=task_done task=A:agg-3/a1/s7/g1.59 op_id=map/A:agg-3/a1/s7/g1.59 outcome=committed
t=18.347088 node=worker-3 event=batch_received batch=worker-3/e1/b37 tasks=1 epoch=1
t=18.347088 node=worker-3 event=task_start task=B:roll-3/a1/s3/g1.63 op_id=map/B:roll-3/a1/s3/g1.63 shard=3 speculative=false
t=18.356330 node=worker-3 event=gpu_submit op_id=map/B:roll-3/a1/s3/g1.63 units=1 attempt=1 state=PENDING
t=20.415125 node=worker-3 event=gpu_op_terminal op_id=map/B:roll-3/a1/s3/g1.63 state=SUCCEEDED
t=20.461139 node=worker-3 event=task_committed task=B:roll-3/a1/s3/g1.63 shard=3
t=20.494934 node=worker-3 event=gpu_op_terminal op_id=map/A:agg-3/a1/s6/g1.58 state=SUCCEEDED
t=20.494934 node=worker-3 event=gpu_release op_id=map/B:roll-3/a1/s3/g1.63
t=20.501532 node=worker-3 event=task_abort task=A:agg-3/a1/s6/g1.58 reason=coordinator
t=20.501532 node=worker-3 event=task_abort task=A:agg-3/a1/s7/g1.59 reason=coordinator
t=20.513803 node=worker-3 event=task_committed task=A:agg-3/a1/s6/g1.58 shard=6
t=20.543204 node=worker-3 event=gpu_release op_id=map/A:agg-3/a1/s6/g1.58
t=20.616821 node=worker-3 event=gpu_released op_id=map/B:roll-3/a1/s3/g1.63 via=hint
t=20.616821 node=worker-3 event=task_done task=B:roll-3/a1/s3/g1.63 op_id=map/B:roll-3/a1/s3/g1.63 outcome=committed
t=20.661407 node=worker-3 event=batch_reported batch=worker-3/e1/b37 tasks=1 failed=0
t=20.675934 node=worker-3 event=gpu_released op_id=map/A:agg-3/a1/s6/g1.58 via=hint
t=20.675934 node=worker-3 event=task_done task=A:agg-3/a1/s6/g1.58 op_id=map/A:agg-3/a1/s6/g1.58 outcome=committed
t=20.719467 node=worker-3 event=batch_reported batch=worker-3/e1/b35 tasks=2 failed=0
t=21.501652 node=worker-3 event=batch_received batch=worker-3/e1/b42 tasks=3 epoch=1
t=21.501652 node=worker-3 event=task_start task=A:agg-4/a1/s0/g1.69 op_id=map/A:agg-4/a1/s0/g1.69 shard=0 speculative=false
t=21.501652 node=worker-3 event=task_start task=A:agg-4/a1/s1/g1.70 op_id=map/A:agg-4/a1/s1/g1.70 shard=1 speculative=false
t=21.501652 node=worker-3 event=task_start task=A:agg-4/a1/s2/g1.71 op_id=map/A:agg-4/a1/s2/g1.71 shard=2 speculative=false
t=21.529020 node=worker-3 event=gpu_submit op_id=map/A:agg-4/a1/s0/g1.69 units=1 attempt=1 state=PENDING
t=21.584743 node=worker-3 event=gpu_submit op_id=map/A:agg-4/a1/s1/g1.70 units=1 attempt=1 state=PENDING
t=21.584743 node=worker-3 event=gpu_submit op_id=map/A:agg-4/a1/s2/g1.71 units=1 attempt=1 state=PENDING
t=22.187009 node=worker-3 event=gpu_op_terminal op_id=map/A:agg-4/a1/s1/g1.70 state=SUCCEEDED
t=22.218062 node=worker-3 event=task_committed task=A:agg-4/a1/s1/g1.70 shard=1
t=22.255709 node=worker-3 event=gpu_release op_id=map/A:agg-4/a1/s1/g1.70
t=22.419295 node=worker-3 event=gpu_released op_id=map/A:agg-4/a1/s1/g1.70 via=hint
t=22.419295 node=worker-3 event=task_done task=A:agg-4/a1/s1/g1.70 op_id=map/A:agg-4/a1/s1/g1.70 outcome=committed
t=22.562231 node=worker-3 event=gpu_op_terminal op_id=map/A:agg-4/a1/s2/g1.71 state=SUCCEEDED
t=22.583870 node=worker-3 event=task_committed task=A:agg-4/a1/s2/g1.71 shard=2
t=22.635424 node=worker-3 event=gpu_release op_id=map/A:agg-4/a1/s2/g1.71
t=22.847381 node=worker-3 event=gpu_released op_id=map/A:agg-4/a1/s2/g1.71 via=status
t=22.847381 node=worker-3 event=task_done task=A:agg-4/a1/s2/g1.71 op_id=map/A:agg-4/a1/s2/g1.71 outcome=committed
t=23.209389 node=worker-3 event=gpu_op_terminal op_id=map/A:agg-4/a1/s0/g1.69 state=SUCCEEDED
t=23.240115 node=worker-3 event=task_committed task=A:agg-4/a1/s0/g1.69 shard=0
t=23.263464 node=worker-3 event=gpu_release op_id=map/A:agg-4/a1/s0/g1.69
t=23.605472 node=worker-3 event=gpu_released op_id=map/A:agg-4/a1/s0/g1.69 via=hint
t=23.605472 node=worker-3 event=task_done task=A:agg-4/a1/s0/g1.69 op_id=map/A:agg-4/a1/s0/g1.69 outcome=committed
t=23.659338 node=worker-3 event=batch_reported batch=worker-3/e1/b42 tasks=3 failed=0
t=23.704418 node=worker-3 event=batch_received batch=worker-3/e1/b47 tasks=2 epoch=1
t=23.704418 node=worker-3 event=task_start task=B:roll-4/a1/s4/g1.81 op_id=map/B:roll-4/a1/s4/g1.81 shard=4 speculative=false
t=23.704418 node=worker-3 event=task_start task=B:roll-4/a1/s5/g1.82 op_id=map/B:roll-4/a1/s5/g1.82 shard=5 speculative=false
t=23.758114 node=worker-3 event=gpu_submit op_id=map/B:roll-4/a1/s4/g1.81 units=1 attempt=1 state=PENDING
t=23.774489 node=worker-3 event=gpu_submit op_id=map/B:roll-4/a1/s5/g1.82 units=1 attempt=1 state=PENDING
t=24.948303 node=worker-3 event=gpu_op_terminal op_id=map/B:roll-4/a1/s5/g1.82 state=SUCCEEDED
t=24.970849 node=worker-3 event=task_committed task=B:roll-4/a1/s5/g1.82 shard=5
t=25.227217 node=worker-3 event=gpu_release op_id=map/B:roll-4/a1/s5/g1.82
t=25.227217 node=worker-3 event=gpu_released op_id=map/B:roll-4/a1/s5/g1.82 via=hint
t=25.227217 node=worker-3 event=task_done task=B:roll-4/a1/s5/g1.82 op_id=map/B:roll-4/a1/s5/g1.82 outcome=committed
t=26.310701 node=worker-3 event=gpu_op_terminal op_id=map/B:roll-4/a1/s4/g1.81 state=SUCCEEDED
t=26.373651 node=worker-3 event=task_committed task=B:roll-4/a1/s4/g1.81 shard=4
t=26.397220 node=worker-3 event=gpu_release op_id=map/B:roll-4/a1/s4/g1.81
t=26.421127 node=worker-3 event=batch_received batch=worker-3/e1/b54 tasks=1 epoch=1
t=26.421127 node=worker-3 event=task_start task=A:agg-5/a1/s1/g1.89 op_id=map/A:agg-5/a1/s1/g1.89 shard=1 speculative=false
t=26.486828 node=worker-3 event=gpu_submit op_id=map/A:agg-5/a1/s1/g1.89 units=1 attempt=1 state=PENDING
t=26.608453 node=worker-3 event=gpu_released op_id=map/B:roll-4/a1/s4/g1.81 via=hint
t=26.608453 node=worker-3 event=task_done task=B:roll-4/a1/s4/g1.81 op_id=map/B:roll-4/a1/s4/g1.81 outcome=committed
t=26.632122 node=worker-3 event=batch_reported batch=worker-3/e1/b47 tasks=2 failed=0
t=26.720817 node=worker-3 event=batch_received batch=worker-3/e1/b57 tasks=2 epoch=1
t=26.720817 node=worker-3 event=task_start task=A:agg-5/a1/s4/g1.92 op_id=map/A:agg-5/a1/s4/g1.92 shard=4 speculative=false
t=26.720817 node=worker-3 event=task_start task=A:agg-5/a1/s5/g1.93 op_id=map/A:agg-5/a1/s5/g1.93 shard=5 speculative=false
t=26.807276 node=worker-3 event=gpu_submit op_id=map/A:agg-5/a1/s4/g1.92 units=1 attempt=1 state=PENDING
t=26.807276 node=worker-3 event=gpu_submit op_id=map/A:agg-5/a1/s5/g1.93 units=1 attempt=1 state=PENDING
t=28.984989 node=worker-3 event=gpu_op_terminal op_id=map/A:agg-5/a1/s1/g1.89 state=SUCCEEDED
t=29.088995 node=worker-3 event=task_committed task=A:agg-5/a1/s1/g1.89 shard=1
t=29.111008 node=worker-3 event=gpu_release op_id=map/A:agg-5/a1/s1/g1.89
t=29.259945 node=worker-3 event=gpu_released op_id=map/A:agg-5/a1/s1/g1.89 via=hint
t=29.259945 node=worker-3 event=task_done task=A:agg-5/a1/s1/g1.89 op_id=map/A:agg-5/a1/s1/g1.89 outcome=committed
t=29.298573 node=worker-3 event=batch_reported batch=worker-3/e1/b54 tasks=1 failed=0
t=29.303189 node=worker-3 event=batch_received batch=worker-3/e1/b63 tasks=1 epoch=1
t=29.303189 node=worker-3 event=task_start task=B:roll-5/a1/s3/g1.99 op_id=map/B:roll-5/a1/s3/g1.99 shard=3 speculative=false
t=29.371901 node=worker-3 event=gpu_submit op_id=map/B:roll-5/a1/s3/g1.99 units=1 attempt=1 state=PENDING
t=29.760785 node=worker-3 event=gpu_op_terminal op_id=map/A:agg-5/a1/s4/g1.92 state=SUCCEEDED
t=29.810206 node=worker-3 event=task_committed task=A:agg-5/a1/s4/g1.92 shard=4
t=29.840657 node=worker-3 event=gpu_release op_id=map/A:agg-5/a1/s4/g1.92
t=30.008893 node=worker-3 event=gpu_released op_id=map/A:agg-5/a1/s4/g1.92 via=hint
t=30.008893 node=worker-3 event=task_done task=A:agg-5/a1/s4/g1.92 op_id=map/A:agg-5/a1/s4/g1.92 outcome=committed
t=30.416461 node=worker-3 event=gpu_op_terminal op_id=map/A:agg-5/a1/s5/g1.93 state=SUCCEEDED
t=30.424416 node=worker-3 event=task_committed task=A:agg-5/a1/s5/g1.93 shard=5
t=30.441531 node=worker-3 event=gpu_release op_id=map/A:agg-5/a1/s5/g1.93
t=30.561961 node=worker-3 event=gpu_released op_id=map/A:agg-5/a1/s5/g1.93 via=hint
t=30.561961 node=worker-3 event=task_done task=A:agg-5/a1/s5/g1.93 op_id=map/A:agg-5/a1/s5/g1.93 outcome=committed
t=30.589811 node=worker-3 event=batch_reported batch=worker-3/e1/b57 tasks=2 failed=0
t=31.134715 node=worker-3 event=batch_received batch=worker-3/e1/b68 tasks=2 epoch=1
t=31.134715 node=worker-3 event=task_start task=A:agg-6/a1/s3/g1.107 op_id=map/A:agg-6/a1/s3/g1.107 shard=3 speculative=false
t=31.134715 node=worker-3 event=task_start task=A:agg-6/a1/s4/g1.108 op_id=map/A:agg-6/a1/s4/g1.108 shard=4 speculative=false
t=31.205194 node=worker-3 event=gpu_submit op_id=map/A:agg-6/a1/s3/g1.107 units=1 attempt=1 state=PENDING
t=31.205194 node=worker-3 event=gpu_submit op_id=map/A:agg-6/a1/s4/g1.108 units=1 attempt=1 state=PENDING
t=32.128997 node=worker-3 event=gpu_op_terminal op_id=map/A:agg-6/a1/s4/g1.108 state=SUCCEEDED
t=32.343162 node=worker-3 event=task_committed task=A:agg-6/a1/s4/g1.108 shard=4
t=32.402516 node=worker-3 event=gpu_release op_id=map/A:agg-6/a1/s4/g1.108
t=32.466544 node=worker-3 event=gpu_released op_id=map/A:agg-6/a1/s4/g1.108 via=hint
t=32.466544 node=worker-3 event=task_done task=A:agg-6/a1/s4/g1.108 op_id=map/A:agg-6/a1/s4/g1.108 outcome=committed
t=33.364805 node=worker-3 event=task_abort task=B:roll-5/a1/s3/g1.99 reason=coordinator
t=33.432305 node=worker-3 event=batch_received batch=worker-3/e1/b78 tasks=1 epoch=1
t=33.432305 node=worker-3 event=task_start task=B:roll-6/a1/s4/g1.118 op_id=map/B:roll-6/a1/s4/g1.118 shard=4 speculative=false
t=33.445890 node=worker-3 event=gpu_submit op_id=map/B:roll-6/a1/s4/g1.118 units=1 attempt=1 state=PENDING
t=33.584029 node=worker-3 event=gpu_cancel op_id=map/B:roll-5/a1/s3/g1.99
t=33.603887 node=worker-3 event=gpu_op_terminal op_id=map/B:roll-5/a1/s3/g1.99 state=SUCCEEDED
t=33.721007 node=worker-3 event=gpu_release op_id=map/B:roll-5/a1/s3/g1.99
t=33.895667 node=worker-3 event=gpu_released op_id=map/B:roll-5/a1/s3/g1.99 via=hint
t=33.895667 node=worker-3 event=task_done task=B:roll-5/a1/s3/g1.99 op_id=map/B:roll-5/a1/s3/g1.99 outcome=aborted
t=33.942153 node=worker-3 event=batch_reported batch=worker-3/e1/b63 tasks=1 failed=0
t=34.567546 node=worker-3 event=task_abort task=A:agg-6/a1/s3/g1.107 reason=coordinator
t=34.567546 node=worker-3 event=task_abort task=A:agg-6/a1/s4/g1.108 reason=coordinator
t=34.712937 node=worker-3 event=gpu_op_terminal op_id=map/B:roll-6/a1/s4/g1.118 state=SUCCEEDED
t=34.730020 node=worker-3 event=gpu_cancel op_id=map/A:agg-6/a1/s3/g1.107
t=34.759029 node=worker-3 event=task_committed task=B:roll-6/a1/s4/g1.118 shard=4
t=34.806731 node=worker-3 event=gpu_op_terminal op_id=map/A:agg-6/a1/s3/g1.107 state=CANCELLED
t=34.806731 node=worker-3 event=gpu_release op_id=map/B:roll-6/a1/s4/g1.118
t=34.827238 node=worker-3 event=gpu_release op_id=map/A:agg-6/a1/s3/g1.107
t=35.075437 node=worker-3 event=gpu_released op_id=map/B:roll-6/a1/s4/g1.118 via=hint
t=35.075437 node=worker-3 event=task_done task=B:roll-6/a1/s4/g1.118 op_id=map/B:roll-6/a1/s4/g1.118 outcome=committed
t=35.103318 node=worker-3 event=gpu_released op_id=map/A:agg-6/a1/s3/g1.107 via=hint
t=35.103318 node=worker-3 event=task_done task=A:agg-6/a1/s3/g1.107 op_id=map/A:agg-6/a1/s3/g1.107 outcome=aborted
t=35.104782 node=worker-3 event=batch_reported batch=worker-3/e1/b78 tasks=1 failed=0
t=35.115688 node=worker-3 event=batch_reported batch=worker-3/e1/b68 tasks=2 failed=0
t=35.723051 node=worker-3 event=batch_received batch=worker-3/e1/b81 tasks=1 epoch=1
t=35.723051 node=worker-3 event=task_start task=B:roll-6/a1/s1/g1.121 op_id=map/B:roll-6/a1/s1/g1.121 shard=1 speculative=true
t=35.824355 node=worker-3 event=gpu_submit op_id=map/B:roll-6/a1/s1/g1.121 units=1 attempt=1 state=PENDING
t=36.134267 node=worker-3 event=batch_received batch=worker-3/e1/b84 tasks=2 epoch=1
t=36.134267 node=worker-3 event=task_start task=A:agg-7/a1/s2/g1.125 op_id=map/A:agg-7/a1/s2/g1.125 shard=2 speculative=false
t=36.134267 node=worker-3 event=task_start task=A:agg-7/a1/s3/g1.126 op_id=map/A:agg-7/a1/s3/g1.126 shard=3 speculative=false
t=36.207040 node=worker-3 event=gpu_submit op_id=map/A:agg-7/a1/s3/g1.126 units=1 attempt=1 state=PENDING
t=36.282157 node=worker-3 event=gpu_submit op_id=map/A:agg-7/a1/s2/g1.125 units=1 attempt=1 state=PENDING
t=36.699999 node=worker-3 event=gpu_op_terminal op_id=map/B:roll-6/a1/s1/g1.121 state=SUCCEEDED
t=36.712370 node=worker-3 event=task_committed task=B:roll-6/a1/s1/g1.121 shard=1
t=36.747428 node=worker-3 event=gpu_release op_id=map/B:roll-6/a1/s1/g1.121
t=36.880902 node=worker-3 event=gpu_released op_id=map/B:roll-6/a1/s1/g1.121 via=hint
t=36.880902 node=worker-3 event=task_done task=B:roll-6/a1/s1/g1.121 op_id=map/B:roll-6/a1/s1/g1.121 outcome=committed
t=36.953285 node=worker-3 event=batch_reported batch=worker-3/e1/b81 tasks=1 failed=0
t=37.005897 node=worker-3 event=batch_received batch=worker-3/e1/b87 tasks=1 epoch=1
t=37.005897 node=worker-3 event=task_start task=A:agg-7/a1/s7/g1.130 op_id=map/A:agg-7/a1/s7/g1.130 shard=7 speculative=false
t=37.047623 node=worker-3 event=gpu_submit op_id=map/A:agg-7/a1/s7/g1.130 units=1 attempt=1 state=PENDING
t=37.439663 node=worker-3 event=gpu_op_terminal op_id=map/A:agg-7/a1/s2/g1.125 state=SUCCEEDED
t=37.453094 node=worker-3 event=task_committed task=A:agg-7/a1/s2/g1.125 shard=2
t=37.494671 node=worker-3 event=gpu_release op_id=map/A:agg-7/a1/s2/g1.125
t=37.719047 node=worker-3 event=gpu_released op_id=map/A:agg-7/a1/s2/g1.125 via=hint
t=37.719047 node=worker-3 event=task_done task=A:agg-7/a1/s2/g1.125 op_id=map/A:agg-7/a1/s2/g1.125 outcome=committed
t=37.972482 node=worker-3 event=gpu_op_terminal op_id=map/A:agg-7/a1/s7/g1.130 state=SUCCEEDED
t=37.983397 node=worker-3 event=task_committed task=A:agg-7/a1/s7/g1.130 shard=7
t=37.998544 node=worker-3 event=gpu_release op_id=map/A:agg-7/a1/s7/g1.130
t=38.094880 node=worker-3 event=gpu_released op_id=map/A:agg-7/a1/s7/g1.130 via=hint
t=38.094880 node=worker-3 event=task_done task=A:agg-7/a1/s7/g1.130 op_id=map/A:agg-7/a1/s7/g1.130 outcome=committed
t=38.124937 node=worker-3 event=batch_reported batch=worker-3/e1/b87 tasks=1 failed=0
t=38.307183 node=worker-3 event=gpu_op_terminal op_id=map/A:agg-7/a1/s3/g1.126 state=SUCCEEDED
t=38.352133 node=worker-3 event=task_committed task=A:agg-7/a1/s3/g1.126 shard=3
t=38.390021 node=worker-3 event=gpu_release op_id=map/A:agg-7/a1/s3/g1.126
t=38.511126 node=worker-3 event=batch_received batch=worker-3/e1/b91 tasks=1 epoch=1
t=38.511126 node=worker-3 event=task_start task=B:roll-7/a1/s4/g1.135 op_id=map/B:roll-7/a1/s4/g1.135 shard=4 speculative=false
t=38.532256 node=worker-3 event=gpu_released op_id=map/A:agg-7/a1/s3/g1.126 via=hint
t=38.532256 node=worker-3 event=task_done task=A:agg-7/a1/s3/g1.126 op_id=map/A:agg-7/a1/s3/g1.126 outcome=committed
t=38.556952 node=worker-3 event=gpu_submit op_id=map/B:roll-7/a1/s4/g1.135 units=1 attempt=1 state=PENDING
t=38.564715 node=worker-3 event=batch_reported batch=worker-3/e1/b84 tasks=2 failed=0
t=38.607565 node=worker-3 event=batch_received batch=worker-3/e1/b93 tasks=1 epoch=1
t=38.607565 node=worker-3 event=batch_received batch=worker-3/e1/b94 tasks=1 epoch=1
t=38.607565 node=worker-3 event=task_start task=A:agg-7/a1/s0/g1.137 op_id=map/A:agg-7/a1/s0/g1.137 shard=0 speculative=true
t=38.607565 node=worker-3 event=task_start task=A:agg-7/a1/s1/g1.138 op_id=map/A:agg-7/a1/s1/g1.138 shard=1 speculative=true
t=38.649976 node=worker-3 event=gpu_submit op_id=map/A:agg-7/a1/s0/g1.137 units=1 attempt=1 state=PENDING
t=38.679675 node=worker-3 event=gpu_submit op_id=map/A:agg-7/a1/s1/g1.138 units=1 attempt=1 state=PENDING
t=38.916111 node=worker-3 event=task_abort task=A:agg-7/a1/s1/g1.138 reason=heartbeat
t=39.009703 node=worker-3 event=gpu_cancel op_id=map/A:agg-7/a1/s1/g1.138
t=39.029148 node=worker-3 event=gpu_op_terminal op_id=map/A:agg-7/a1/s1/g1.138 state=CANCELLED
t=39.072476 node=worker-3 event=gpu_release op_id=map/A:agg-7/a1/s1/g1.138
t=39.325560 node=worker-3 event=gpu_released op_id=map/A:agg-7/a1/s1/g1.138 via=hint
t=39.325560 node=worker-3 event=task_done task=A:agg-7/a1/s1/g1.138 op_id=map/A:agg-7/a1/s1/g1.138 outcome=aborted
t=39.487144 node=worker-3 event=gpu_op_terminal op_id=map/B:roll-7/a1/s4/g1.135 state=SUCCEEDED
t=39.512884 node=worker-3 event=task_committed task=B:roll-7/a1/s4/g1.135 shard=4
t=39.523396 node=worker-3 event=gpu_release op_id=map/B:roll-7/a1/s4/g1.135
t=39.653035 node=worker-3 event=batch_reported batch=worker-3/e1/b94 tasks=1 failed=0
t=39.734372 node=worker-3 event=batch_received batch=worker-3/e1/b95 tasks=1 epoch=1
t=39.734372 node=worker-3 event=task_start task=A:agg-7/a1/s5/g1.139 op_id=map/A:agg-7/a1/s5/g1.139 shard=5 speculative=true
t=39.774641 node=worker-3 event=gpu_submit op_id=map/A:agg-7/a1/s5/g1.139 units=1 attempt=1 state=PENDING
t=39.860609 node=worker-3 event=gpu_released op_id=map/B:roll-7/a1/s4/g1.135 via=hint
t=39.860609 node=worker-3 event=task_done task=B:roll-7/a1/s4/g1.135 op_id=map/B:roll-7/a1/s4/g1.135 outcome=committed
t=39.882867 node=worker-3 event=batch_reported batch=worker-3/e1/b91 tasks=1 failed=0
t=40.244385 node=worker-3 event=task_abort task=A:agg-7/a1/s0/g1.137 reason=heartbeat
t=40.373001 node=worker-3 event=gpu_cancel op_id=map/A:agg-7/a1/s0/g1.137
t=40.441536 node=worker-3 event=gpu_op_terminal op_id=map/A:agg-7/a1/s0/g1.137 state=CANCELLED
t=40.506742 node=worker-3 event=gpu_release op_id=map/A:agg-7/a1/s0/g1.137
t=40.652399 node=worker-3 event=gpu_released op_id=map/A:agg-7/a1/s0/g1.137 via=hint
t=40.652399 node=worker-3 event=task_done task=A:agg-7/a1/s0/g1.137 op_id=map/A:agg-7/a1/s0/g1.137 outcome=aborted
t=40.669609 node=worker-3 event=batch_reported batch=worker-3/e1/b93 tasks=1 failed=0
t=41.036079 node=worker-3 event=task_abort task=A:agg-7/a1/s5/g1.139 reason=coordinator
t=41.375676 node=worker-3 event=gpu_cancel op_id=map/A:agg-7/a1/s5/g1.139
t=41.451894 node=worker-3 event=gpu_op_terminal op_id=map/A:agg-7/a1/s5/g1.139 state=CANCELLED
t=41.518393 node=worker-3 event=gpu_release op_id=map/A:agg-7/a1/s5/g1.139
t=41.600182 node=worker-3 event=batch_received batch=worker-3/e1/b99 tasks=2 epoch=1
t=41.600182 node=worker-3 event=task_start task=A:agg-8/a1/s6/g1.147 op_id=map/A:agg-8/a1/s6/g1.147 shard=6 speculative=false
t=41.600182 node=worker-3 event=task_start task=A:agg-8/a1/s7/g1.148 op_id=map/A:agg-8/a1/s7/g1.148 shard=7 speculative=false
t=41.635019 node=worker-3 event=gpu_released op_id=map/A:agg-7/a1/s5/g1.139 via=status
t=41.635019 node=worker-3 event=task_done task=A:agg-7/a1/s5/g1.139 op_id=map/A:agg-7/a1/s5/g1.139 outcome=aborted
t=41.635019 node=worker-3 event=gpu_submit op_id=map/A:agg-8/a1/s6/g1.147 units=1 attempt=1 state=PENDING
t=41.645554 node=worker-3 event=batch_reported batch=worker-3/e1/b95 tasks=1 failed=0
t=41.660480 node=worker-3 event=gpu_submit op_id=map/A:agg-8/a1/s7/g1.148 units=1 attempt=1 state=PENDING
t=43.112511 node=worker-3 event=gpu_op_terminal op_id=map/A:agg-8/a1/s6/g1.147 state=SUCCEEDED
t=43.131510 node=worker-3 event=task_committed task=A:agg-8/a1/s6/g1.147 shard=6
t=43.204930 node=worker-3 event=batch_received batch=worker-3/e1/b101 tasks=1 epoch=1
t=43.204930 node=worker-3 event=task_start task=B:roll-8/a1/s3/g1.152 op_id=map/B:roll-8/a1/s3/g1.152 shard=3 speculative=false
t=43.213682 node=worker-3 event=gpu_release op_id=map/A:agg-8/a1/s6/g1.147
t=43.225209 node=worker-3 event=gpu_submit op_id=map/B:roll-8/a1/s3/g1.152 units=1 attempt=1 state=PENDING
t=43.313216 node=worker-3 event=gpu_op_terminal op_id=map/A:agg-8/a1/s7/g1.148 state=SUCCEEDED
t=43.313216 node=worker-3 event=gpu_released op_id=map/A:agg-8/a1/s6/g1.147 via=hint
t=43.313216 node=worker-3 event=task_done task=A:agg-8/a1/s6/g1.147 op_id=map/A:agg-8/a1/s6/g1.147 outcome=committed
t=43.319635 node=worker-3 event=task_committed task=A:agg-8/a1/s7/g1.148 shard=7
t=43.353343 node=worker-3 event=gpu_release op_id=map/A:agg-8/a1/s7/g1.148
t=43.504811 node=worker-3 event=gpu_released op_id=map/A:agg-8/a1/s7/g1.148 via=hint
t=43.504811 node=worker-3 event=task_done task=A:agg-8/a1/s7/g1.148 op_id=map/A:agg-8/a1/s7/g1.148 outcome=committed
t=43.532258 node=worker-3 event=batch_reported batch=worker-3/e1/b99 tasks=2 failed=0
t=43.600715 node=worker-3 event=batch_received batch=worker-3/e1/b102 tasks=2 epoch=1
t=43.600715 node=worker-3 event=task_start task=B:roll-8/a1/s4/g1.153 op_id=map/B:roll-8/a1/s4/g1.153 shard=4 speculative=false
t=43.600715 node=worker-3 event=task_start task=B:roll-8/a1/s5/g1.154 op_id=map/B:roll-8/a1/s5/g1.154 shard=5 speculative=false
t=43.611257 node=worker-3 event=gpu_submit op_id=map/B:roll-8/a1/s4/g1.153 units=1 attempt=1 state=PENDING
t=43.696098 node=worker-3 event=gpu_submit op_id=map/B:roll-8/a1/s5/g1.154 units=1 attempt=1 state=PENDING
t=45.628749 node=worker-3 event=gpu_op_terminal op_id=map/B:roll-8/a1/s3/g1.152 state=SUCCEEDED
t=45.649566 node=worker-3 event=task_committed task=B:roll-8/a1/s3/g1.152 shard=3
t=45.688322 node=worker-3 event=gpu_release op_id=map/B:roll-8/a1/s3/g1.152
t=45.825360 node=worker-3 event=gpu_released op_id=map/B:roll-8/a1/s3/g1.152 via=hint
t=45.825360 node=worker-3 event=task_done task=B:roll-8/a1/s3/g1.152 op_id=map/B:roll-8/a1/s3/g1.152 outcome=committed
t=45.846099 node=worker-3 event=batch_reported batch=worker-3/e1/b101 tasks=1 failed=0
t=46.510103 node=worker-3 event=gpu_op_terminal op_id=map/B:roll-8/a1/s4/g1.153 state=SUCCEEDED
t=46.550388 node=worker-3 event=task_committed task=B:roll-8/a1/s4/g1.153 shard=4
t=46.551951 node=worker-3 event=gpu_release op_id=map/B:roll-8/a1/s4/g1.153
t=46.629960 node=worker-3 event=gpu_released op_id=map/B:roll-8/a1/s4/g1.153 via=hint
t=46.629960 node=worker-3 event=task_done task=B:roll-8/a1/s4/g1.153 op_id=map/B:roll-8/a1/s4/g1.153 outcome=committed
t=46.709026 node=worker-3 event=batch_received batch=worker-3/e1/b110 tasks=1 epoch=1
t=46.709026 node=worker-3 event=task_start task=A:agg-9/a1/s3/g1.163 op_id=map/A:agg-9/a1/s3/g1.163 shard=3 speculative=false
t=46.714456 node=worker-3 event=gpu_submit op_id=map/A:agg-9/a1/s3/g1.163 units=1 attempt=1 state=PENDING
t=47.563481 node=worker-3 event=gpu_op_terminal op_id=map/B:roll-8/a1/s5/g1.154 state=SUCCEEDED
t=47.614570 node=worker-3 event=task_committed task=B:roll-8/a1/s5/g1.154 shard=5
t=47.651234 node=worker-3 event=gpu_release op_id=map/B:roll-8/a1/s5/g1.154
t=47.841684 node=worker-3 event=gpu_released op_id=map/B:roll-8/a1/s5/g1.154 via=hint
t=47.841684 node=worker-3 event=task_done task=B:roll-8/a1/s5/g1.154 op_id=map/B:roll-8/a1/s5/g1.154 outcome=committed
t=47.844634 node=worker-3 event=task_abort task=B:roll-8/a1/s4/g1.153 reason=coordinator
t=47.844634 node=worker-3 event=task_abort task=B:roll-8/a1/s5/g1.154 reason=coordinator
t=47.911894 node=worker-3 event=batch_received batch=worker-3/e1/b114 tasks=2 epoch=1
t=47.911894 node=worker-3 event=batch_reported batch=worker-3/e1/b102 tasks=2 failed=0
t=47.911894 node=worker-3 event=task_start task=B:roll-9/a1/s2/g1.170 op_id=map/B:roll-9/a1/s2/g1.170 shard=2 speculative=false
t=47.911894 node=worker-3 event=task_start task=B:roll-9/a1/s3/g1.171 op_id=map/B:roll-9/a1/s3/g1.171 shard=3 speculative=false
t=47.977530 node=worker-3 event=gpu_submit op_id=map/B:roll-9/a1/s2/g1.170 units=1 attempt=1 state=PENDING
t=48.001589 node=worker-3 event=gpu_submit op_id=map/B:roll-9/a1/s3/g1.171 units=1 attempt=1 state=PENDING
t=48.453662 node=worker-3 event=gpu_op_terminal op_id=map/A:agg-9/a1/s3/g1.163 state=SUCCEEDED
t=48.477636 node=worker-3 event=task_committed task=A:agg-9/a1/s3/g1.163 shard=3
t=48.524818 node=worker-3 event=gpu_release op_id=map/A:agg-9/a1/s3/g1.163
t=48.703524 node=worker-3 event=gpu_released op_id=map/A:agg-9/a1/s3/g1.163 via=hint
t=48.703524 node=worker-3 event=task_done task=A:agg-9/a1/s3/g1.163 op_id=map/A:agg-9/a1/s3/g1.163 outcome=committed
t=48.747947 node=worker-3 event=batch_reported batch=worker-3/e1/b110 tasks=1 failed=0
t=49.647688 node=worker-3 event=gpu_op_terminal op_id=map/B:roll-9/a1/s3/g1.171 state=SUCCEEDED
t=49.697351 node=worker-3 event=task_committed task=B:roll-9/a1/s3/g1.171 shard=3
t=49.739026 node=worker-3 event=gpu_op_terminal op_id=map/B:roll-9/a1/s2/g1.170 state=SUCCEEDED
t=49.739026 node=worker-3 event=gpu_release op_id=map/B:roll-9/a1/s3/g1.171
t=49.794594 node=worker-3 event=task_committed task=B:roll-9/a1/s2/g1.170 shard=2
t=49.829193 node=worker-3 event=gpu_release op_id=map/B:roll-9/a1/s2/g1.170
t=49.922278 node=worker-3 event=gpu_released op_id=map/B:roll-9/a1/s3/g1.171 via=hint
t=49.922278 node=worker-3 event=task_done task=B:roll-9/a1/s3/g1.171 op_id=map/B:roll-9/a1/s3/g1.171 outcome=committed
t=50.080870 node=worker-3 event=gpu_released op_id=map/B:roll-9/a1/s2/g1.170 via=hint
t=50.080870 node=worker-3 event=task_done task=B:roll-9/a1/s2/g1.170 op_id=map/B:roll-9/a1/s2/g1.170 outcome=committed
t=50.156916 node=worker-3 event=batch_reported batch=worker-3/e1/b114 tasks=2 failed=0
