t=0.000000 node=worker-4 event=worker_start boot=0 slots=3
t=0.010255 node=worker-4 event=worker_registered epoch=1 reg_seq=1 gen=1
t=3.713385 node=worker-4 event=batch_received batch=worker-4/e1/b5 tasks=3 epoch=1
t=3.713385 node=worker-4 event=task_start task=B:b0/a1/s3/g1.7 op_id=map/B:b0/a1/s3/g1.7 shard=3 speculative=false
t=3.713385 node=worker-4 event=task_start task=B:b0/a1/s4/g1.8 op_id=map/B:b0/a1/s4/g1.8 shard=4 speculative=false
t=3.713385 node=worker-4 event=task_start task=B:b0/a1/s5/g1.9 op_id=map/B:b0/a1/s5/g1.9 shard=5 speculative=false
t=3.723903 node=worker-4 event=gpu_submit op_id=map/B:b0/a1/s4/g1.8 units=1 attempt=1 state=PENDING
t=3.723903 node=worker-4 event=gpu_submit op_id=map/B:b0/a1/s5/g1.9 units=1 attempt=1 state=PENDING
t=3.898205 node=worker-4 event=gpu_submit op_id=map/B:b0/a1/s3/g1.7 units=1 attempt=1 state=PENDING
t=5.024535 node=worker-4 event=gpu_op_terminal op_id=map/B:b0/a1/s3/g1.7 state=SUCCEEDED
t=5.036857 node=worker-4 event=task_committed task=B:b0/a1/s3/g1.7 shard=3
t=5.047699 node=worker-4 event=gpu_release op_id=map/B:b0/a1/s3/g1.7
t=5.309654 node=worker-4 event=gpu_released op_id=map/B:b0/a1/s3/g1.7 via=hint
t=5.309654 node=worker-4 event=task_done task=B:b0/a1/s3/g1.7 op_id=map/B:b0/a1/s3/g1.7 outcome=committed
t=5.401001 node=worker-4 event=gpu_op_terminal op_id=map/B:b0/a1/s5/g1.9 state=SUCCEEDED
t=5.421696 node=worker-4 event=task_committed task=B:b0/a1/s5/g1.9 shard=5
t=5.426531 node=worker-4 event=gpu_release op_id=map/B:b0/a1/s5/g1.9
t=5.498360 node=worker-4 event=gpu_op_terminal op_id=map/B:b0/a1/s4/g1.8 state=SUCCEEDED
t=5.503345 node=worker-4 event=task_committed task=B:b0/a1/s4/g1.8 shard=4
t=5.551673 node=worker-4 event=gpu_release op_id=map/B:b0/a1/s4/g1.8
t=5.583827 node=worker-4 event=gpu_released op_id=map/B:b0/a1/s5/g1.9 via=status
t=5.583827 node=worker-4 event=task_done task=B:b0/a1/s5/g1.9 op_id=map/B:b0/a1/s5/g1.9 outcome=committed
t=6.551673 node=worker-4 event=gpu_released op_id=map/B:b0/a1/s4/g1.8 via=hint
t=6.551673 node=worker-4 event=task_done task=B:b0/a1/s4/g1.8 op_id=map/B:b0/a1/s4/g1.8 outcome=committed
t=6.685146 node=worker-4 event=batch_reported batch=worker-4/e1/b5 tasks=3 failed=0
t=7.610528 node=worker-4 event=batch_received batch=worker-4/e1/b11 tasks=1 epoch=1
t=7.610528 node=worker-4 event=task_start task=A:q7/a1/s0/g1.15 op_id=map/A:q7/a1/s0/g1.15 shard=0 speculative=false
t=7.622007 node=worker-4 event=gpu_submit op_id=map/A:q7/a1/s0/g1.15 units=1 attempt=1 state=PENDING
t=8.603978 node=worker-4 event=batch_received batch=worker-4/e1/b15 tasks=2 epoch=1
t=8.603978 node=worker-4 event=task_start task=B:b1/a1/s4/g1.22 op_id=map/B:b1/a1/s4/g1.22 shard=4 speculative=false
t=8.603978 node=worker-4 event=task_start task=B:b1/a1/s5/g1.23 op_id=map/B:b1/a1/s5/g1.23 shard=5 speculative=false
t=8.609518 node=worker-4 event=gpu_submit op_id=map/B:b1/a1/s4/g1.22 units=1 attempt=1 state=PENDING
t=8.622285 node=worker-4 event=gpu_submit op_id=map/B:b1/a1/s5/g1.23 units=1 attempt=1 state=PENDING
t=9.239943 node=worker-4 event=gpu_op_terminal op_id=map/A:q7/a1/s0/g1.15 state=FAILED
t=9.349985 node=worker-4 event=gpu_release op_id=map/A:q7/a1/s0/g1.15
t=9.875834 node=worker-4 event=gpu_op_terminal op_id=map/B:b1/a1/s5/g1.23 state=SUCCEEDED
t=9.879360 node=worker-4 event=task_committed task=B:b1/a1/s5/g1.23 shard=5
t=9.884778 node=worker-4 event=gpu_release op_id=map/B:b1/a1/s5/g1.23
t=10.017101 node=worker-4 event=gpu_released op_id=map/B:b1/a1/s5/g1.23 via=hint
t=10.017101 node=worker-4 event=task_done task=B:b1/a1/s5/g1.23 op_id=map/B:b1/a1/s5/g1.23 outcome=committed
t=10.349985 node=worker-4 event=gpu_released op_id=map/A:q7/a1/s0/g1.15 via=hint
t=10.349985 node=worker-4 event=task_done task=A:q7/a1/s0/g1.15 op_id=map/A:q7/a1/s0/g1.15 outcome=failed
t=10.473739 node=worker-4 event=batch_reported batch=worker-4/e1/b11 tasks=1 failed=1
t=10.646675 node=worker-4 event=gpu_op_terminal op_id=map/B:b1/a1/s4/g1.22 state=SUCCEEDED
t=10.700923 node=worker-4 event=task_committed task=B:b1/a1/s4/g1.22 shard=4
t=10.701785 node=worker-4 event=gpu_release op_id=map/B:b1/a1/s4/g1.22
t=10.831170 node=worker-4 event=gpu_released op_id=map/B:b1/a1/s4/g1.22 via=hint
t=10.831170 node=worker-4 event=task_done task=B:b1/a1/s4/g1.22 op_id=map/B:b1/a1/s4/g1.22 outcome=committed
t=10.833307 node=worker-4 event=batch_reported batch=worker-4/e1/b15 tasks=2 failed=0
t=11.104400 node=worker-4 event=batch_received batch=worker-4/e1/b21 tasks=1 epoch=1
t=11.104400 node=worker-4 event=task_start task=A:q11/a1/s0/g1.29 op_id=map/A:q11/a1/s0/g1.29 shard=0 speculative=false
t=11.227601 node=worker-4 event=gpu_submit op_id=map/A:q11/a1/s0/g1.29 units=1 attempt=1 state=PENDING
t=12.609128 node=worker-4 event=gpu_op_terminal op_id=map/A:q11/a1/s0/g1.29 state=SUCCEEDED
t=12.802954 node=worker-4 event=task_abort task=A:q11/a1/s0/g1.29 reason=coordinator
t=12.802954 node=worker-4 event=task_committed task=A:q11/a1/s0/g1.29 shard=0
t=12.810284 node=worker-4 event=gpu_release op_id=map/A:q11/a1/s0/g1.29
t=13.269176 node=worker-4 event=gpu_released op_id=map/A:q11/a1/s0/g1.29 via=hint
t=13.269176 node=worker-4 event=task_done task=A:q11/a1/s0/g1.29 op_id=map/A:q11/a1/s0/g1.29 outcome=committed
t=13.280181 node=worker-4 event=batch_reported batch=worker-4/e1/b21 tasks=1 failed=0
t=13.301384 node=worker-4 event=batch_received batch=worker-4/e1/b25 tasks=3 epoch=1
t=13.301384 node=worker-4 event=task_start task=B:b2/a1/s0/g1.33 op_id=map/B:b2/a1/s0/g1.33 shard=0 speculative=false
t=13.301384 node=worker-4 event=task_start task=B:b2/a1/s1/g1.34 op_id=map/B:b2/a1/s1/g1.34 shard=1 speculative=false
t=13.301384 node=worker-4 event=task_start task=B:b2/a1/s2/g1.35 op_id=map/B:b2/a1/s2/g1.35 shard=2 speculative=false
t=13.306953 node=worker-4 event=gpu_submit op_id=map/B:b2/a1/s0/g1.33 units=1 attempt=1 state=PENDING
t=13.355350 node=worker-4 event=gpu_submit_retry op_id=map/B:b2/a1/s1/g1.34 code=CAPACITY attempt=1 backoff=0.25
t=13.506109 node=worker-4 event=gpu_submit op_id=map/B:b2/a1/s2/g1.35 units=1 attempt=1 state=PENDING
t=13.617732 node=worker-4 event=gpu_submit op_id=map/B:b2/a1/s1/g1.34 units=1 attempt=2 state=PENDING
t=14.952979 node=worker-4 event=gpu_op_terminal op_id=map/B:b2/a1/s2/g1.35 state=SUCCEEDED
t=15.068175 node=worker-4 event=task_committed task=B:b2/a1/s2/g1.35 shard=2
t=15.070546 node=worker-4 event=gpu_release op_id=map/B:b2/a1/s2/g1.35
t=15.191649 node=worker-4 event=gpu_released op_id=map/B:b2/a1/s2/g1.35 via=hint
t=15.191649 node=worker-4 event=task_done task=B:b2/a1/s2/g1.35 op_id=map/B:b2/a1/s2/g1.35 outcome=committed
t=15.488040 node=worker-4 event=gpu_op_terminal op_id=map/B:b2/a1/s1/g1.34 state=FAILED
t=15.499610 node=worker-4 event=gpu_release op_id=map/B:b2/a1/s1/g1.34
t=15.676245 node=worker-4 event=gpu_op_terminal op_id=map/B:b2/a1/s0/g1.33 state=SUCCEEDED
t=15.867370 node=worker-4 event=task_committed task=B:b2/a1/s0/g1.33 shard=0
t=15.878780 node=worker-4 event=gpu_release op_id=map/B:b2/a1/s0/g1.33
t=16.029493 node=worker-4 event=gpu_released op_id=map/B:b2/a1/s0/g1.33 via=status
t=16.029493 node=worker-4 event=task_done task=B:b2/a1/s0/g1.33 op_id=map/B:b2/a1/s0/g1.33 outcome=committed
t=16.184588 node=worker-4 event=gpu_released op_id=map/B:b2/a1/s1/g1.34 via=status
t=16.184588 node=worker-4 event=task_done task=B:b2/a1/s1/g1.34 op_id=map/B:b2/a1/s1/g1.34 outcome=failed
t=16.232887 node=worker-4 event=batch_reported batch=worker-4/e1/b25 tasks=3 failed=1
t=16.300228 node=worker-4 event=batch_received batch=worker-4/e1/b32 tasks=1 epoch=1
t=16.300228 node=worker-4 event=task_start task=B:b2/a1/s1/g1.43 op_id=map/B:b2/a1/s1/g1.43 shard=1 speculative=false
t=16.318129 node=worker-4 event=gpu_submit op_id=map/B:b2/a1/s1/g1.43 units=1 attempt=1 state=PENDING
t=16.403941 node=worker-4 event=batch_received batch=worker-4/e1/b33 tasks=1 epoch=1
t=16.403941 node=worker-4 event=task_start task=B:b2/a1/s3/g1.44 op_id=map/B:b2/a1/s3/g1.44 shard=3 speculative=true
t=16.552187 node=worker-4 event=gpu_submit op_id=map/B:b2/a1/s3/g1.44 units=1 attempt=1 state=PENDING
t=17.653454 node=worker-4 event=gpu_op_terminal op_id=map/B:b2/a1/s1/g1.43 state=SUCCEEDED
t=17.666985 node=worker-4 event=task_committed task=B:b2/a1/s1/g1.43 shard=1
t=17.749959 node=worker-4 event=gpu_release op_id=map/B:b2/a1/s1/g1.43
t=17.796846 node=worker-4 event=gpu_released op_id=map/B:b2/a1/s1/g1.43 via=hint
t=17.796846 node=worker-4 event=task_done task=B:b2/a1/s1/g1.43 op_id=map/B:b2/a1/s1/g1.43 outcome=committed
t=17.829462 node=worker-4 event=batch_reported batch=worker-4/e1/b32 tasks=1 failed=0
t=17.942363 node=worker-4 event=gpu_op_terminal op_id=map/B:b2/a1/s3/g1.44 state=FAILED
t=17.953389 node=worker-4 event=gpu_release op_id=map/B:b2/a1/s3/g1.44
t=18.043168 node=worker-4 event=gpu_released op_id=map/B:b2/a1/s3/g1.44 via=hint
t=18.043168 node=worker-4 event=task_done task=B:b2/a1/s3/g1.44 op_id=map/B:b2/a1/s3/g1.44 outcome=failed
t=18.218676 node=worker-4 event=batch_reported batch=worker-4/e1/b33 tasks=1 failed=1
t=18.325381 node=worker-4 event=batch_received batch=worker-4/e1/b38 tasks=1 epoch=1
t=18.325381 node=worker-4 event=task_start task=A:q19/a1/s0/g1.49 op_id=map/A:q19/a1/s0/g1.49 shard=0 speculative=false
t=18.344438 node=worker-4 event=gpu_submit op_id=map/A:q19/a1/s0/g1.49 units=1 attempt=1 state=PENDING
t=18.407924 node=worker-4 event=batch_received batch=worker-4/e1/b41 tasks=2 epoch=1
t=18.407924 node=worker-4 event=task_start task=B:b3/a1/s4/g1.54 op_id=map/B:b3/a1/s4/g1.54 shard=4 speculative=false
t=18.407924 node=worker-4 event=task_start task=B:b3/a1/s5/g1.55 op_id=map/B:b3/a1/s5/g1.55 shard=5 speculative=false
t=18.417443 node=worker-4 event=gpu_submit op_id=map/B:b3/a1/s4/g1.54 units=1 attempt=1 state=PENDING
t=18.417443 node=worker-4 event=gpu_submit op_id=map/B:b3/a1/s5/g1.55 units=1 attempt=1 state=PENDING
t=19.748024 node=worker-4 event=gpu_op_terminal op_id=map/B:b3/a1/s5/g1.55 state=SUCCEEDED
t=19.834950 node=worker-4 event=task_committed task=B:b3/a1/s5/g1.55 shard=5
t=19.839839 node=worker-4 event=gpu_release op_id=map/B:b3/a1/s5/g1.55
t=20.010414 node=worker-4 event=gpu_released op_id=map/B:b3/a1/s5/g1.55 via=hint
t=20.010414 node=worker-4 event=task_done task=B:b3/a1/s5/g1.55 op_id=map/B:b3/a1/s5/g1.55 outcome=committed
t=20.237014 node=worker-4 event=gpu_op_terminal op_id=map/A:q19/a1/s0/g1.49 state=FAILED
t=20.255025 node=worker-4 event=gpu_release op_id=map/A:q19/a1/s0/g1.49
t=20.269160 node=worker-4 event=gpu_op_terminal op_id=map/B:b3/a1/s4/g1.54 state=SUCCEEDED
t=20.271513 node=worker-4 event=task_committed task=B:b3/a1/s4/g1.54 shard=4
t=20.370840 node=worker-4 event=gpu_release op_id=map/B:b3/a1/s4/g1.54
t=20.401150 node=worker-4 event=gpu_released op_id=map/A:q19/a1/s0/g1.49 via=hint
t=20.401150 node=worker-4 event=task_done task=A:q19/a1/s0/g1.49 op_id=map/A:q19/a1/s0/g1.49 outcome=failed
t=20.548935 node=worker-4 event=batch_reported batch=worker-4/e1/b38 tasks=1 failed=1
t=20.558662 node=worker-4 event=gpu_released op_id=map/B:b3/a1/s4/g1.54 via=hint
t=20.558662 node=worker-4 event=task_done task=B:b3/a1/s4/g1.54 op_id=map/B:b3/a1/s4/g1.54 outcome=committed
t=20.660006 node=worker-4 event=batch_reported batch=worker-4/e1/b41 tasks=2 failed=0
t=21.002028 node=worker-4 event=batch_received batch=worker-4/e1/b44 tasks=1 epoch=1
t=21.002028 node=worker-4 event=task_start task=A:q22/a1/s0/g1.58 op_id=map/A:q22/a1/s0/g1.58 shard=0 speculative=false
t=21.099562 node=worker-4 event=gpu_submit op_id=map/A:q22/a1/s0/g1.58 units=1 attempt=1 state=PENDING
t=22.366589 node=worker-4 event=gpu_op_terminal op_id=map/A:q22/a1/s0/g1.58 state=FAILED
t=22.381538 node=worker-4 event=gpu_release op_id=map/A:q22/a1/s0/g1.58
t=22.655412 node=worker-4 event=gpu_released op_id=map/A:q22/a1/s0/g1.58 via=hint
t=22.655412 node=worker-4 event=task_done task=A:q22/a1/s0/g1.58 op_id=map/A:q22/a1/s0/g1.58 outcome=failed
t=22.657159 node=worker-4 event=batch_reported batch=worker-4/e1/b44 tasks=1 failed=1
t=22.900078 node=worker-4 event=batch_received batch=worker-4/e1/b48 tasks=1 epoch=1
t=22.900078 node=worker-4 event=task_start task=A:q24/a1/s0/g1.63 op_id=map/A:q24/a1/s0/g1.63 shard=0 speculative=false
t=22.916039 node=worker-4 event=gpu_submit op_id=map/A:q24/a1/s0/g1.63 units=1 attempt=1 state=PENDING
t=24.236306 node=worker-4 event=batch_received batch=worker-4/e1/b51 tasks=2 epoch=1
t=24.236306 node=worker-4 event=task_start task=B:b4/a1/s2/g1.67 op_id=map/B:b4/a1/s2/g1.67 shard=2 speculative=false
t=24.236306 node=worker-4 event=task_start task=B:b4/a1/s3/g1.68 op_id=map/B:b4/a1/s3/g1.68 shard=3 speculative=false
t=24.238281 node=worker-4 event=gpu_submit op_id=map/B:b4/a1/s3/g1.68 units=1 attempt=1 state=PENDING
t=24.287106 node=worker-4 event=gpu_submit op_id=map/B:b4/a1/s2/g1.67 units=1 attempt=1 state=PENDING
t=24.664161 node=worker-4 event=gpu_op_terminal op_id=map/A:q24/a1/s0/g1.63 state=FAILED
t=24.786932 node=worker-4 event=gpu_release op_id=map/A:q24/a1/s0/g1.63
t=25.002105 node=worker-4 event=gpu_released op_id=map/A:q24/a1/s0/g1.63 via=hint
t=25.002105 node=worker-4 event=task_done task=A:q24/a1/s0/g1.63 op_id=map/A:q24/a1/s0/g1.63 outcome=failed
t=25.118684 node=worker-4 event=task_abort task=A:q24/a1/s0/g1.63 reason=heartbeat
t=25.621389 node=worker-4 event=batch_received batch=worker-4/e1/b56 tasks=1 epoch=1
t=25.621389 node=worker-4 event=task_start task=A:q27/a1/s0/g1.73 op_id=map/A:q27/a1/s0/g1.73 shard=0 speculative=false
t=25.628124 node=worker-4 event=gpu_submit op_id=map/A:q27/a1/s0/g1.73 units=1 attempt=1 state=PENDING
t=25.861844 node=worker-4 event=gpu_op_terminal op_id=map/B:b4/a1/s2/g1.67 state=FAILED
t=25.863866 node=worker-4 event=gpu_release op_id=map/B:b4/a1/s2/g1.67
t=26.075795 node=worker-4 event=gpu_op_terminal op_id=map/B:b4/a1/s3/g1.68 state=FAILED
t=26.261965 node=worker-4 event=gpu_release op_id=map/B:b4/a1/s3/g1.68
t=26.264917 node=worker-4 event=gpu_released op_id=map/B:b4/a1/s3/g1.68 via=status
t=26.264917 node=worker-4 event=task_done task=B:b4/a1/s3/g1.68 op_id=map/B:b4/a1/s3/g1.68 outcome=failed
t=26.308183 node=worker-4 event=gpu_released op_id=map/B:b4/a1/s2/g1.67 via=hint
t=26.308183 node=worker-4 event=task_done task=B:b4/a1/s2/g1.67 op_id=map/B:b4/a1/s2/g1.67 outcome=failed
t=26.314090 node=worker-4 event=batch_reported batch=worker-4/e1/b51 tasks=2 failed=2
t=26.500255 node=worker-4 event=batch_received batch=worker-4/e1/b58 tasks=1 epoch=1
t=26.500255 node=worker-4 event=task_start task=A:q28/a1/s0/g1.76 op_id=map/A:q28/a1/s0/g1.76 shard=0 speculative=false
t=26.500739 node=worker-4 event=gpu_submit op_id=map/A:q28/a1/s0/g1.76 units=1 attempt=1 state=PENDING
t=26.616991 node=worker-4 event=batch_reported batch=worker-4/e1/b48 tasks=1 failed=1
t=27.132783 node=worker-4 event=gpu_op_terminal op_id=map/A:q27/a1/s0/g1.73 state=SUCCEEDED
t=27.158013 node=worker-4 event=task_abort task=A:q27/a1/s0/g1.73 reason=coordinator
t=27.158013 node=worker-4 event=task_committed task=A:q27/a1/s0/g1.73 shard=0
t=27.253250 node=worker-4 event=gpu_release op_id=map/A:q27/a1/s0/g1.73
t=27.504161 node=worker-4 event=gpu_released op_id=map/A:q27/a1/s0/g1.73 via=hint
t=27.504161 node=worker-4 event=task_done task=A:q27/a1/s0/g1.73 op_id=map/A:q27/a1/s0/g1.73 outcome=committed
t=27.604589 node=worker-4 event=batch_received batch=worker-4/e1/b59 tasks=1 epoch=1
t=27.604589 node=worker-4 event=task_start task=A:q29/a1/s0/g1.77 op_id=map/A:q29/a1/s0/g1.77 shard=0 speculative=false
t=27.606957 node=worker-4 event=gpu_submit op_id=map/A:q29/a1/s0/g1.77 units=1 attempt=1 state=PENDING
t=27.682191 node=worker-4 event=batch_reported batch=worker-4/e1/b56 tasks=1 failed=0
t=27.913462 node=worker-4 event=gpu_op_terminal op_id=map/A:q28/a1/s0/g1.76 state=SUCCEEDED
t=27.925161 node=worker-4 event=task_committed task=A:q28/a1/s0/g1.76 shard=0
t=27.946608 node=worker-4 event=gpu_release op_id=map/A:q28/a1/s0/g1.76
t=28.012460 node=worker-4 event=batch_received batch=worker-4/e1/b60 tasks=1 epoch=1
t=28.012460 node=worker-4 event=task_start task=B:b4/a1/s0/g1.78 op_id=map/B:b4/a1/s0/g1.78 shard=0 speculative=true
t=28.014318 node=worker-4 event=gpu_submit op_id=map/B:b4/a1/s0/g1.78 units=1 attempt=1 state=PENDING
t=28.138009 node=worker-4 event=gpu_released op_id=map/A:q28/a1/s0/g1.76 via=hint
t=28.138009 node=worker-4 event=task_done task=A:q28/a1/s0/g1.76 op_id=map/A:q28/a1/s0/g1.76 outcome=committed
t=28.145644 node=worker-4 event=batch_reported batch=worker-4/e1/b58 tasks=1 failed=0
t=28.405026 node=worker-4 event=batch_received batch=worker-4/e1/b62 tasks=1 epoch=1
t=28.405026 node=worker-4 event=task_start task=B:b5/a1/s0/g1.80 op_id=map/B:b5/a1/s0/g1.80 shard=0 speculative=false
t=28.419086 node=worker-4 event=gpu_submit op_id=map/B:b5/a1/s0/g1.80 units=1 attempt=1 state=PENDING
t=29.438727 node=worker-4 event=gpu_op_terminal op_id=map/B:b4/a1/s0/g1.78 state=SUCCEEDED
t=29.442051 node=worker-4 event=task_committed task=B:b4/a1/s0/g1.78 shard=0
t=29.453760 node=worker-4 event=gpu_release op_id=map/B:b4/a1/s0/g1.78
t=29.721107 node=worker-4 event=gpu_op_terminal op_id=map/A:q29/a1/s0/g1.77 state=SUCCEEDED
t=29.734528 node=worker-4 event=gpu_released op_id=map/B:b4/a1/s0/g1.78 via=hint
t=29.734528 node=worker-4 event=task_done task=B:b4/a1/s0/g1.78 op_id=map/B:b4/a1/s0/g1.78 outcome=committed
t=29.742998 node=worker-4 event=batch_reported batch=worker-4/e1/b60 tasks=1 failed=0
t=29.794157 node=worker-4 event=task_abort task=A:q29/a1/s0/g1.77 reason=coordinator
t=29.794157 node=worker-4 event=task_committed task=A:q29/a1/s0/g1.77 shard=0
t=29.806412 node=worker-4 event=batch_received batch=worker-4/e1/b64 tasks=2 epoch=1
t=29.806412 node=worker-4 event=task_start task=B:b5/a1/s3/g1.83 op_id=map/B:b5/a1/s3/g1.83 shard=3 speculative=false
t=29.806412 node=worker-4 event=task_start task=B:b5/a1/s4/g1.84 op_id=map/B:b5/a1/s4/g1.84 shard=4 speculative=false
t=29.808137 node=worker-4 event=gpu_submit op_id=map/B:b5/a1/s4/g1.84 units=1 attempt=1 state=PENDING
t=29.954591 node=worker-4 event=gpu_release op_id=map/A:q29/a1/s0/g1.77
t=30.356549 node=worker-4 event=gpu_released op_id=map/A:q29/a1/s0/g1.77 via=hint
t=30.356549 node=worker-4 event=task_done task=A:q29/a1/s0/g1.77 op_id=map/A:q29/a1/s0/g1.77 outcome=committed
t=30.357033 node=worker-4 event=batch_reported batch=worker-4/e1/b59 tasks=1 failed=0
t=30.431525 node=worker-4 event=gpu_op_terminal op_id=map/B:b5/a1/s0/g1.80 state=SUCCEEDED
t=30.441820 node=worker-4 event=task_committed task=B:b5/a1/s0/g1.80 shard=0
t=30.446759 node=worker-4 event=gpu_release op_id=map/B:b5/a1/s0/g1.80
t=30.806412 node=worker-4 event=gpu_submit_unknown op_id=map/B:b5/a1/s3/g1.83 code=TIMEOUT attempt=1
t=30.817484 node=worker-4 event=gpu_submit_confirmed op_id=map/B:b5/a1/s3/g1.83 state=RUNNING
t=31.446759 node=worker-4 event=gpu_released op_id=map/B:b5/a1/s0/g1.80 via=hint
t=31.446759 node=worker-4 event=task_done task=B:b5/a1/s0/g1.80 op_id=map/B:b5/a1/s0/g1.80 outcome=committed
t=31.450996 node=worker-4 event=batch_reported batch=worker-4/e1/b62 tasks=1 failed=0
t=31.635468 node=worker-4 event=gpu_op_terminal op_id=map/B:b5/a1/s3/g1.83 state=SUCCEEDED
t=31.644127 node=worker-4 event=task_committed task=B:b5/a1/s3/g1.83 shard=3
t=31.666076 node=worker-4 event=gpu_release op_id=map/B:b5/a1/s3/g1.83
t=31.869021 node=worker-4 event=gpu_op_terminal op_id=map/B:b5/a1/s4/g1.84 state=SUCCEEDED
t=31.872764 node=worker-4 event=task_abort task=B:b5/a1/s3/g1.83 reason=coordinator
t=31.872764 node=worker-4 event=task_abort task=B:b5/a1/s4/g1.84 reason=coordinator
t=31.910399 node=worker-4 event=gpu_released op_id=map/B:b5/a1/s3/g1.83 via=hint
t=31.910399 node=worker-4 event=task_done task=B:b5/a1/s3/g1.83 op_id=map/B:b5/a1/s3/g1.83 outcome=committed
t=31.988109 node=worker-4 event=task_committed task=B:b5/a1/s4/g1.84 shard=4
t=32.002260 node=worker-4 event=gpu_release op_id=map/B:b5/a1/s4/g1.84
t=32.056888 node=worker-4 event=batch_received batch=worker-4/e1/b68 tasks=1 epoch=1
t=32.056888 node=worker-4 event=task_start task=A:q34/a1/s0/g1.90 op_id=map/A:q34/a1/s0/g1.90 shard=0 speculative=false
t=32.215613 node=worker-4 event=gpu_submit op_id=map/A:q34/a1/s0/g1.90 units=1 attempt=1 state=PENDING
t=32.228187 node=worker-4 event=gpu_released op_id=map/B:b5/a1/s4/g1.84 via=hint
t=32.228187 node=worker-4 event=task_done task=B:b5/a1/s4/g1.84 op_id=map/B:b5/a1/s4/g1.84 outcome=committed
t=32.243326 node=worker-4 event=batch_reported batch=worker-4/e1/b64 tasks=2 failed=0
t=33.602888 node=worker-4 event=batch_received batch=worker-4/e1/b72 tasks=2 epoch=1
t=33.602888 node=worker-4 event=task_start task=B:b6/a1/s4/g1.96 op_id=map/B:b6/a1/s4/g1.96 shard=4 speculative=false
t=33.602888 node=worker-4 event=task_start task=B:b6/a1/s5/g1.97 op_id=map/B:b6/a1/s5/g1.97 shard=5 speculative=false
t=33.609332 node=worker-4 event=gpu_submit op_id=map/B:b6/a1/s4/g1.96 units=1 attempt=1 state=PENDING
t=33.619819 node=worker-4 event=gpu_submit op_id=map/B:b6/a1/s5/g1.97 units=1 attempt=1 state=PENDING
t=33.814679 node=worker-4 event=gpu_op_terminal op_id=map/A:q34/a1/s0/g1.90 state=SUCCEEDED
t=33.829738 node=worker-4 event=task_abort task=A:q34/a1/s0/g1.90 reason=coordinator
t=33.829738 node=worker-4 event=task_committed task=A:q34/a1/s0/g1.90 shard=0
t=33.840271 node=worker-4 event=gpu_release op_id=map/A:q34/a1/s0/g1.90
t=33.903720 node=worker-4 event=gpu_released op_id=map/A:q34/a1/s0/g1.90 via=hint
t=33.903720 node=worker-4 event=task_done task=A:q34/a1/s0/g1.90 op_id=map/A:q34/a1/s0/g1.90 outcome=committed
t=34.600077 node=worker-4 event=batch_received batch=worker-4/e1/b74 tasks=1 epoch=1
t=34.600077 node=worker-4 event=task_start task=A:q37/a1/s0/g1.99 op_id=map/A:q37/a1/s0/g1.99 shard=0 speculative=false
t=34.601061 node=worker-4 event=gpu_submit op_id=map/A:q37/a1/s0/g1.99 units=1 attempt=1 state=PENDING
t=34.605032 node=worker-4 event=batch_reported batch=worker-4/e1/b68 tasks=1 failed=0
t=35.199018 node=worker-4 event=gpu_op_terminal op_id=map/B:b6/a1/s4/g1.96 state=SUCCEEDED
t=35.286801 node=worker-4 event=task_committed task=B:b6/a1/s4/g1.96 shard=4
t=35.293413 node=worker-4 event=gpu_release op_id=map/B:b6/a1/s4/g1.96
t=35.433293 node=worker-4 event=gpu_released op_id=map/B:b6/a1/s4/g1.96 via=hint
t=35.433293 node=worker-4 event=task_done task=B:b6/a1/s4/g1.96 op_id=map/B:b6/a1/s4/g1.96 outcome=committed
t=35.596793 node=worker-4 event=gpu_op_terminal op_id=map/B:b6/a1/s5/g1.97 state=SUCCEEDED
t=35.613093 node=worker-4 event=task_abort task=B:b6/a1/s4/g1.96 reason=coordinator
t=35.613093 node=worker-4 event=task_abort task=B:b6/a1/s5/g1.97 reason=coordinator
t=35.613093 node=worker-4 event=task_committed task=B:b6/a1/s5/g1.97 shard=5
t=35.624344 node=worker-4 event=gpu_release op_id=map/B:b6/a1/s5/g1.97
t=35.982080 node=worker-4 event=gpu_released op_id=map/B:b6/a1/s5/g1.97 via=hint
t=35.982080 node=worker-4 event=task_done task=B:b6/a1/s5/g1.97 op_id=map/B:b6/a1/s5/g1.97 outcome=committed
t=36.149251 node=worker-4 event=batch_reported batch=worker-4/e1/b72 tasks=2 failed=0
t=36.340400 node=worker-4 event=gpu_op_terminal op_id=map/A:q37/a1/s0/g1.99 state=FAILED
t=36.358169 node=worker-4 event=gpu_release op_id=map/A:q37/a1/s0/g1.99
t=36.595095 node=worker-4 event=gpu_released op_id=map/A:q37/a1/s0/g1.99 via=hint
t=36.595095 node=worker-4 event=task_done task=A:q37/a1/s0/g1.99 op_id=map/A:q37/a1/s0/g1.99 outcome=failed
t=36.620024 node=worker-4 event=batch_reported batch=worker-4/e1/b74 tasks=1 failed=1
t=36.730254 node=worker-4 event=batch_received batch=worker-4/e1/b78 tasks=1 epoch=1
t=36.730254 node=worker-4 event=task_start task=A:q37/a1/s0/g1.103 op_id=map/A:q37/a1/s0/g1.103 shard=0 speculative=false
t=36.740941 node=worker-4 event=gpu_submit op_id=map/A:q37/a1/s0/g1.103 units=1 attempt=1 state=PENDING
t=37.420637 node=worker-4 event=batch_received batch=worker-4/e1/b79 tasks=1 epoch=1
t=37.420637 node=worker-4 event=task_start task=A:q40/a1/s0/g1.104 op_id=map/A:q40/a1/s0/g1.104 shard=0 speculative=false
t=37.526413 node=worker-4 event=gpu_submit op_id=map/A:q40/a1/s0/g1.104 units=1 attempt=1 state=PENDING
t=38.410119 node=worker-4 event=gpu_op_terminal op_id=map/A:q37/a1/s0/g1.103 state=FAILED
t=38.413061 node=worker-4 event=batch_received batch=worker-4/e1/b84 tasks=1 epoch=1
t=38.413061 node=worker-4 event=task_start task=B:b7/a1/s4/g1.110 op_id=map/B:b7/a1/s4/g1.110 shard=4 speculative=false
t=38.425054 node=worker-4 event=gpu_submit op_id=map/B:b7/a1/s4/g1.110 units=1 attempt=1 state=PENDING
t=38.562812 node=worker-4 event=gpu_release op_id=map/A:q37/a1/s0/g1.103
t=38.562812 node=worker-4 event=gpu_released op_id=map/A:q37/a1/s0/g1.103 via=hint
t=38.562812 node=worker-4 event=task_done task=A:q37/a1/s0/g1.103 op_id=map/A:q37/a1/s0/g1.103 outcome=failed
t=39.272814 node=worker-4 event=batch_reported batch=worker-4/e1/b78 tasks=1 failed=1
t=39.309056 node=worker-4 event=batch_received batch=worker-4/e1/b85 tasks=1 epoch=1
t=39.309056 node=worker-4 event=task_start task=B:b7/a1/s5/g1.111 op_id=map/B:b7/a1/s5/g1.111 shard=5 speculative=false
t=39.322449 node=worker-4 event=gpu_submit op_id=map/B:b7/a1/s5/g1.111 units=1 attempt=1 state=PENDING
t=39.359766 node=worker-4 event=gpu_op_terminal op_id=map/A:q40/a1/s0/g1.104 state=SUCCEEDED
t=39.859766 node=worker-4 event=task_commit_retry task=A:q40/a1/s0/g1.104 attempt=1
t=40.124752 node=worker-4 event=task_abort task=A:q40/a1/s0/g1.104 reason=coordinator
t=40.125051 node=worker-4 event=task_committed task=A:q40/a1/s0/g1.104 shard=0
t=40.134109 node=worker-4 event=gpu_release op_id=map/A:q40/a1/s0/g1.104
t=40.208193 node=worker-4 event=batch_received batch=worker-4/e1/b87 tasks=1 epoch=1
t=40.208193 node=worker-4 event=task_start task=A:q37/a2/s0/g1.113 op_id=map/A:q37/a2/s0/g1.113 shard=0 speculative=false
t=40.221947 node=worker-4 event=gpu_submit op_id=map/A:q37/a2/s0/g1.113 units=1 attempt=1 state=PENDING
t=40.235507 node=worker-4 event=gpu_op_terminal op_id=map/B:b7/a1/s4/g1.110 state=FAILED
t=40.247326 node=worker-4 event=gpu_released op_id=map/A:q40/a1/s0/g1.104 via=hint
t=40.247326 node=worker-4 event=task_done task=A:q40/a1/s0/g1.104 op_id=map/A:q40/a1/s0/g1.104 outcome=committed
t=40.250902 node=worker-4 event=batch_reported batch=worker-4/e1/b79 tasks=1 failed=0
t=40.271401 node=worker-4 event=gpu_release op_id=map/B:b7/a1/s4/g1.110
t=40.569325 node=worker-4 event=gpu_released op_id=map/B:b7/a1/s4/g1.110 via=hint
t=40.569325 node=worker-4 event=task_done task=B:b7/a1/s4/g1.110 op_id=map/B:b7/a1/s4/g1.110 outcome=failed
t=40.623654 node=worker-4 event=batch_reported batch=worker-4/e1/b84 tasks=1 failed=1
t=40.629163 node=worker-4 event=batch_received batch=worker-4/e1/b90 tasks=1 epoch=1
t=40.629163 node=worker-4 event=task_start task=B:b7/a1/s4/g1.116 op_id=map/B:b7/a1/s4/g1.116 shard=4 speculative=false
t=40.641888 node=worker-4 event=gpu_submit op_id=map/B:b7/a1/s4/g1.116 units=1 attempt=1 state=PENDING
t=40.718946 node=worker-4 event=gpu_op_terminal op_id=map/B:b7/a1/s5/g1.111 state=SUCCEEDED
t=40.728334 node=worker-4 event=task_committed task=B:b7/a1/s5/g1.111 shard=5
t=40.756877 node=worker-4 event=gpu_release op_id=map/B:b7/a1/s5/g1.111
t=41.688341 node=worker-4 event=gpu_op_terminal op_id=map/A:q37/a2/s0/g1.113 state=SUCCEEDED
t=41.695123 node=worker-4 event=task_abort task=A:q37/a2/s0/g1.113 reason=coordinator
t=41.695123 node=worker-4 event=task_committed task=A:q37/a2/s0/g1.113 shard=0
t=41.699936 node=worker-4 event=gpu_release op_id=map/A:q37/a2/s0/g1.113
t=41.756877 node=worker-4 event=gpu_released op_id=map/B:b7/a1/s5/g1.111 via=hint
t=41.756877 node=worker-4 event=task_done task=B:b7/a1/s5/g1.111 op_id=map/B:b7/a1/s5/g1.111 outcome=committed
t=41.805646 node=worker-4 event=batch_received batch=worker-4/e1/b94 tasks=1 epoch=1
t=41.805646 node=worker-4 event=task_start task=A:q45/a1/s0/g1.120 op_id=map/A:q45/a1/s0/g1.120 shard=0 speculative=false
t=41.813414 node=worker-4 event=gpu_submit op_id=map/A:q45/a1/s0/g1.120 units=1 attempt=1 state=PENDING
t=41.815427 node=worker-4 event=gpu_released op_id=map/A:q37/a2/s0/g1.113 via=hint
t=41.815427 node=worker-4 event=task_done task=A:q37/a2/s0/g1.113 op_id=map/A:q37/a2/s0/g1.113 outcome=committed
t=41.825748 node=worker-4 event=batch_reported batch=worker-4/e1/b87 tasks=1 failed=0
t=41.927154 node=worker-4 event=batch_reported batch=worker-4/e1/b85 tasks=1 failed=0
t=42.573437 node=worker-4 event=gpu_op_terminal op_id=map/B:b7/a1/s4/g1.116 state=SUCCEEDED
t=42.580437 node=worker-4 event=task_committed task=B:b7/a1/s4/g1.116 shard=4
t=42.692016 node=worker-4 event=gpu_release op_id=map/B:b7/a1/s4/g1.116
t=42.916096 node=worker-4 event=gpu_released op_id=map/B:b7/a1/s4/g1.116 via=hint
t=42.916096 node=worker-4 event=task_done task=B:b7/a1/s4/g1.116 op_id=map/B:b7/a1/s4/g1.116 outcome=committed
t=43.088390 node=worker-4 event=task_abort task=B:b7/a1/s4/g1.116 reason=coordinator
t=43.096770 node=worker-4 event=batch_reported batch=worker-4/e1/b90 tasks=1 failed=0
t=43.510372 node=worker-4 event=batch_received batch=worker-4/e1/b96 tasks=1 epoch=1
t=43.510372 node=worker-4 event=task_start task=A:q47/a1/s0/g1.123 op_id=map/A:q47/a1/s0/g1.123 shard=0 speculative=false
t=43.531152 node=worker-4 event=gpu_submit op_id=map/A:q47/a1/s0/g1.123 units=1 attempt=1 state=PENDING
t=43.606623 node=worker-4 event=gpu_op_terminal op_id=map/A:q45/a1/s0/g1.120 state=SUCCEEDED
t=43.612759 node=worker-4 event=task_abort task=A:q45/a1/s0/g1.120 reason=coordinator
t=43.612759 node=worker-4 event=task_committed task=A:q45/a1/s0/g1.120 shard=0
t=43.768805 node=worker-4 event=gpu_release op_id=map/A:q45/a1/s0/g1.120
t=43.907235 node=worker-4 event=batch_received batch=worker-4/e1/b97 tasks=2 epoch=1
t=43.907235 node=worker-4 event=task_start task=B:b8/a1/s0/g1.124 op_id=map/B:b8/a1/s0/g1.124 shard=0 speculative=false
t=43.907235 node=worker-4 event=task_start task=B:b8/a1/s1/g1.125 op_id=map/B:b8/a1/s1/g1.125 shard=1 speculative=false
t=43.911962 node=worker-4 event=gpu_submit op_id=map/B:b8/a1/s0/g1.124 units=1 attempt=1 state=PENDING
t=43.911962 node=worker-4 event=gpu_submit_retry op_id=map/B:b8/a1/s1/g1.125 code=CAPACITY attempt=1 backoff=0.25
t=44.289787 node=worker-4 event=gpu_submit op_id=map/B:b8/a1/s1/g1.125 units=1 attempt=2 state=PENDING
t=44.768805 node=worker-4 event=gpu_released op_id=map/A:q45/a1/s0/g1.120 via=hint
t=44.768805 node=worker-4 event=task_done task=A:q45/a1/s0/g1.120 op_id=map/A:q45/a1/s0/g1.120 outcome=committed
t=44.966086 node=worker-4 event=batch_reported batch=worker-4/e1/b94 tasks=1 failed=0
t=45.290885 node=worker-4 event=gpu_op_terminal op_id=map/A:q47/a1/s0/g1.123 state=SUCCEEDED
t=45.298996 node=worker-4 event=task_abort task=A:q47/a1/s0/g1.123 reason=coordinator
t=45.300901 node=worker-4 event=batch_received batch=worker-4/e1/b103 tasks=1 epoch=1
t=45.300901 node=worker-4 event=task_start task=A:q46/a1/s0/g1.132 op_id=map/A:q46/a1/s0/g1.132 shard=0 speculative=false
t=45.319198 node=worker-4 event=gpu_submit_retry op_id=map/A:q46/a1/s0/g1.132 code=CAPACITY attempt=1 backoff=0.25
t=45.334295 node=worker-4 event=task_committed task=A:q47/a1/s0/g1.123 shard=0
t=45.337013 node=worker-4 event=gpu_release op_id=map/A:q47/a1/s0/g1.123
t=45.537097 node=worker-4 event=gpu_released op_id=map/A:q47/a1/s0/g1.123 via=hint
t=45.537097 node=worker-4 event=task_done task=A:q47/a1/s0/g1.123 op_id=map/A:q47/a1/s0/g1.123 outcome=committed
t=45.580484 node=worker-4 event=gpu_submit op_id=map/A:q46/a1/s0/g1.132 units=1 attempt=2 state=PENDING
t=45.616187 node=worker-4 event=gpu_op_terminal op_id=map/B:b8/a1/s0/g1.124 state=SUCCEEDED
t=45.622727 node=worker-4 event=batch_reported batch=worker-4/e1/b96 tasks=1 failed=0
t=45.835431 node=worker-4 event=task_committed task=B:b8/a1/s0/g1.124 shard=0
t=45.947266 node=worker-4 event=gpu_release op_id=map/B:b8/a1/s0/g1.124
t=45.987338 node=worker-4 event=gpu_op_terminal op_id=map/B:b8/a1/s1/g1.125 state=SUCCEEDED
t=46.106439 node=worker-4 event=task_committed task=B:b8/a1/s1/g1.125 shard=1
t=46.204688 node=worker-4 event=gpu_released op_id=map/B:b8/a1/s0/g1.124 via=hint
t=46.204688 node=worker-4 event=task_done task=B:b8/a1/s0/g1.124 op_id=map/B:b8/a1/s0/g1.124 outcome=committed
t=46.213274 node=worker-4 event=gpu_release op_id=map/B:b8/a1/s1/g1.125
t=46.294520 node=worker-4 event=gpu_released op_id=map/B:b8/a1/s1/g1.125 via=hint
t=46.294520 node=worker-4 event=task_done task=B:b8/a1/s1/g1.125 op_id=map/B:b8/a1/s1/g1.125 outcome=committed
t=46.302208 node=worker-4 event=batch_reported batch=worker-4/e1/b97 tasks=2 failed=0
t=46.305487 node=worker-4 event=batch_received batch=worker-4/e1/b104 tasks=1 epoch=1
t=46.305487 node=worker-4 event=task_start task=A:q49/a1/s0/g1.133 op_id=map/A:q49/a1/s0/g1.133 shard=0 speculative=false
t=46.400524 node=worker-4 event=batch_received batch=worker-4/e1/b105 tasks=1 epoch=1
t=46.400524 node=worker-4 event=task_start task=A:q50/a1/s0/g1.134 op_id=map/A:q50/a1/s0/g1.134 shard=0 speculative=false
t=46.419119 node=worker-4 event=gpu_submit op_id=map/A:q50/a1/s0/g1.134 units=1 attempt=1 state=PENDING
t=46.494378 node=worker-4 event=gpu_submit op_id=map/A:q49/a1/s0/g1.133 units=1 attempt=1 state=PENDING
t=47.109921 node=worker-4 event=gpu_op_terminal op_id=map/A:q46/a1/s0/g1.132 state=SUCCEEDED
t=47.123571 node=worker-4 event=task_abort task=A:q46/a1/s0/g1.132 reason=coordinator
t=47.123571 node=worker-4 event=task_committed task=A:q46/a1/s0/g1.132 shard=0
t=47.134806 node=worker-4 event=gpu_release op_id=map/A:q46/a1/s0/g1.132
t=47.454599 node=worker-4 event=gpu_released op_id=map/A:q46/a1/s0/g1.132 via=hint
t=47.454599 node=worker-4 event=task_done task=A:q46/a1/s0/g1.132 op_id=map/A:q46/a1/s0/g1.132 outcome=committed
t=47.659982 node=worker-4 event=gpu_op_terminal op_id=map/A:q50/a1/s0/g1.134 state=SUCCEEDED
t=47.744228 node=worker-4 event=task_abort task=A:q50/a1/s0/g1.134 reason=coordinator
t=47.748484 node=worker-4 event=task_committed task=A:q50/a1/s0/g1.134 shard=0
t=47.753665 node=worker-4 event=gpu_release op_id=map/A:q50/a1/s0/g1.134
t=48.144267 node=worker-4 event=gpu_released op_id=map/A:q50/a1/s0/g1.134 via=hint
t=48.144267 node=worker-4 event=task_done task=A:q50/a1/s0/g1.134 op_id=map/A:q50/a1/s0/g1.134 outcome=committed
t=48.157156 node=worker-4 event=batch_reported batch=worker-4/e1/b105 tasks=1 failed=0
t=48.201092 node=worker-4 event=batch_received batch=worker-4/e1/b109 tasks=2 epoch=1
t=48.201092 node=worker-4 event=task_start task=B:b9/a1/s2/g1.139 op_id=map/B:b9/a1/s2/g1.139 shard=2 speculative=false
t=48.201092 node=worker-4 event=task_start task=B:b9/a1/s3/g1.140 op_id=map/B:b9/a1/s3/g1.140 shard=3 speculative=false
t=48.208020 node=worker-4 event=gpu_submit op_id=map/B:b9/a1/s2/g1.139 units=1 attempt=1 state=PENDING
t=48.208020 node=worker-4 event=gpu_submit op_id=map/B:b9/a1/s3/g1.140 units=1 attempt=1 state=PENDING
t=48.320418 node=worker-4 event=gpu_op_terminal op_id=map/A:q49/a1/s0/g1.133 state=FAILED
t=48.331804 node=worker-4 event=batch_reported batch=worker-4/e1/b103 tasks=1 failed=0
t=48.402767 node=worker-4 event=gpu_release op_id=map/A:q49/a1/s0/g1.133
t=48.928955 node=worker-4 event=gpu_released op_id=map/A:q49/a1/s0/g1.133 via=status
t=48.928955 node=worker-4 event=task_done task=A:q49/a1/s0/g1.133 op_id=map/A:q49/a1/s0/g1.133 outcome=failed
t=48.930236 node=worker-4 event=batch_reported batch=worker-4/e1/b104 tasks=1 failed=1
t=49.003732 node=worker-4 event=batch_received batch=worker-4/e1/b114 tasks=1 epoch=1
t=49.003732 node=worker-4 event=task_start task=A:q49/a1/s0/g1.145 op_id=map/A:q49/a1/s0/g1.145 shard=0 speculative=false
t=49.045865 node=worker-4 event=gpu_submit op_id=map/A:q49/a1/s0/g1.145 units=1 attempt=1 state=PENDING
t=49.772503 node=worker-4 event=gpu_op_terminal op_id=map/B:b9/a1/s3/g1.140 state=SUCCEEDED
t=49.917898 node=worker-4 event=task_committed task=B:b9/a1/s3/g1.140 shard=3
t=49.932228 node=worker-4 event=gpu_release op_id=map/B:b9/a1/s3/g1.140
t=50.149760 node=worker-4 event=gpu_released op_id=map/B:b9/a1/s3/g1.140 via=hint
t=50.149760 node=worker-4 event=task_done task=B:b9/a1/s3/g1.140 op_id=map/B:b9/a1/s3/g1.140 outcome=committed
t=50.180189 node=worker-4 event=gpu_op_terminal op_id=map/B:b9/a1/s2/g1.139 state=SUCCEEDED
t=50.218579 node=worker-4 event=task_committed task=B:b9/a1/s2/g1.139 shard=2
t=50.290257 node=worker-4 event=gpu_release op_id=map/B:b9/a1/s2/g1.139
t=50.468609 node=worker-4 event=task_abort task=B:b9/a1/s2/g1.139 reason=coordinator
t=50.468609 node=worker-4 event=task_abort task=B:b9/a1/s3/g1.140 reason=coordinator
t=50.809436 node=worker-4 event=gpu_op_terminal op_id=map/A:q49/a1/s0/g1.145 state=SUCCEEDED
t=50.903424 node=worker-4 event=task_abort task=A:q49/a1/s0/g1.145 reason=coordinator
t=50.903424 node=worker-4 event=task_committed task=A:q49/a1/s0/g1.145 shard=0
t=51.108982 node=worker-4 event=gpu_release op_id=map/A:q49/a1/s0/g1.145
t=51.396332 node=worker-4 event=gpu_released op_id=map/A:q49/a1/s0/g1.145 via=hint
t=51.396332 node=worker-4 event=task_done task=A:q49/a1/s0/g1.145 op_id=map/A:q49/a1/s0/g1.145 outcome=committed
t=51.801287 node=worker-4 event=gpu_released op_id=map/B:b9/a1/s2/g1.139 via=status
t=51.801287 node=worker-4 event=task_done task=B:b9/a1/s2/g1.139 op_id=map/B:b9/a1/s2/g1.139 outcome=committed
t=54.596332 node=worker-4 event=batch_report_abandoned batch=worker-4/e1/b114 attempts=4
t=55.001287 node=worker-4 event=batch_report_abandoned batch=worker-4/e1/b109 attempts=4
t=55.914022 node=worker-4 event=batch_received batch=worker-4/e1/b122 tasks=2 epoch=1
t=55.914022 node=worker-4 event=task_start task=A:q58/a1/s0/g1.154 op_id=map/A:q58/a1/s0/g1.154 shard=0 speculative=false
t=55.914022 node=worker-4 event=task_start task=A:q56/a1/s0/g1.155 op_id=map/A:q56/a1/s0/g1.155 shard=0 speculative=false
t=55.917223 node=worker-4 event=gpu_submit op_id=map/A:q56/a1/s0/g1.155 units=1 attempt=1 state=PENDING
t=55.991570 node=worker-4 event=gpu_submit op_id=map/A:q58/a1/s0/g1.154 units=1 attempt=1 state=PENDING
t=57.613572 node=worker-4 event=gpu_op_terminal op_id=map/A:q58/a1/s0/g1.154 state=SUCCEEDED
t=57.637488 node=worker-4 event=task_abort task=A:q58/a1/s0/g1.154 reason=coordinator
t=57.681553 node=worker-4 event=task_committed task=A:q58/a1/s0/g1.154 shard=0
t=57.693697 node=worker-4 event=gpu_release op_id=map/A:q58/a1/s0/g1.154
t=57.754261 node=worker-4 event=gpu_op_terminal op_id=map/A:q56/a1/s0/g1.155 state=SUCCEEDED
t=57.760923 node=worker-4 event=task_abort task=A:q56/a1/s0/g1.155 reason=coordinator
t=57.762448 node=worker-4 event=task_committed task=A:q56/a1/s0/g1.155 shard=0
t=57.790360 node=worker-4 event=gpu_release op_id=map/A:q56/a1/s0/g1.155
t=57.848548 node=worker-4 event=gpu_released op_id=map/A:q58/a1/s0/g1.154 via=hint
t=57.848548 node=worker-4 event=task_done task=A:q58/a1/s0/g1.154 op_id=map/A:q58/a1/s0/g1.154 outcome=committed
t=58.015265 node=worker-4 event=gpu_released op_id=map/A:q56/a1/s0/g1.155 via=hint
t=58.015265 node=worker-4 event=task_done task=A:q56/a1/s0/g1.155 op_id=map/A:q56/a1/s0/g1.155 outcome=committed
t=58.022461 node=worker-4 event=batch_reported batch=worker-4/e1/b122 tasks=2 failed=0
