t=1.297819 node=gpu event=gpu_accepted op_id=A/a0/a1 tenant=A units=2 state=PENDING committed=2
t=2.261031 node=gpu event=gpu_started op_id=A/a0/a1 tenant=A units=2 state=RUNNING committed=2
t=2.459560 node=gpu event=gpu_accepted op_id=B/b0/a1 tenant=B units=3 state=PENDING committed=5
t=2.749841 node=gpu event=gpu_started op_id=B/b0/a1 tenant=B units=3 state=RUNNING committed=5
t=2.853680 node=gpu event=gpu_accepted op_id=A/a1/a1 tenant=A units=2 state=PENDING committed=7
t=3.261031 node=gpu event=gpu_finished op_id=A/a0/a1 tenant=A units=2 state=SUCCEEDED committed=7
t=3.512554 node=gpu event=gpu_release_requested op_id=A/a0/a1 tenant=A units=2 state=SUCCEEDED committed=7
t=3.623382 node=gpu event=gpu_release_complete op_id=A/a0/a1 tenant=A units=2 state=SUCCEEDED committed=5
t=4.110784 node=gpu event=gpu_started op_id=A/a1/a1 tenant=A units=2 state=RUNNING committed=5
t=4.334114 node=gpu event=gpu_accepted op_id=A/a2/a1 tenant=A units=2 state=PENDING committed=7
t=4.749841 node=gpu event=gpu_finished op_id=B/b0/a1 tenant=B units=3 state=SUCCEEDED committed=7
t=4.806677 node=gpu event=gpu_started op_id=A/a2/a1 tenant=A units=2 state=RUNNING committed=7
t=4.948604 node=gpu event=gpu_release_requested op_id=B/b0/a1 tenant=B units=3 state=SUCCEEDED committed=7
t=5.110784 node=gpu event=gpu_finished op_id=A/a1/a1 tenant=A units=2 state=SUCCEEDED committed=7
t=5.200974 node=gpu event=gpu_release_complete op_id=B/b0/a1 tenant=B units=3 state=SUCCEEDED committed=4
t=5.333748 node=gpu event=gpu_release_requested op_id=A/a1/a1 tenant=A units=2 state=SUCCEEDED committed=4
t=5.528526 node=gpu event=gpu_accepted op_id=A/a3/a1 tenant=A units=2 state=PENDING committed=6
t=5.552021 node=gpu event=gpu_accepted op_id=B/b1/a1 tenant=B units=3 state=PENDING committed=9
t=5.671021 node=gpu event=gpu_release_complete op_id=A/a1/a1 tenant=A units=2 state=SUCCEEDED committed=7
t=5.806677 node=gpu event=gpu_finished op_id=A/a2/a1 tenant=A units=2 state=SUCCEEDED committed=7
t=5.925919 node=gpu event=gpu_release_requested op_id=A/a2/a1 tenant=A units=2 state=SUCCEEDED committed=7
t=5.987869 node=gpu event=gpu_release_complete op_id=A/a2/a1 tenant=A units=2 state=SUCCEEDED committed=5
t=6.513861 node=gpu event=gpu_started op_id=A/a3/a1 tenant=A units=2 state=RUNNING committed=5
t=7.013481 node=gpu event=gpu_started op_id=B/b1/a1 tenant=B units=3 state=RUNNING committed=5
t=7.238215 node=gpu event=gpu_accepted op_id=A/a4/a1 tenant=A units=2 state=PENDING committed=7
t=7.513861 node=gpu event=gpu_finished op_id=A/a3/a1 tenant=A units=2 state=SUCCEEDED committed=7
t=7.698428 node=gpu event=gpu_release_requested op_id=A/a3/a1 tenant=A units=2 state=SUCCEEDED committed=7
t=7.756102 node=gpu event=gpu_started op_id=A/a4/a1 tenant=A units=2 state=RUNNING committed=7
t=7.877669 node=gpu event=gpu_release_complete op_id=A/a3/a1 tenant=A units=2 state=SUCCEEDED committed=5
t=8.756102 node=gpu event=gpu_finished op_id=A/a4/a1 tenant=A units=2 state=SUCCEEDED committed=5
t=8.904722 node=gpu event=gpu_accepted op_id=A/a5/a1 tenant=A units=2 state=PENDING committed=7
t=9.013481 node=gpu event=gpu_finished op_id=B/b1/a1 tenant=B units=3 state=SUCCEEDED committed=7
t=9.253707 node=gpu event=gpu_release_requested op_id=B/b1/a1 tenant=B units=3 state=SUCCEEDED committed=7
t=9.465556 node=gpu event=gpu_release_complete op_id=B/b1/a1 tenant=B units=3 state=SUCCEEDED committed=4
t=9.804253 node=gpu event=gpu_release_requested op_id=A/a4/a1 tenant=A units=2 state=SUCCEEDED committed=4
t=10.028505 node=gpu event=gpu_started op_id=A/a5/a1 tenant=A units=2 state=RUNNING committed=4
t=10.051845 node=gpu event=gpu_release_complete op_id=A/a4/a1 tenant=A units=2 state=SUCCEEDED committed=2
t=10.161289 node=gpu event=gpu_accepted op_id=A/a6/a1 tenant=A units=2 state=PENDING committed=4
t=11.028505 node=gpu event=gpu_finished op_id=A/a5/a1 tenant=A units=2 state=SUCCEEDED committed=4
t=11.095798 node=gpu event=gpu_release_requested op_id=A/a5/a1 tenant=A units=2 state=SUCCEEDED committed=4
t=11.166844 node=gpu event=gpu_release_complete op_id=A/a5/a1 tenant=A units=2 state=SUCCEEDED committed=2
t=11.385398 node=gpu event=gpu_started op_id=A/a6/a1 tenant=A units=2 state=RUNNING committed=2
t=11.774585 node=gpu event=gpu_accepted op_id=A/a7/a1 tenant=A units=2 state=PENDING committed=4
t=12.046532 node=gpu event=gpu_accepted op_id=B/b2/a1 tenant=B units=3 state=PENDING committed=7
t=12.182402 node=gpu event=gpu_started op_id=A/a7/a1 tenant=A units=2 state=RUNNING committed=7
t=12.385398 node=gpu event=gpu_finished op_id=A/a6/a1 tenant=A units=2 state=SUCCEEDED committed=7
t=12.702024 node=gpu event=gpu_started op_id=B/b2/a1 tenant=B units=3 state=RUNNING committed=7
t=13.154235 node=gpu event=gpu_accepted op_id=A/a8/a1 tenant=A units=2 state=PENDING committed=9
t=13.182402 node=gpu event=gpu_finished op_id=A/a7/a1 tenant=A units=2 state=SUCCEEDED committed=9
t=13.351706 node=gpu event=gpu_release_requested op_id=A/a7/a1 tenant=A units=2 state=SUCCEEDED committed=9
t=13.548592 node=gpu event=gpu_release_complete op_id=A/a7/a1 tenant=A units=2 state=SUCCEEDED committed=7
t=14.327048 node=gpu event=gpu_started op_id=A/a8/a1 tenant=A units=2 state=RUNNING committed=7
t=14.471214 node=gpu event=gpu_accepted op_id=B/b3/a1 tenant=B units=3 state=PENDING committed=10
t=14.555824 node=gpu event=gpu_accepted op_id=A/a9/a1 tenant=A units=2 state=PENDING committed=12
t=14.650766 node=gpu event=gpu_release_requested op_id=A/a6/a1 tenant=A units=2 state=SUCCEEDED committed=12
t=14.702024 node=gpu event=gpu_finished op_id=B/b2/a1 tenant=B units=3 state=SUCCEEDED committed=12
t=14.771352 node=gpu event=gpu_release_complete op_id=A/a6/a1 tenant=A units=2 state=SUCCEEDED committed=10
t=14.856392 node=gpu event=gpu_release_requested op_id=B/b2/a1 tenant=B units=3 state=SUCCEEDED committed=10
t=15.036535 node=gpu event=gpu_release_complete op_id=B/b2/a1 tenant=B units=3 state=SUCCEEDED committed=7
t=15.248769 node=gpu event=gpu_started op_id=A/a9/a1 tenant=A units=2 state=RUNNING committed=7
t=15.327048 node=gpu event=gpu_finished op_id=A/a8/a1 tenant=A units=2 state=SUCCEEDED committed=7
t=15.341300 node=gpu event=gpu_release_requested op_id=A/a8/a1 tenant=A units=2 state=SUCCEEDED committed=7
t=15.591166 node=gpu event=gpu_started op_id=B/b3/a1 tenant=B units=3 state=RUNNING committed=7
t=15.703460 node=gpu event=gpu_release_complete op_id=A/a8/a1 tenant=A units=2 state=SUCCEEDED committed=5
t=16.248769 node=gpu event=gpu_finished op_id=A/a9/a1 tenant=A units=2 state=SUCCEEDED committed=5
t=16.453993 node=gpu event=gpu_accepted op_id=A/a10/a1 tenant=A units=2 state=PENDING committed=7
t=17.437147 node=gpu event=gpu_release_requested op_id=A/a9/a1 tenant=A units=2 state=SUCCEEDED committed=7
t=17.486165 node=gpu event=gpu_started op_id=A/a10/a1 tenant=A units=2 state=RUNNING committed=7
t=17.591166 node=gpu event=gpu_finished op_id=B/b3/a1 tenant=B units=3 state=SUCCEEDED committed=7
t=17.596123 node=gpu event=gpu_release_complete op_id=A/a9/a1 tenant=A units=2 state=SUCCEEDED committed=5
t=17.717785 node=gpu event=gpu_accepted op_id=A/a11/a1 tenant=A units=2 state=PENDING committed=7
t=17.835639 node=gpu event=gpu_accepted op_id=B/b4/a1 tenant=B units=3 state=PENDING committed=10
t=17.884786 node=gpu event=gpu_release_requested op_id=B/b3/a1 tenant=B units=3 state=SUCCEEDED committed=10
t=17.985895 node=gpu event=gpu_started op_id=A/a11/a1 tenant=A units=2 state=RUNNING committed=10
t=18.280947 node=gpu event=gpu_release_complete op_id=B/b3/a1 tenant=B units=3 state=SUCCEEDED committed=7
t=18.486165 node=gpu event=gpu_finished op_id=A/a10/a1 tenant=A units=2 state=SUCCEEDED committed=7
t=18.724819 node=gpu event=gpu_release_requested op_id=A/a10/a1 tenant=A units=2 state=SUCCEEDED committed=7
t=18.816250 node=gpu event=gpu_started op_id=B/b4/a1 tenant=B units=3 state=RUNNING committed=7
t=18.935026 node=gpu event=gpu_release_complete op_id=A/a10/a1 tenant=A units=2 state=SUCCEEDED committed=5
t=18.985895 node=gpu event=gpu_finished op_id=A/a11/a1 tenant=A units=2 state=SUCCEEDED committed=5
t=19.117721 node=gpu event=gpu_accepted op_id=A/a12/a1 tenant=A units=2 state=PENDING committed=7
t=19.296123 node=gpu event=gpu_release_requested op_id=A/a11/a1 tenant=A units=2 state=SUCCEEDED committed=7
t=19.358406 node=gpu event=gpu_release_complete op_id=A/a11/a1 tenant=A units=2 state=SUCCEEDED committed=5
t=19.751634 node=gpu event=gpu_started op_id=A/a12/a1 tenant=A units=2 state=RUNNING committed=5
t=20.751634 node=gpu event=gpu_finished op_id=A/a12/a1 tenant=A units=2 state=SUCCEEDED committed=5
t=20.789648 node=gpu event=gpu_accepted op_id=A/a13/a1 tenant=A units=2 state=PENDING committed=7
t=20.816250 node=gpu event=gpu_finished op_id=B/b4/a1 tenant=B units=3 state=SUCCEEDED committed=7
t=20.980567 node=gpu event=gpu_release_requested op_id=A/a12/a1 tenant=A units=2 state=SUCCEEDED committed=7
t=20.985354 node=gpu event=gpu_release_requested op_id=B/b4/a1 tenant=B units=3 state=SUCCEEDED committed=7
t=21.045044 node=gpu event=gpu_release_complete op_id=B/b4/a1 tenant=B units=3 state=SUCCEEDED committed=4
t=21.205639 node=gpu event=gpu_release_complete op_id=A/a12/a1 tenant=A units=2 state=SUCCEEDED committed=2
t=21.844408 node=gpu event=gpu_started op_id=A/a13/a1 tenant=A units=2 state=RUNNING committed=2
t=22.148897 node=gpu event=gpu_accepted op_id=B/b5/a1 tenant=B units=3 state=PENDING committed=5
t=22.458104 node=gpu event=gpu_accepted op_id=A/a14/a1 tenant=A units=2 state=PENDING committed=7
t=22.844408 node=gpu event=gpu_finished op_id=A/a13/a1 tenant=A units=2 state=SUCCEEDED committed=7
t=22.933816 node=gpu event=gpu_started op_id=A/a14/a1 tenant=A units=2 state=RUNNING committed=7
t=22.952250 node=gpu event=gpu_release_requested op_id=A/a13/a1 tenant=A units=2 state=SUCCEEDED committed=7
t=23.274077 node=gpu event=gpu_started op_id=B/b5/a1 tenant=B units=3 state=RUNNING committed=7
t=23.326159 node=gpu event=gpu_release_complete op_id=A/a13/a1 tenant=A units=2 state=SUCCEEDED committed=5
t=23.520296 node=gpu event=gpu_accepted op_id=A/a15/a1 tenant=A units=2 state=PENDING committed=7
t=23.933816 node=gpu event=gpu_finished op_id=A/a14/a1 tenant=A units=2 state=SUCCEEDED committed=7
t=24.083084 node=gpu event=gpu_release_requested op_id=A/a14/a1 tenant=A units=2 state=SUCCEEDED committed=7
t=24.229460 node=gpu event=gpu_release_complete op_id=A/a14/a1 tenant=A units=2 state=SUCCEEDED committed=5
t=24.628278 node=gpu event=gpu_started op_id=A/a15/a1 tenant=A units=2 state=RUNNING committed=5
t=25.274077 node=gpu event=gpu_finished op_id=B/b5/a1 tenant=B units=3 state=SUCCEEDED committed=5
t=25.286994 node=gpu event=gpu_accepted op_id=A/a16/a1 tenant=A units=2 state=PENDING committed=7
t=25.565310 node=gpu event=gpu_release_requested op_id=B/b5/a1 tenant=B units=3 state=SUCCEEDED committed=7
t=25.628278 node=gpu event=gpu_finished op_id=A/a15/a1 tenant=A units=2 state=SUCCEEDED committed=7
t=25.707283 node=gpu event=gpu_release_requested op_id=A/a15/a1 tenant=A units=2 state=SUCCEEDED committed=7
t=25.849983 node=gpu event=gpu_release_complete op_id=A/a15/a1 tenant=A units=2 state=SUCCEEDED committed=5
t=25.852274 node=gpu event=gpu_release_complete op_id=B/b5/a1 tenant=B units=3 state=SUCCEEDED committed=2
t=26.121038 node=gpu event=gpu_accepted op_id=B/b6/a1 tenant=B units=3 state=PENDING committed=5
t=26.448516 node=gpu event=gpu_started op_id=A/a16/a1 tenant=A units=2 state=RUNNING committed=5
t=26.878494 node=gpu event=gpu_accepted op_id=A/a17/a1 tenant=A units=2 state=PENDING committed=7
t=27.143497 node=gpu event=gpu_started op_id=A/a17/a1 tenant=A units=2 state=RUNNING committed=7
t=27.448516 node=gpu event=gpu_finished op_id=A/a16/a1 tenant=A units=2 state=SUCCEEDED committed=7
t=27.502165 node=gpu event=gpu_release_requested op_id=A/a16/a1 tenant=A units=2 state=SUCCEEDED committed=7
t=27.559760 node=gpu event=gpu_started op_id=B/b6/a1 tenant=B units=3 state=RUNNING committed=7
t=27.650341 node=gpu event=gpu_release_complete op_id=A/a16/a1 tenant=A units=2 state=SUCCEEDED committed=5
t=28.143497 node=gpu event=gpu_finished op_id=A/a17/a1 tenant=A units=2 state=SUCCEEDED committed=5
t=28.231989 node=gpu event=gpu_accepted op_id=A/a18/a1 tenant=A units=2 state=PENDING committed=7
t=29.163748 node=gpu event=gpu_release_requested op_id=A/a17/a1 tenant=A units=2 state=SUCCEEDED committed=7
t=29.310961 node=gpu event=gpu_started op_id=A/a18/a1 tenant=A units=2 state=RUNNING committed=7
t=29.343866 node=gpu event=gpu_release_complete op_id=A/a17/a1 tenant=A units=2 state=SUCCEEDED committed=5
t=29.559760 node=gpu event=gpu_finished op_id=B/b6/a1 tenant=B units=3 state=SUCCEEDED committed=5
t=29.687088 node=gpu event=gpu_accepted op_id=A/a19/a1 tenant=A units=2 state=PENDING committed=7
t=29.852349 node=gpu event=gpu_release_requested op_id=B/b6/a1 tenant=B units=3 state=SUCCEEDED committed=7
t=29.971395 node=gpu event=gpu_release_complete op_id=B/b6/a1 tenant=B units=3 state=SUCCEEDED committed=4
t=29.980684 node=gpu event=gpu_started op_id=A/a19/a1 tenant=A units=2 state=RUNNING committed=4
t=30.310961 node=gpu event=gpu_finished op_id=A/a18/a1 tenant=A units=2 state=SUCCEEDED committed=4
t=30.367917 node=gpu event=gpu_accepted op_id=B/b7/a1 tenant=B units=3 state=PENDING committed=7
t=30.436331 node=gpu event=gpu_release_requested op_id=A/a18/a1 tenant=A units=2 state=SUCCEEDED committed=7
t=30.590070 node=gpu event=gpu_release_complete op_id=A/a18/a1 tenant=A units=2 state=SUCCEEDED committed=5
t=30.980684 node=gpu event=gpu_finished op_id=A/a19/a1 tenant=A units=2 state=SUCCEEDED committed=5
t=31.244581 node=gpu event=gpu_release_requested op_id=A/a19/a1 tenant=A units=2 state=SUCCEEDED committed=5
t=31.257968 node=gpu event=gpu_accepted op_id=A/a20/a1 tenant=A units=2 state=PENDING committed=7
t=31.353221 node=gpu event=gpu_release_complete op_id=A/a19/a1 tenant=A units=2 state=SUCCEEDED committed=5
t=31.589871 node=gpu event=gpu_started op_id=B/b7/a1 tenant=B units=3 state=RUNNING committed=5
t=32.490933 node=gpu event=gpu_started op_id=A/a20/a1 tenant=A units=2 state=RUNNING committed=5
t=32.678581 node=gpu event=gpu_accepted op_id=A/a21/a1 tenant=A units=2 state=PENDING committed=7
t=33.393192 node=gpu event=gpu_started op_id=A/a21/a1 tenant=A units=2 state=RUNNING committed=7
t=33.490933 node=gpu event=gpu_finished op_id=A/a20/a1 tenant=A units=2 state=SUCCEEDED committed=7
t=33.589871 node=gpu event=gpu_finished op_id=B/b7/a1 tenant=B units=3 state=SUCCEEDED committed=7
t=33.758868 node=gpu event=gpu_release_requested op_id=A/a20/a1 tenant=A units=2 state=SUCCEEDED committed=7
t=33.796910 node=gpu event=gpu_release_requested op_id=B/b7/a1 tenant=B units=3 state=SUCCEEDED committed=7
t=33.886504 node=gpu event=gpu_release_complete op_id=A/a20/a1 tenant=A units=2 state=SUCCEEDED committed=5
t=33.977815 node=gpu event=gpu_release_complete op_id=B/b7/a1 tenant=B units=3 state=SUCCEEDED committed=2
t=34.063095 node=gpu event=gpu_accepted op_id=B/b8/a1 tenant=B units=3 state=PENDING committed=5
t=34.366997 node=gpu event=gpu_started op_id=B/b8/a1 tenant=B units=3 state=RUNNING committed=5
t=34.373312 node=gpu event=gpu_accepted op_id=A/a22/a1 tenant=A units=2 state=PENDING committed=7
t=34.393192 node=gpu event=gpu_finished op_id=A/a21/a1 tenant=A units=2 state=SUCCEEDED committed=7
t=34.520968 node=gpu event=gpu_release_requested op_id=A/a21/a1 tenant=A units=2 state=SUCCEEDED committed=7
t=34.709925 node=gpu event=gpu_release_complete op_id=A/a21/a1 tenant=A units=2 state=SUCCEEDED committed=5
t=35.109676 node=gpu event=gpu_started op_id=A/a22/a1 tenant=A units=2 state=RUNNING committed=5
t=35.830933 node=gpu event=gpu_accepted op_id=A/a23/a1 tenant=A units=2 state=PENDING committed=7
t=36.109676 node=gpu event=gpu_finished op_id=A/a22/a1 tenant=A units=2 state=SUCCEEDED committed=7
t=36.281163 node=gpu event=gpu_release_requested op_id=A/a22/a1 tenant=A units=2 state=SUCCEEDED committed=7
t=36.366997 node=gpu event=gpu_finished op_id=B/b8/a1 tenant=B units=3 state=SUCCEEDED committed=7
t=36.464596 node=gpu event=gpu_release_complete op_id=A/a22/a1 tenant=A units=2 state=SUCCEEDED committed=5
t=36.554007 node=gpu event=gpu_release_requested op_id=B/b8/a1 tenant=B units=3 state=SUCCEEDED committed=5
t=36.897354 node=gpu event=gpu_release_complete op_id=B/b8/a1 tenant=B units=3 state=SUCCEEDED committed=2
t=37.093087 node=gpu event=gpu_started op_id=A/a23/a1 tenant=A units=2 state=RUNNING committed=2
t=37.324033 node=gpu event=gpu_accepted op_id=A/a24/a1 tenant=A units=2 state=PENDING committed=4
t=37.685087 node=gpu event=gpu_started op_id=A/a24/a1 tenant=A units=2 state=RUNNING committed=4
t=38.025098 node=gpu event=gpu_accepted op_id=B/b9/a1 tenant=B units=3 state=PENDING committed=7
t=38.093087 node=gpu event=gpu_finished op_id=A/a23/a1 tenant=A units=2 state=FAILED committed=7
t=38.640870 node=gpu event=gpu_accepted op_id=A/a25/a1 tenant=A units=2 state=PENDING committed=9
t=38.685087 node=gpu event=gpu_finished op_id=A/a24/a1 tenant=A units=2 state=SUCCEEDED committed=9
t=38.866709 node=gpu event=gpu_release_requested op_id=A/a24/a1 tenant=A units=2 state=SUCCEEDED committed=9
t=39.007881 node=gpu event=gpu_release_requested op_id=A/a23/a1 tenant=A units=2 state=FAILED committed=9
t=39.021640 node=gpu event=gpu_accepted op_id=A/a23/a2 tenant=A units=2 state=PENDING committed=11
t=39.233535 node=gpu event=gpu_release_complete op_id=A/a24/a1 tenant=A units=2 state=SUCCEEDED committed=9
t=39.328684 node=gpu event=gpu_started op_id=B/b9/a1 tenant=B units=3 state=RUNNING committed=9
t=39.389571 node=gpu event=gpu_release_complete op_id=A/a23/a1 tenant=A units=2 state=FAILED committed=7
t=39.589406 node=gpu event=gpu_started op_id=A/a25/a1 tenant=A units=2 state=RUNNING committed=7
t=39.875435 node=gpu event=gpu_started op_id=A/a23/a2 tenant=A units=2 state=RUNNING committed=7
t=40.083840 node=gpu event=gpu_accepted op_id=D/n0/a1 tenant=D units=1 state=PENDING committed=8
t=40.515676 node=gpu event=gpu_accepted op_id=A/a26/a1 tenant=A units=2 state=PENDING committed=10
t=40.589406 node=gpu event=gpu_finished op_id=A/a25/a1 tenant=A units=2 state=SUCCEEDED committed=10
t=40.831205 node=gpu event=gpu_release_requested op_id=A/a25/a1 tenant=A units=2 state=SUCCEEDED committed=10
t=40.875435 node=gpu event=gpu_finished op_id=A/a23/a2 tenant=A units=2 state=SUCCEEDED committed=10
t=41.035128 node=gpu event=gpu_started op_id=A/a26/a1 tenant=A units=2 state=RUNNING committed=10
t=41.073870 node=gpu event=gpu_release_complete op_id=A/a25/a1 tenant=A units=2 state=SUCCEEDED committed=8
t=41.328684 node=gpu event=gpu_finished op_id=B/b9/a1 tenant=B units=3 state=SUCCEEDED committed=8
t=41.418371 node=gpu event=gpu_release_requested op_id=B/b9/a1 tenant=B units=3 state=SUCCEEDED committed=8
t=41.484955 node=gpu event=gpu_started op_id=D/n0/a1 tenant=D units=1 state=RUNNING committed=8
t=41.732003 node=gpu event=gpu_release_complete op_id=B/b9/a1 tenant=B units=3 state=SUCCEEDED committed=5
t=41.903762 node=gpu event=gpu_accepted op_id=D/n1/a1 tenant=D units=1 state=PENDING committed=6
t=42.035128 node=gpu event=gpu_finished op_id=A/a26/a1 tenant=A units=2 state=SUCCEEDED committed=6
t=42.041118 node=gpu event=gpu_accepted op_id=A/a27/a1 tenant=A units=2 state=PENDING committed=8
t=42.073583 node=gpu event=gpu_release_requested op_id=A/a26/a1 tenant=A units=2 state=SUCCEEDED committed=8
t=42.091773 node=gpu event=gpu_accepted op_id=B/b10/a1 tenant=B units=3 state=PENDING committed=11
t=42.334317 node=gpu event=gpu_started op_id=A/a27/a1 tenant=A units=2 state=RUNNING committed=11
t=42.396680 node=gpu event=gpu_release_complete op_id=A/a26/a1 tenant=A units=2 state=SUCCEEDED committed=9
t=42.489172 node=gpu event=gpu_release_requested op_id=A/a23/a2 tenant=A units=2 state=SUCCEEDED committed=9
t=42.541710 node=gpu event=gpu_started op_id=B/b10/a1 tenant=B units=3 state=RUNNING committed=9
t=42.694779 node=gpu event=gpu_started op_id=D/n1/a1 tenant=D units=1 state=RUNNING committed=9
t=42.813935 node=gpu event=gpu_release_complete op_id=A/a23/a2 tenant=A units=2 state=SUCCEEDED committed=7
t=42.984955 node=gpu event=gpu_finished op_id=D/n0/a1 tenant=D units=1 state=SUCCEEDED committed=7
t=43.110706 node=gpu event=gpu_accepted op_id=D/n2/a1 tenant=D units=1 state=PENDING committed=8
t=43.288101 node=gpu event=gpu_accepted op_id=A/a28/a1 tenant=A units=2 state=PENDING committed=10
t=43.334317 node=gpu event=gpu_finished op_id=A/a27/a1 tenant=A units=2 state=SUCCEEDED committed=10
t=43.381177 node=gpu event=gpu_started op_id=D/n2/a1 tenant=D units=1 state=RUNNING committed=10
t=43.602129 node=gpu event=gpu_release_requested op_id=A/a27/a1 tenant=A units=2 state=SUCCEEDED committed=10
t=43.676825 node=gpu event=gpu_started op_id=A/a28/a1 tenant=A units=2 state=RUNNING committed=10
t=44.001165 node=gpu event=gpu_release_complete op_id=A/a27/a1 tenant=A units=2 state=SUCCEEDED committed=8
t=44.194779 node=gpu event=gpu_finished op_id=D/n1/a1 tenant=D units=1 state=SUCCEEDED committed=8
t=44.373165 node=gpu event=gpu_release_requested op_id=D/n1/a1 tenant=D units=1 state=SUCCEEDED committed=8
t=44.482170 node=gpu event=gpu_release_requested op_id=D/n0/a1 tenant=D units=1 state=SUCCEEDED committed=8
t=44.541710 node=gpu event=gpu_finished op_id=B/b10/a1 tenant=B units=3 state=SUCCEEDED committed=8
t=44.552675 node=gpu event=gpu_release_complete op_id=D/n0/a1 tenant=D units=1 state=SUCCEEDED committed=7
t=44.586097 node=gpu event=gpu_release_requested op_id=B/b10/a1 tenant=B units=3 state=SUCCEEDED committed=7
t=44.644813 node=gpu event=gpu_release_complete op_id=D/n1/a1 tenant=D units=1 state=SUCCEEDED committed=6
t=44.658513 node=gpu event=gpu_release_complete op_id=B/b10/a1 tenant=B units=3 state=SUCCEEDED committed=3
t=44.676825 node=gpu event=gpu_finished op_id=A/a28/a1 tenant=A units=2 state=SUCCEEDED committed=3
t=44.847930 node=gpu event=gpu_accepted op_id=A/a29/a1 tenant=A units=2 state=PENDING committed=5
t=44.855331 node=gpu event=gpu_release_requested op_id=A/a28/a1 tenant=A units=2 state=SUCCEEDED committed=5
t=44.881177 node=gpu event=gpu_finished op_id=D/n2/a1 tenant=D units=1 state=SUCCEEDED committed=5
t=44.931794 node=gpu event=gpu_release_complete op_id=A/a28/a1 tenant=A units=2 state=SUCCEEDED committed=3
t=44.968524 node=gpu event=gpu_release_requested op_id=D/n2/a1 tenant=D units=1 state=SUCCEEDED committed=3
t=45.191234 node=gpu event=gpu_release_complete op_id=D/n2/a1 tenant=D units=1 state=SUCCEEDED committed=2
t=45.778640 node=gpu event=gpu_accepted op_id=B/b11/a1 tenant=B units=3 state=PENDING committed=5
t=46.097223 node=gpu event=gpu_started op_id=A/a29/a1 tenant=A units=2 state=RUNNING committed=5
t=46.606700 node=gpu event=gpu_started op_id=B/b11/a1 tenant=B units=3 state=RUNNING committed=5
t=46.659119 node=gpu event=gpu_accepted op_id=A/a30/a1 tenant=A units=2 state=PENDING committed=7
t=47.097223 node=gpu event=gpu_finished op_id=A/a29/a1 tenant=A units=2 state=SUCCEEDED committed=7
t=47.405257 node=gpu event=gpu_release_requested op_id=A/a29/a1 tenant=A units=2 state=SUCCEEDED committed=7
t=47.540140 node=gpu event=gpu_release_complete op_id=A/a29/a1 tenant=A units=2 state=SUCCEEDED committed=5
t=47.708758 node=gpu event=gpu_accepted op_id=A/a31/a1 tenant=A units=2 state=PENDING committed=7
t=48.067010 node=gpu event=gpu_started op_id=A/a30/a1 tenant=A units=2 state=RUNNING committed=7
t=48.268329 node=gpu event=gpu_started op_id=A/a31/a1 tenant=A units=2 state=RUNNING committed=7
t=48.606700 node=gpu event=gpu_finished op_id=B/b11/a1 tenant=B units=3 state=FAILED committed=7
t=48.901502 node=gpu event=gpu_release_requested op_id=B/b11/a1 tenant=B units=3 state=FAILED committed=7
t=48.963808 node=gpu event=gpu_release_complete op_id=B/b11/a1 tenant=B units=3 state=FAILED committed=4
t=49.067010 node=gpu event=gpu_finished op_id=A/a30/a1 tenant=A units=2 state=SUCCEEDED committed=4
t=49.099581 node=gpu event=gpu_accepted op_id=B/b11/a2 tenant=B units=3 state=PENDING committed=7
t=49.173837 node=gpu event=gpu_release_requested op_id=A/a30/a1 tenant=A units=2 state=SUCCEEDED committed=7
t=49.180186 node=gpu event=gpu_accepted op_id=A/a32/a1 tenant=A units=2 state=PENDING committed=9
t=49.268329 node=gpu event=gpu_finished op_id=A/a31/a1 tenant=A units=2 state=SUCCEEDED committed=9
t=49.475099 node=gpu event=gpu_started op_id=B/b11/a2 tenant=B units=3 state=RUNNING committed=9
t=49.573175 node=gpu event=gpu_release_complete op_id=A/a30/a1 tenant=A units=2 state=SUCCEEDED committed=7
t=49.574224 node=gpu event=gpu_release_requested op_id=A/a31/a1 tenant=A units=2 state=SUCCEEDED committed=7
t=49.719100 node=gpu event=gpu_release_complete op_id=A/a31/a1 tenant=A units=2 state=SUCCEEDED committed=5
t=50.473024 node=gpu event=gpu_started op_id=A/a32/a1 tenant=A units=2 state=RUNNING committed=5
t=50.492656 node=gpu event=gpu_accepted op_id=B/b12/a1 tenant=B units=3 state=PENDING committed=8
t=50.626207 node=gpu event=gpu_accepted op_id=A/a33/a1 tenant=A units=2 state=PENDING committed=10
t=51.473024 node=gpu event=gpu_finished op_id=A/a32/a1 tenant=A units=2 state=SUCCEEDED committed=10
t=51.475099 node=gpu event=gpu_finished op_id=B/b11/a2 tenant=B units=3 state=SUCCEEDED committed=10
t=51.592068 node=gpu event=gpu_release_requested op_id=B/b11/a2 tenant=B units=3 state=SUCCEEDED committed=10
t=51.601943 node=gpu event=gpu_started op_id=A/a33/a1 tenant=A units=2 state=RUNNING committed=10
t=51.646515 node=gpu event=gpu_started op_id=B/b12/a1 tenant=B units=3 state=RUNNING committed=10
t=51.698948 node=gpu event=gpu_release_requested op_id=A/a32/a1 tenant=A units=2 state=SUCCEEDED committed=10
t=51.785318 node=gpu event=gpu_release_complete op_id=B/b11/a2 tenant=B units=3 state=SUCCEEDED committed=7
t=51.954819 node=gpu event=gpu_release_complete op_id=A/a32/a1 tenant=A units=2 state=SUCCEEDED committed=5
t=52.198576 node=gpu event=gpu_accepted op_id=D/n8/a1 tenant=D units=1 state=PENDING committed=6
t=52.226916 node=gpu event=gpu_accepted op_id=A/a34/a1 tenant=A units=2 state=PENDING committed=8
t=52.569079 node=gpu event=gpu_started op_id=D/n8/a1 tenant=D units=1 state=RUNNING committed=8
t=52.601943 node=gpu event=gpu_finished op_id=A/a33/a1 tenant=A units=2 state=SUCCEEDED committed=8
t=52.810030 node=gpu event=gpu_release_requested op_id=A/a33/a1 tenant=A units=2 state=SUCCEEDED committed=8
t=53.116270 node=gpu event=gpu_release_complete op_id=A/a33/a1 tenant=A units=2 state=SUCCEEDED committed=6
t=53.589409 node=gpu event=gpu_started op_id=A/a34/a1 tenant=A units=2 state=RUNNING committed=6
t=53.638413 node=gpu event=gpu_accepted op_id=A/a35/a1 tenant=A units=2 state=PENDING committed=8
t=53.646515 node=gpu event=gpu_finished op_id=B/b12/a1 tenant=B units=3 state=SUCCEEDED committed=8
t=53.794102 node=gpu event=gpu_accepted op_id=D/n9/a1 tenant=D units=1 state=PENDING committed=9
t=53.935494 node=gpu event=gpu_release_requested op_id=B/b12/a1 tenant=B units=3 state=SUCCEEDED committed=9
t=54.069079 node=gpu event=gpu_finished op_id=D/n8/a1 tenant=D units=1 state=SUCCEEDED committed=9
t=54.101582 node=gpu event=gpu_release_complete op_id=B/b12/a1 tenant=B units=3 state=SUCCEEDED committed=6
t=54.380320 node=gpu event=gpu_release_requested op_id=D/n8/a1 tenant=D units=1 state=SUCCEEDED committed=6
t=54.408085 node=gpu event=gpu_accepted op_id=B/b13/a1 tenant=B units=3 state=PENDING committed=9
t=54.589409 node=gpu event=gpu_finished op_id=A/a34/a1 tenant=A units=2 state=SUCCEEDED committed=9
t=54.632055 node=gpu event=gpu_started op_id=A/a35/a1 tenant=A units=2 state=RUNNING committed=9
t=54.741714 node=gpu event=gpu_release_requested op_id=A/a34/a1 tenant=A units=2 state=SUCCEEDED committed=9
t=54.758783 node=gpu event=gpu_release_complete op_id=D/n8/a1 tenant=D units=1 state=SUCCEEDED committed=8
t=54.937857 node=gpu event=gpu_started op_id=D/n9/a1 tenant=D units=1 state=RUNNING committed=8
t=54.976829 node=gpu event=gpu_release_complete op_id=A/a34/a1 tenant=A units=2 state=SUCCEEDED committed=6
t=55.017891 node=gpu event=gpu_started op_id=B/b13/a1 tenant=B units=3 state=RUNNING committed=6
t=55.403269 node=gpu event=gpu_accepted op_id=D/n10/a1 tenant=D units=1 state=PENDING committed=7
t=55.509687 node=gpu event=gpu_accepted op_id=A/a36/a1 tenant=A units=2 state=PENDING committed=9
t=55.632055 node=gpu event=gpu_finished op_id=A/a35/a1 tenant=A units=2 state=SUCCEEDED committed=9
t=55.632869 node=gpu event=gpu_started op_id=D/n10/a1 tenant=D units=1 state=RUNNING committed=9
t=55.803946 node=gpu event=gpu_release_requested op_id=A/a35/a1 tenant=A units=2 state=SUCCEEDED committed=9
t=56.083990 node=gpu event=gpu_release_complete op_id=A/a35/a1 tenant=A units=2 state=SUCCEEDED committed=7
t=56.248733 node=gpu event=gpu_started op_id=A/a36/a1 tenant=A units=2 state=RUNNING committed=7
t=56.437857 node=gpu event=gpu_finished op_id=D/n9/a1 tenant=D units=1 state=SUCCEEDED committed=7
t=56.601239 node=gpu event=gpu_release_requested op_id=D/n9/a1 tenant=D units=1 state=SUCCEEDED committed=7
t=56.983489 node=gpu event=gpu_release_complete op_id=D/n9/a1 tenant=D units=1 state=SUCCEEDED committed=6
t=57.017891 node=gpu event=gpu_finished op_id=B/b13/a1 tenant=B units=3 state=SUCCEEDED committed=6
t=57.132869 node=gpu event=gpu_finished op_id=D/n10/a1 tenant=D units=1 state=SUCCEEDED committed=6
t=57.248733 node=gpu event=gpu_finished op_id=A/a36/a1 tenant=A units=2 state=SUCCEEDED committed=6
t=59.611874 node=gpu event=gpu_accepted op_id=A/a38/a1 tenant=A units=2 state=PENDING committed=8
t=59.625679 node=gpu event=gpu_accepted op_id=D/n13/a1 tenant=D units=1 state=PENDING committed=9
t=59.893670 node=gpu event=gpu_accepted op_id=D/n12/a1 tenant=D units=1 state=PENDING committed=10
t=60.014908 node=gpu event=gpu_accepted op_id=A/a39/a1 tenant=A units=2 state=PENDING committed=12
t=60.570656 node=gpu event=gpu_started op_id=D/n13/a1 tenant=D units=1 state=RUNNING committed=12
t=60.902803 node=gpu event=gpu_started op_id=A/a38/a1 tenant=A units=2 state=RUNNING committed=12
t=61.315128 node=gpu event=gpu_started op_id=D/n12/a1 tenant=D units=1 state=RUNNING committed=12
t=61.378344 node=gpu event=gpu_started op_id=A/a39/a1 tenant=A units=2 state=RUNNING committed=12
t=61.902803 node=gpu event=gpu_finished op_id=A/a38/a1 tenant=A units=2 state=SUCCEEDED committed=12
t=62.070656 node=gpu event=gpu_finished op_id=D/n13/a1 tenant=D units=1 state=SUCCEEDED committed=12
t=62.104874 node=gpu event=gpu_release_requested op_id=D/n13/a1 tenant=D units=1 state=SUCCEEDED committed=12
t=62.160879 node=gpu event=gpu_release_requested op_id=B/b13/a1 tenant=B units=3 state=SUCCEEDED committed=12
t=62.160879 node=gpu event=gpu_release_requested op_id=D/n10/a1 tenant=D units=1 state=SUCCEEDED committed=12
t=62.175390 node=gpu event=gpu_release_requested op_id=A/a36/a1 tenant=A units=2 state=SUCCEEDED committed=12
t=62.286815 node=gpu event=gpu_release_complete op_id=D/n13/a1 tenant=D units=1 state=SUCCEEDED committed=11
t=62.292538 node=gpu event=gpu_release_complete op_id=B/b13/a1 tenant=B units=3 state=SUCCEEDED committed=8
t=62.356929 node=gpu event=gpu_release_complete op_id=A/a36/a1 tenant=A units=2 state=SUCCEEDED committed=6
t=62.378344 node=gpu event=gpu_finished op_id=A/a39/a1 tenant=A units=2 state=SUCCEEDED committed=6
t=62.387422 node=gpu event=gpu_release_complete op_id=D/n10/a1 tenant=D units=1 state=SUCCEEDED committed=5
t=62.398296 node=gpu event=gpu_accepted op_id=B/b14/a1 tenant=B units=3 state=PENDING committed=8
t=62.457873 node=gpu event=gpu_release_requested op_id=A/a38/a1 tenant=A units=2 state=SUCCEEDED committed=8
t=62.464654 node=gpu event=gpu_accepted op_id=D/n11/a1 tenant=D units=1 state=PENDING committed=9
t=62.504271 node=gpu event=gpu_release_requested op_id=A/a39/a1 tenant=A units=2 state=SUCCEEDED committed=9
t=62.509996 node=gpu event=gpu_release_complete op_id=A/a38/a1 tenant=A units=2 state=SUCCEEDED committed=7
t=62.609187 node=gpu event=gpu_accepted op_id=D/n14/a1 tenant=D units=1 state=PENDING committed=8
t=62.756874 node=gpu event=gpu_accepted op_id=D/n15/a1 tenant=D units=1 state=PENDING committed=9
t=62.790930 node=gpu event=gpu_release_complete op_id=A/a39/a1 tenant=A units=2 state=SUCCEEDED committed=7
t=62.815128 node=gpu event=gpu_finished op_id=D/n12/a1 tenant=D units=1 state=SUCCEEDED committed=7
t=62.920951 node=gpu event=gpu_started op_id=D/n14/a1 tenant=D units=1 state=RUNNING committed=7
t=63.025587 node=gpu event=gpu_release_requested op_id=D/n12/a1 tenant=D units=1 state=SUCCEEDED committed=7
t=63.035439 node=gpu event=gpu_started op_id=D/n15/a1 tenant=D units=1 state=RUNNING committed=7
t=63.161779 node=gpu event=gpu_release_complete op_id=D/n12/a1 tenant=D units=1 state=SUCCEEDED committed=6
t=63.637926 node=gpu event=gpu_started op_id=B/b14/a1 tenant=B units=3 state=RUNNING committed=6
t=63.757269 node=gpu event=gpu_accepted op_id=A/a37/a1 tenant=A units=2 state=PENDING committed=8
t=63.859357 node=gpu event=gpu_started op_id=D/n11/a1 tenant=D units=1 state=RUNNING committed=8
t=64.420951 node=gpu event=gpu_finished op_id=D/n14/a1 tenant=D units=1 state=SUCCEEDED committed=8
t=64.488520 node=gpu event=gpu_release_requested op_id=D/n14/a1 tenant=D units=1 state=SUCCEEDED committed=8
t=64.535439 node=gpu event=gpu_finished op_id=D/n15/a1 tenant=D units=1 state=SUCCEEDED committed=8
t=64.613344 node=gpu event=gpu_release_requested op_id=D/n15/a1 tenant=D units=1 state=SUCCEEDED committed=8
t=64.854777 node=gpu event=gpu_release_complete op_id=D/n14/a1 tenant=D units=1 state=SUCCEEDED committed=7
t=64.961035 node=gpu event=gpu_release_complete op_id=D/n15/a1 tenant=D units=1 state=SUCCEEDED committed=6
t=65.014995 node=gpu event=gpu_started op_id=A/a37/a1 tenant=A units=2 state=RUNNING committed=6
t=65.359357 node=gpu event=gpu_finished op_id=D/n11/a1 tenant=D units=1 state=SUCCEEDED committed=6
t=65.598845 node=gpu event=gpu_release_requested op_id=D/n11/a1 tenant=D units=1 state=SUCCEEDED committed=6
t=65.637926 node=gpu event=gpu_finished op_id=B/b14/a1 tenant=B units=3 state=SUCCEEDED committed=6
t=65.798288 node=gpu event=gpu_release_complete op_id=D/n11/a1 tenant=D units=1 state=SUCCEEDED committed=5
t=65.812348 node=gpu event=gpu_release_requested op_id=B/b14/a1 tenant=B units=3 state=SUCCEEDED committed=5
t=66.014995 node=gpu event=gpu_finished op_id=A/a37/a1 tenant=A units=2 state=SUCCEEDED committed=5
t=66.118060 node=gpu event=gpu_release_complete op_id=B/b14/a1 tenant=B units=3 state=SUCCEEDED committed=2
t=66.255524 node=gpu event=gpu_release_requested op_id=A/a37/a1 tenant=A units=2 state=SUCCEEDED committed=2
t=66.626931 node=gpu event=gpu_release_complete op_id=A/a37/a1 tenant=A units=2 state=SUCCEEDED committed=0
