t=1.278039 node=gpu event=gpu_accepted op_id=A/a0/a1 tenant=A units=1 state=PENDING committed=1
t=2.276821 node=gpu event=gpu_accepted op_id=C/c0/a1 tenant=C units=1 state=PENDING committed=2
t=2.314920 node=gpu event=gpu_accepted op_id=B/b0/a1 tenant=B units=3 state=PENDING committed=5
t=2.484154 node=gpu event=gpu_accepted op_id=A/a1/a1 tenant=A units=1 state=PENDING committed=6
t=2.559351 node=gpu event=gpu_started op_id=A/a0/a1 tenant=A units=1 state=RUNNING committed=6
t=2.607491 node=gpu event=gpu_started op_id=B/b0/a1 tenant=B units=3 state=RUNNING committed=6
t=2.728599 node=gpu event=gpu_started op_id=C/c0/a1 tenant=C units=1 state=RUNNING committed=6
t=3.559351 node=gpu event=gpu_finished op_id=A/a0/a1 tenant=A units=1 state=SUCCEEDED committed=6
t=3.746523 node=gpu event=gpu_started op_id=A/a1/a1 tenant=A units=1 state=RUNNING committed=6
t=3.780084 node=gpu event=gpu_release_requested op_id=A/a0/a1 tenant=A units=1 state=SUCCEEDED committed=6
t=4.210457 node=gpu event=gpu_release_complete op_id=A/a0/a1 tenant=A units=1 state=SUCCEEDED committed=5
t=4.234288 node=gpu event=gpu_accepted op_id=A/a2/a1 tenant=A units=1 state=PENDING committed=6
t=4.607491 node=gpu event=gpu_finished op_id=B/b0/a1 tenant=B units=3 state=SUCCEEDED committed=6
t=4.746523 node=gpu event=gpu_finished op_id=A/a1/a1 tenant=A units=1 state=SUCCEEDED committed=6
t=4.970564 node=gpu event=gpu_accepted op_id=A/a3/a1 tenant=A units=1 state=PENDING committed=7
t=5.198095 node=gpu event=gpu_release_requested op_id=B/b0/a1 tenant=B units=3 state=SUCCEEDED committed=7
t=5.499982 node=gpu event=gpu_started op_id=A/a2/a1 tenant=A units=1 state=RUNNING committed=7
t=5.617519 node=gpu event=gpu_started op_id=A/a3/a1 tenant=A units=1 state=RUNNING committed=7
t=5.681097 node=gpu event=gpu_cancelled op_id=C/c0/a1 tenant=C units=1 state=CANCELLED committed=7
t=5.686118 node=gpu event=gpu_release_requested op_id=A/a1/a1 tenant=A units=1 state=SUCCEEDED committed=7
t=5.688616 node=gpu event=gpu_release_complete op_id=B/b0/a1 tenant=B units=3 state=SUCCEEDED committed=4
t=5.702040 node=gpu event=gpu_accepted op_id=B/b1/a1 tenant=B units=3 state=PENDING committed=7
t=5.991370 node=gpu event=gpu_release_requested op_id=C/c0/a1 tenant=C units=1 state=CANCELLED committed=7
t=6.027796 node=gpu event=gpu_accepted op_id=A/a4/a1 tenant=A units=1 state=PENDING committed=8
t=6.131214 node=gpu event=gpu_release_complete op_id=A/a1/a1 tenant=A units=1 state=SUCCEEDED committed=7
t=6.339515 node=gpu event=gpu_started op_id=B/b1/a1 tenant=B units=3 state=RUNNING committed=7
t=6.359334 node=gpu event=gpu_release_complete op_id=C/c0/a1 tenant=C units=1 state=CANCELLED committed=6
t=6.499982 node=gpu event=gpu_finished op_id=A/a2/a1 tenant=A units=1 state=SUCCEEDED committed=6
t=6.617519 node=gpu event=gpu_finished op_id=A/a3/a1 tenant=A units=1 state=SUCCEEDED committed=6
t=6.626799 node=gpu event=gpu_accepted op_id=C/c1/a1 tenant=C units=1 state=PENDING committed=7
t=6.745946 node=gpu event=gpu_release_requested op_id=A/a2/a1 tenant=A units=1 state=SUCCEEDED committed=7
t=6.843218 node=gpu event=gpu_release_requested op_id=A/a3/a1 tenant=A units=1 state=SUCCEEDED committed=7
t=7.103585 node=gpu event=gpu_started op_id=A/a4/a1 tenant=A units=1 state=RUNNING committed=7
t=7.196187 node=gpu event=gpu_release_complete op_id=A/a2/a1 tenant=A units=1 state=SUCCEEDED committed=6
t=7.197903 node=gpu event=gpu_release_complete op_id=A/a3/a1 tenant=A units=1 state=SUCCEEDED committed=5
t=7.355947 node=gpu event=gpu_accepted op_id=A/a5/a1 tenant=A units=1 state=PENDING committed=6
t=7.823904 node=gpu event=gpu_started op_id=A/a5/a1 tenant=A units=1 state=RUNNING committed=6
t=8.095318 node=gpu event=gpu_started op_id=C/c1/a1 tenant=C units=1 state=RUNNING committed=6
t=8.103585 node=gpu event=gpu_finished op_id=A/a4/a1 tenant=A units=1 state=SUCCEEDED committed=6
t=8.211600 node=gpu event=gpu_release_requested op_id=A/a4/a1 tenant=A units=1 state=SUCCEEDED committed=6
t=8.339515 node=gpu event=gpu_finished op_id=B/b1/a1 tenant=B units=3 state=SUCCEEDED committed=6
t=8.505364 node=gpu event=gpu_release_complete op_id=A/a4/a1 tenant=A units=1 state=SUCCEEDED committed=5
t=8.506604 node=gpu event=gpu_release_requested op_id=B/b1/a1 tenant=B units=3 state=SUCCEEDED committed=5
t=8.514888 node=gpu event=gpu_accepted op_id=A/a6/a1 tenant=A units=1 state=PENDING committed=6
t=8.779967 node=gpu event=gpu_cancelled op_id=C/c1/a1 tenant=C units=1 state=CANCELLED committed=6
t=8.823904 node=gpu event=gpu_finished op_id=A/a5/a1 tenant=A units=1 state=SUCCEEDED committed=6
t=8.922522 node=gpu event=gpu_release_complete op_id=B/b1/a1 tenant=B units=3 state=SUCCEEDED committed=3
t=8.925238 node=gpu event=gpu_release_requested op_id=A/a5/a1 tenant=A units=1 state=SUCCEEDED committed=3
t=9.105302 node=gpu event=gpu_release_requested op_id=C/c1/a1 tenant=C units=1 state=CANCELLED committed=3
t=9.353823 node=gpu event=gpu_release_complete op_id=A/a5/a1 tenant=A units=1 state=SUCCEEDED committed=2
t=9.432646 node=gpu event=gpu_accepted op_id=B/b2/a1 tenant=B units=3 state=PENDING committed=5
t=9.455083 node=gpu event=gpu_accepted op_id=A/a7/a1 tenant=A units=1 state=PENDING committed=6
t=9.485119 node=gpu event=gpu_release_complete op_id=C/c1/a1 tenant=C units=1 state=CANCELLED committed=5
t=9.614640 node=gpu event=gpu_started op_id=A/a6/a1 tenant=A units=1 state=RUNNING committed=5
t=9.836451 node=gpu event=gpu_started op_id=B/b2/a1 tenant=B units=3 state=RUNNING committed=5
t=10.323024 node=gpu event=gpu_started op_id=A/a7/a1 tenant=A units=1 state=RUNNING committed=5
t=10.614640 node=gpu event=gpu_finished op_id=A/a6/a1 tenant=A units=1 state=SUCCEEDED committed=5
t=10.761310 node=gpu event=gpu_accepted op_id=A/a8/a1 tenant=A units=1 state=PENDING committed=6
t=10.772005 node=gpu event=gpu_release_requested op_id=A/a6/a1 tenant=A units=1 state=SUCCEEDED committed=6
t=10.964910 node=gpu event=gpu_started op_id=A/a8/a1 tenant=A units=1 state=RUNNING committed=6
t=11.170076 node=gpu event=gpu_accepted op_id=C/c2/a1 tenant=C units=1 state=PENDING committed=7
t=11.190221 node=gpu event=gpu_release_complete op_id=A/a6/a1 tenant=A units=1 state=SUCCEEDED committed=6
t=11.323024 node=gpu event=gpu_finished op_id=A/a7/a1 tenant=A units=1 state=SUCCEEDED committed=6
t=11.338546 node=gpu event=gpu_release_requested op_id=A/a7/a1 tenant=A units=1 state=SUCCEEDED committed=6
t=11.418751 node=gpu event=gpu_release_complete op_id=A/a7/a1 tenant=A units=1 state=SUCCEEDED committed=5
t=11.626008 node=gpu event=gpu_started op_id=C/c2/a1 tenant=C units=1 state=RUNNING committed=5
t=11.836451 node=gpu event=gpu_finished op_id=B/b2/a1 tenant=B units=3 state=SUCCEEDED committed=5
t=11.908294 node=gpu event=gpu_release_requested op_id=B/b2/a1 tenant=B units=3 state=SUCCEEDED committed=5
t=11.964910 node=gpu event=gpu_finished op_id=A/a8/a1 tenant=A units=1 state=SUCCEEDED committed=5
t=12.003581 node=gpu event=gpu_release_requested op_id=A/a8/a1 tenant=A units=1 state=SUCCEEDED committed=5
t=12.056291 node=gpu event=gpu_release_complete op_id=B/b2/a1 tenant=B units=3 state=SUCCEEDED committed=2
t=12.405797 node=gpu event=gpu_release_complete op_id=A/a8/a1 tenant=A units=1 state=SUCCEEDED committed=1
t=12.448164 node=gpu event=gpu_accepted op_id=A/a9/a1 tenant=A units=1 state=PENDING committed=2
t=13.043743 node=gpu event=gpu_accepted op_id=B/b3/a1 tenant=B units=3 state=PENDING committed=5
t=13.421828 node=gpu event=gpu_started op_id=B/b3/a1 tenant=B units=3 state=RUNNING committed=5
t=13.481278 node=gpu event=gpu_started op_id=A/a9/a1 tenant=A units=1 state=RUNNING committed=5
t=13.758948 node=gpu event=gpu_accepted op_id=A/a10/a1 tenant=A units=1 state=PENDING committed=6
t=14.287492 node=gpu event=gpu_cancelled op_id=C/c2/a1 tenant=C units=1 state=CANCELLED committed=6
t=14.481278 node=gpu event=gpu_finished op_id=A/a9/a1 tenant=A units=1 state=SUCCEEDED committed=6
t=14.507903 node=gpu event=gpu_started op_id=A/a10/a1 tenant=A units=1 state=RUNNING committed=6
t=14.606490 node=gpu event=gpu_release_requested op_id=C/c2/a1 tenant=C units=1 state=CANCELLED committed=6
t=14.619688 node=gpu event=gpu_accepted op_id=A/a11/a1 tenant=A units=1 state=PENDING committed=7
t=14.620174 node=gpu event=gpu_release_requested op_id=A/a9/a1 tenant=A units=1 state=SUCCEEDED committed=7
t=14.753475 node=gpu event=gpu_release_complete op_id=C/c2/a1 tenant=C units=1 state=CANCELLED committed=6
t=14.915648 node=gpu event=gpu_release_complete op_id=A/a9/a1 tenant=A units=1 state=SUCCEEDED committed=5
t=15.370906 node=gpu event=gpu_started op_id=A/a11/a1 tenant=A units=1 state=RUNNING committed=5
t=15.421828 node=gpu event=gpu_finished op_id=B/b3/a1 tenant=B units=3 state=SUCCEEDED committed=5
t=15.507903 node=gpu event=gpu_finished op_id=A/a10/a1 tenant=A units=1 state=SUCCEEDED committed=5
t=15.556443 node=gpu event=gpu_release_requested op_id=B/b3/a1 tenant=B units=3 state=SUCCEEDED committed=5
t=15.569494 node=gpu event=gpu_accepted op_id=A/a12/a1 tenant=A units=1 state=PENDING committed=6
t=15.615231 node=gpu event=gpu_release_requested op_id=A/a10/a1 tenant=A units=1 state=SUCCEEDED committed=6
t=15.616510 node=gpu event=gpu_accepted op_id=C/c3/a1 tenant=C units=1 state=PENDING committed=7
t=15.732556 node=gpu event=gpu_release_complete op_id=A/a10/a1 tenant=A units=1 state=SUCCEEDED committed=6
t=15.733905 node=gpu event=gpu_release_complete op_id=B/b3/a1 tenant=B units=3 state=SUCCEEDED committed=3
t=15.882870 node=gpu event=gpu_started op_id=C/c3/a1 tenant=C units=1 state=RUNNING committed=3
t=15.986630 node=gpu event=gpu_started op_id=A/a12/a1 tenant=A units=1 state=RUNNING committed=3
t=16.267960 node=gpu event=gpu_accepted op_id=B/b4/a1 tenant=B units=3 state=PENDING committed=6
t=16.370906 node=gpu event=gpu_finished op_id=A/a11/a1 tenant=A units=1 state=SUCCEEDED committed=6
t=16.519188 node=gpu event=gpu_release_requested op_id=A/a11/a1 tenant=A units=1 state=SUCCEEDED committed=6
t=16.700720 node=gpu event=gpu_release_complete op_id=A/a11/a1 tenant=A units=1 state=SUCCEEDED committed=5
t=16.937551 node=gpu event=gpu_accepted op_id=A/a13/a1 tenant=A units=1 state=PENDING committed=6
t=16.986630 node=gpu event=gpu_finished op_id=A/a12/a1 tenant=A units=1 state=SUCCEEDED committed=6
t=17.117968 node=gpu event=gpu_release_requested op_id=A/a12/a1 tenant=A units=1 state=SUCCEEDED committed=6
t=17.400262 node=gpu event=gpu_release_complete op_id=A/a12/a1 tenant=A units=1 state=SUCCEEDED committed=5
t=17.643742 node=gpu event=gpu_started op_id=A/a13/a1 tenant=A units=1 state=RUNNING committed=5
t=17.662127 node=gpu event=gpu_started op_id=B/b4/a1 tenant=B units=3 state=RUNNING committed=5
t=18.643742 node=gpu event=gpu_finished op_id=A/a13/a1 tenant=A units=1 state=SUCCEEDED committed=5
t=18.814353 node=gpu event=gpu_release_requested op_id=A/a13/a1 tenant=A units=1 state=SUCCEEDED committed=5
t=18.882870 node=gpu event=gpu_finished op_id=C/c3/a1 tenant=C units=1 state=SUCCEEDED committed=5
t=19.048054 node=gpu event=gpu_release_requested op_id=C/c3/a1 tenant=C units=1 state=SUCCEEDED committed=5
t=19.175071 node=gpu event=gpu_release_complete op_id=A/a13/a1 tenant=A units=1 state=SUCCEEDED committed=4
t=19.279565 node=gpu event=gpu_accepted op_id=A/a15/a1 tenant=A units=1 state=PENDING committed=5
t=19.464569 node=gpu event=gpu_release_complete op_id=C/c3/a1 tenant=C units=1 state=SUCCEEDED committed=4
t=19.490438 node=gpu event=gpu_accepted op_id=A/a14/a1 tenant=A units=1 state=PENDING committed=5
t=19.662127 node=gpu event=gpu_finished op_id=B/b4/a1 tenant=B units=3 state=SUCCEEDED committed=5
t=19.702884 node=gpu event=gpu_started op_id=A/a15/a1 tenant=A units=1 state=RUNNING committed=5
t=19.715271 node=gpu event=gpu_release_requested op_id=B/b4/a1 tenant=B units=3 state=SUCCEEDED committed=5
t=19.917736 node=gpu event=gpu_accepted op_id=B/b5/a1 tenant=B units=3 state=PENDING committed=8
t=19.966349 node=gpu event=gpu_release_complete op_id=B/b4/a1 tenant=B units=3 state=SUCCEEDED committed=5
t=20.011946 node=gpu event=gpu_accepted op_id=C/c4/a1 tenant=C units=1 state=PENDING committed=6
t=20.344365 node=gpu event=gpu_accepted op_id=A/a16/a1 tenant=A units=1 state=PENDING committed=7
t=20.639159 node=gpu event=gpu_cancelled op_id=C/c4/a1 tenant=C units=1 state=CANCELLED committed=7
t=20.702884 node=gpu event=gpu_finished op_id=A/a15/a1 tenant=A units=1 state=SUCCEEDED committed=7
t=20.827772 node=gpu event=gpu_started op_id=A/a14/a1 tenant=A units=1 state=RUNNING committed=7
t=20.838284 node=gpu event=gpu_release_requested op_id=A/a15/a1 tenant=A units=1 state=SUCCEEDED committed=7
t=20.944229 node=gpu event=gpu_started op_id=B/b5/a1 tenant=B units=3 state=RUNNING committed=7
t=20.963436 node=gpu event=gpu_release_requested op_id=C/c4/a1 tenant=C units=1 state=CANCELLED committed=7
t=21.092448 node=gpu event=gpu_release_complete op_id=C/c4/a1 tenant=C units=1 state=CANCELLED committed=6
t=21.267943 node=gpu event=gpu_release_complete op_id=A/a15/a1 tenant=A units=1 state=SUCCEEDED committed=5
t=21.616132 node=gpu event=gpu_accepted op_id=A/a17/a1 tenant=A units=1 state=PENDING committed=6
t=21.676697 node=gpu event=gpu_started op_id=A/a16/a1 tenant=A units=1 state=RUNNING committed=6
t=21.827772 node=gpu event=gpu_finished op_id=A/a14/a1 tenant=A units=1 state=SUCCEEDED committed=6
t=21.946999 node=gpu event=gpu_release_requested op_id=A/a14/a1 tenant=A units=1 state=SUCCEEDED committed=6
t=22.131300 node=gpu event=gpu_started op_id=A/a17/a1 tenant=A units=1 state=RUNNING committed=6
t=22.155414 node=gpu event=gpu_release_complete op_id=A/a14/a1 tenant=A units=1 state=SUCCEEDED committed=5
t=22.676697 node=gpu event=gpu_finished op_id=A/a16/a1 tenant=A units=1 state=SUCCEEDED committed=5
t=22.815987 node=gpu event=gpu_release_requested op_id=A/a16/a1 tenant=A units=1 state=SUCCEEDED committed=5
t=22.944229 node=gpu event=gpu_finished op_id=B/b5/a1 tenant=B units=3 state=SUCCEEDED committed=5
t=22.994857 node=gpu event=gpu_release_requested op_id=B/b5/a1 tenant=B units=3 state=SUCCEEDED committed=5
t=23.004957 node=gpu event=gpu_accepted op_id=A/a18/a1 tenant=A units=1 state=PENDING committed=6
t=23.131300 node=gpu event=gpu_finished op_id=A/a17/a1 tenant=A units=1 state=SUCCEEDED committed=6
t=23.168171 node=gpu event=gpu_release_requested op_id=A/a17/a1 tenant=A units=1 state=SUCCEEDED committed=6
t=23.211708 node=gpu event=gpu_release_complete op_id=B/b5/a1 tenant=B units=3 state=SUCCEEDED committed=3
t=23.237501 node=gpu event=gpu_accepted op_id=B/b6/a1 tenant=B units=3 state=PENDING committed=6
t=23.273133 node=gpu event=gpu_release_complete op_id=A/a16/a1 tenant=A units=1 state=SUCCEEDED committed=5
t=23.650852 node=gpu event=gpu_release_complete op_id=A/a17/a1 tenant=A units=1 state=SUCCEEDED committed=4
t=23.798492 node=gpu event=gpu_started op_id=B/b6/a1 tenant=B units=3 state=RUNNING committed=4
t=23.955328 node=gpu event=gpu_started op_id=A/a18/a1 tenant=A units=1 state=RUNNING committed=4
t=23.993745 node=gpu event=gpu_accepted op_id=A/a19/a1 tenant=A units=1 state=PENDING committed=5
t=24.508363 node=gpu event=gpu_accepted op_id=C/c5/a1 tenant=C units=1 state=PENDING committed=6
t=24.955328 node=gpu event=gpu_finished op_id=A/a18/a1 tenant=A units=1 state=SUCCEEDED committed=6
t=25.230894 node=gpu event=gpu_release_requested op_id=A/a18/a1 tenant=A units=1 state=SUCCEEDED committed=6
t=25.328813 node=gpu event=gpu_started op_id=C/c5/a1 tenant=C units=1 state=RUNNING committed=6
t=25.334837 node=gpu event=gpu_started op_id=A/a19/a1 tenant=A units=1 state=RUNNING committed=6
t=25.490808 node=gpu event=gpu_release_complete op_id=A/a18/a1 tenant=A units=1 state=SUCCEEDED committed=5
t=25.610331 node=gpu event=gpu_accepted op_id=A/a20/a1 tenant=A units=1 state=PENDING committed=6
t=25.798492 node=gpu event=gpu_finished op_id=B/b6/a1 tenant=B units=3 state=SUCCEEDED committed=6
t=25.892353 node=gpu event=gpu_release_requested op_id=B/b6/a1 tenant=B units=3 state=SUCCEEDED committed=6
t=26.101134 node=gpu event=gpu_cancelled op_id=C/c5/a1 tenant=C units=1 state=CANCELLED committed=6
t=26.302911 node=gpu event=gpu_release_complete op_id=B/b6/a1 tenant=B units=3 state=SUCCEEDED committed=3
t=26.334837 node=gpu event=gpu_finished op_id=A/a19/a1 tenant=A units=1 state=SUCCEEDED committed=3
t=26.433940 node=gpu event=gpu_release_requested op_id=C/c5/a1 tenant=C units=1 state=CANCELLED committed=3
t=26.455314 node=gpu event=gpu_started op_id=A/a20/a1 tenant=A units=1 state=RUNNING committed=3
t=26.497622 node=gpu event=gpu_release_requested op_id=A/a19/a1 tenant=A units=1 state=SUCCEEDED committed=3
t=26.588985 node=gpu event=gpu_accepted op_id=A/a21/a1 tenant=A units=1 state=PENDING committed=4
t=26.709982 node=gpu event=gpu_release_complete op_id=C/c5/a1 tenant=C units=1 state=CANCELLED committed=3
t=26.890861 node=gpu event=gpu_started op_id=A/a21/a1 tenant=A units=1 state=RUNNING committed=3
t=26.920149 node=gpu event=gpu_release_complete op_id=A/a19/a1 tenant=A units=1 state=SUCCEEDED committed=2
t=26.971295 node=gpu event=gpu_accepted op_id=B/b7/a1 tenant=B units=3 state=PENDING committed=5
t=27.455314 node=gpu event=gpu_finished op_id=A/a20/a1 tenant=A units=1 state=SUCCEEDED committed=5
t=27.493971 node=gpu event=gpu_release_requested op_id=A/a20/a1 tenant=A units=1 state=SUCCEEDED committed=5
t=27.654142 node=gpu event=gpu_accepted op_id=A/a22/a1 tenant=A units=1 state=PENDING committed=6
t=27.890861 node=gpu event=gpu_finished op_id=A/a21/a1 tenant=A units=1 state=SUCCEEDED committed=6
t=27.936268 node=gpu event=gpu_release_complete op_id=A/a20/a1 tenant=A units=1 state=SUCCEEDED committed=5
t=28.177381 node=gpu event=gpu_release_requested op_id=A/a21/a1 tenant=A units=1 state=SUCCEEDED committed=5
t=28.227965 node=gpu event=gpu_started op_id=B/b7/a1 tenant=B units=3 state=RUNNING committed=5
t=28.261400 node=gpu event=gpu_started op_id=A/a22/a1 tenant=A units=1 state=RUNNING committed=5
t=28.360558 node=gpu event=gpu_release_complete op_id=A/a21/a1 tenant=A units=1 state=SUCCEEDED committed=4
t=28.905712 node=gpu event=gpu_accepted op_id=A/a23/a1 tenant=A units=1 state=PENDING committed=5
t=29.209661 node=gpu event=gpu_accepted op_id=C/c6/a1 tenant=C units=1 state=PENDING committed=6
t=29.261400 node=gpu event=gpu_finished op_id=A/a22/a1 tenant=A units=1 state=SUCCEEDED committed=6
t=29.578709 node=gpu event=gpu_release_requested op_id=A/a22/a1 tenant=A units=1 state=SUCCEEDED committed=6
t=29.710808 node=gpu event=gpu_started op_id=C/c6/a1 tenant=C units=1 state=RUNNING committed=6
t=29.844053 node=gpu event=gpu_cancelled op_id=C/c6/a1 tenant=C units=1 state=CANCELLED committed=6
t=30.037228 node=gpu event=gpu_release_complete op_id=A/a22/a1 tenant=A units=1 state=SUCCEEDED committed=5
t=30.048545 node=gpu event=gpu_started op_id=A/a23/a1 tenant=A units=1 state=RUNNING committed=5
t=30.168831 node=gpu event=gpu_release_requested op_id=C/c6/a1 tenant=C units=1 state=CANCELLED committed=5
t=30.185053 node=gpu event=gpu_accepted op_id=B/b8/a1 tenant=B units=3 state=PENDING committed=8
t=30.224992 node=gpu event=gpu_accepted op_id=A/a24/a1 tenant=A units=1 state=PENDING committed=9
t=30.227965 node=gpu event=gpu_finished op_id=B/b7/a1 tenant=B units=3 state=SUCCEEDED committed=9
t=30.240587 node=gpu event=gpu_release_requested op_id=B/b7/a1 tenant=B units=3 state=SUCCEEDED committed=9
t=30.417680 node=gpu event=gpu_started op_id=B/b8/a1 tenant=B units=3 state=RUNNING committed=9
t=30.591447 node=gpu event=gpu_release_complete op_id=B/b7/a1 tenant=B units=3 state=SUCCEEDED committed=6
t=30.652523 node=gpu event=gpu_release_complete op_id=C/c6/a1 tenant=C units=1 state=CANCELLED committed=5
t=30.698837 node=gpu event=gpu_started op_id=A/a24/a1 tenant=A units=1 state=RUNNING committed=5
t=31.048545 node=gpu event=gpu_finished op_id=A/a23/a1 tenant=A units=1 state=SUCCEEDED committed=5
t=31.103201 node=gpu event=gpu_release_requested op_id=A/a23/a1 tenant=A units=1 state=SUCCEEDED committed=5
t=31.271485 node=gpu event=gpu_release_complete op_id=A/a23/a1 tenant=A units=1 state=SUCCEEDED committed=4
t=31.519491 node=gpu event=gpu_accepted op_id=A/a25/a1 tenant=A units=1 state=PENDING committed=5
t=31.698837 node=gpu event=gpu_finished op_id=A/a24/a1 tenant=A units=1 state=SUCCEEDED committed=5
t=31.795777 node=gpu event=gpu_release_requested op_id=A/a24/a1 tenant=A units=1 state=SUCCEEDED committed=5
t=32.035327 node=gpu event=gpu_started op_id=A/a25/a1 tenant=A units=1 state=RUNNING committed=5
t=32.064907 node=gpu event=gpu_release_complete op_id=A/a24/a1 tenant=A units=1 state=SUCCEEDED committed=4
t=32.417680 node=gpu event=gpu_finished op_id=B/b8/a1 tenant=B units=3 state=SUCCEEDED committed=4
t=32.455585 node=gpu event=gpu_accepted op_id=A/a26/a1 tenant=A units=1 state=PENDING committed=5
t=32.702408 node=gpu event=gpu_release_requested op_id=B/b8/a1 tenant=B units=3 state=SUCCEEDED committed=5
t=32.818263 node=gpu event=gpu_release_complete op_id=B/b8/a1 tenant=B units=3 state=SUCCEEDED committed=2
t=33.035327 node=gpu event=gpu_finished op_id=A/a25/a1 tenant=A units=1 state=SUCCEEDED committed=2
t=33.059410 node=gpu event=gpu_release_requested op_id=A/a25/a1 tenant=A units=1 state=SUCCEEDED committed=2
t=33.290973 node=gpu event=gpu_started op_id=A/a26/a1 tenant=A units=1 state=RUNNING committed=2
t=33.321895 node=gpu event=gpu_release_complete op_id=A/a25/a1 tenant=A units=1 state=SUCCEEDED committed=1
t=33.568041 node=gpu event=gpu_accepted op_id=C/c7/a1 tenant=C units=1 state=PENDING committed=2
t=33.767573 node=gpu event=gpu_accepted op_id=B/b9/a1 tenant=B units=3 state=PENDING committed=5
t=33.844372 node=gpu event=gpu_started op_id=C/c7/a1 tenant=C units=1 state=RUNNING committed=5
t=33.968873 node=gpu event=gpu_accepted op_id=A/a27/a1 tenant=A units=1 state=PENDING committed=6
t=34.290973 node=gpu event=gpu_finished op_id=A/a26/a1 tenant=A units=1 state=SUCCEEDED committed=6
t=34.327806 node=gpu event=gpu_release_requested op_id=A/a26/a1 tenant=A units=1 state=SUCCEEDED committed=6
t=34.436852 node=gpu event=gpu_started op_id=B/b9/a1 tenant=B units=3 state=RUNNING committed=6
t=34.820374 node=gpu event=gpu_release_complete op_id=A/a26/a1 tenant=A units=1 state=SUCCEEDED committed=5
t=34.825612 node=gpu event=gpu_accepted op_id=A/a28/a1 tenant=A units=1 state=PENDING committed=6
t=35.124985 node=gpu event=gpu_cancelled op_id=C/c7/a1 tenant=C units=1 state=CANCELLED committed=6
t=35.287693 node=gpu event=gpu_started op_id=A/a27/a1 tenant=A units=1 state=RUNNING committed=6
t=35.363156 node=gpu event=gpu_started op_id=A/a28/a1 tenant=A units=1 state=RUNNING committed=6
t=35.440337 node=gpu event=gpu_release_requested op_id=C/c7/a1 tenant=C units=1 state=CANCELLED committed=6
t=35.532620 node=gpu event=gpu_release_complete op_id=C/c7/a1 tenant=C units=1 state=CANCELLED committed=5
t=35.964227 node=gpu event=gpu_accepted op_id=A/a29/a1 tenant=A units=1 state=PENDING committed=6
t=36.287693 node=gpu event=gpu_finished op_id=A/a27/a1 tenant=A units=1 state=SUCCEEDED committed=6
t=36.363156 node=gpu event=gpu_finished op_id=A/a28/a1 tenant=A units=1 state=SUCCEEDED committed=6
t=36.392862 node=gpu event=gpu_release_requested op_id=A/a28/a1 tenant=A units=1 state=SUCCEEDED committed=6
t=36.436852 node=gpu event=gpu_finished op_id=B/b9/a1 tenant=B units=3 state=SUCCEEDED committed=6
t=36.446042 node=gpu event=gpu_release_requested op_id=A/a27/a1 tenant=A units=1 state=SUCCEEDED committed=6
t=36.555799 node=gpu event=gpu_release_requested op_id=B/b9/a1 tenant=B units=3 state=SUCCEEDED committed=6
t=36.599752 node=gpu event=gpu_release_complete op_id=A/a28/a1 tenant=A units=1 state=SUCCEEDED committed=5
t=36.887173 node=gpu event=gpu_release_complete op_id=B/b9/a1 tenant=B units=3 state=SUCCEEDED committed=2
t=36.921588 node=gpu event=gpu_release_complete op_id=A/a27/a1 tenant=A units=1 state=SUCCEEDED committed=1
t=37.086066 node=gpu event=gpu_accepted op_id=B/b10/a1 tenant=B units=3 state=PENDING committed=4
t=37.179078 node=gpu event=gpu_started op_id=A/a29/a1 tenant=A units=1 state=RUNNING committed=4
t=37.348059 node=gpu event=gpu_accepted op_id=A/a30/a1 tenant=A units=1 state=PENDING committed=5
t=37.779591 node=gpu event=gpu_started op_id=A/a30/a1 tenant=A units=1 state=RUNNING committed=5
t=38.038803 node=gpu event=gpu_accepted op_id=C/c8/a1 tenant=C units=1 state=PENDING committed=6
t=38.082103 node=gpu event=gpu_started op_id=B/b10/a1 tenant=B units=3 state=RUNNING committed=6
t=38.179078 node=gpu event=gpu_finished op_id=A/a29/a1 tenant=A units=1 state=SUCCEEDED committed=6
t=38.368882 node=gpu event=gpu_accepted op_id=A/a31/a1 tenant=A units=1 state=PENDING committed=7
t=38.498303 node=gpu event=gpu_release_requested op_id=A/a29/a1 tenant=A units=1 state=SUCCEEDED committed=7
t=38.779591 node=gpu event=gpu_finished op_id=A/a30/a1 tenant=A units=1 state=SUCCEEDED committed=7
t=38.895315 node=gpu event=gpu_release_requested op_id=A/a30/a1 tenant=A units=1 state=SUCCEEDED committed=7
t=38.961159 node=gpu event=gpu_started op_id=C/c8/a1 tenant=C units=1 state=RUNNING committed=7
t=38.977056 node=gpu event=gpu_release_complete op_id=A/a30/a1 tenant=A units=1 state=SUCCEEDED committed=6
t=38.985340 node=gpu event=gpu_release_complete op_id=A/a29/a1 tenant=A units=1 state=SUCCEEDED committed=5
t=39.178837 node=gpu event=gpu_started op_id=A/a31/a1 tenant=A units=1 state=RUNNING committed=5
t=39.297075 node=gpu event=gpu_cancelled op_id=C/c8/a1 tenant=C units=1 state=CANCELLED committed=5
t=39.617753 node=gpu event=gpu_release_requested op_id=C/c8/a1 tenant=C units=1 state=CANCELLED committed=5
t=39.621726 node=gpu event=gpu_accepted op_id=A/a32/a1 tenant=A units=1 state=PENDING committed=6
t=39.673108 node=gpu event=gpu_release_complete op_id=C/c8/a1 tenant=C units=1 state=CANCELLED committed=5
t=40.082103 node=gpu event=gpu_finished op_id=B/b10/a1 tenant=B units=3 state=SUCCEEDED committed=5
t=40.148270 node=gpu event=gpu_started op_id=A/a32/a1 tenant=A units=1 state=RUNNING committed=5
t=40.178837 node=gpu event=gpu_finished op_id=A/a31/a1 tenant=A units=1 state=SUCCEEDED committed=5
t=40.187141 node=gpu event=gpu_release_requested op_id=B/b10/a1 tenant=B units=3 state=SUCCEEDED committed=5
t=40.212129 node=gpu event=gpu_accepted op_id=B/b11/a1 tenant=B units=3 state=PENDING committed=8
t=40.503543 node=gpu event=gpu_release_complete op_id=B/b10/a1 tenant=B units=3 state=SUCCEEDED committed=5
t=41.148270 node=gpu event=gpu_finished op_id=A/a32/a1 tenant=A units=1 state=SUCCEEDED committed=5
t=41.317354 node=gpu event=gpu_started op_id=B/b11/a1 tenant=B units=3 state=RUNNING committed=5
t=42.602908 node=gpu event=gpu_release_requested op_id=A/a31/a1 tenant=A units=1 state=SUCCEEDED committed=5
t=42.606051 node=gpu event=gpu_accepted op_id=A/a34/a1 tenant=A units=1 state=PENDING committed=6
t=42.614016 node=gpu event=gpu_accepted op_id=C/c9/a1 tenant=C units=1 state=PENDING committed=7
t=42.749145 node=gpu event=gpu_release_complete op_id=A/a31/a1 tenant=A units=1 state=SUCCEEDED committed=6
t=43.015717 node=gpu event=gpu_started op_id=C/c9/a1 tenant=C units=1 state=RUNNING committed=6
t=43.317354 node=gpu event=gpu_finished op_id=B/b11/a1 tenant=B units=3 state=SUCCEEDED committed=6
t=43.329785 node=gpu event=gpu_accepted op_id=A/a35/a1 tenant=A units=1 state=PENDING committed=7
t=43.378994 node=gpu event=gpu_started op_id=A/a34/a1 tenant=A units=1 state=RUNNING committed=7
t=43.495263 node=gpu event=gpu_release_requested op_id=B/b11/a1 tenant=B units=3 state=SUCCEEDED committed=7
t=43.937958 node=gpu event=gpu_release_complete op_id=B/b11/a1 tenant=B units=3 state=SUCCEEDED committed=4
t=44.063335 node=gpu event=gpu_started op_id=A/a35/a1 tenant=A units=1 state=RUNNING committed=4
t=44.261796 node=gpu event=gpu_accepted op_id=B/b12/a1 tenant=B units=3 state=PENDING committed=7
t=44.378994 node=gpu event=gpu_finished op_id=A/a34/a1 tenant=A units=1 state=SUCCEEDED committed=7
t=44.456913 node=gpu event=gpu_release_requested op_id=A/a34/a1 tenant=A units=1 state=SUCCEEDED committed=7
t=44.659354 node=gpu event=gpu_release_complete op_id=A/a34/a1 tenant=A units=1 state=SUCCEEDED committed=6
t=44.754308 node=gpu event=gpu_started op_id=B/b12/a1 tenant=B units=3 state=RUNNING committed=6
t=44.781681 node=gpu event=gpu_accepted op_id=A/a36/a1 tenant=A units=1 state=PENDING committed=7
t=45.063335 node=gpu event=gpu_finished op_id=A/a35/a1 tenant=A units=1 state=SUCCEEDED committed=7
t=45.074442 node=gpu event=gpu_cancelled op_id=C/c9/a1 tenant=C units=1 state=CANCELLED committed=7
t=45.214957 node=gpu event=gpu_release_requested op_id=A/a35/a1 tenant=A units=1 state=SUCCEEDED committed=7
t=45.244557 node=gpu event=gpu_started op_id=A/a36/a1 tenant=A units=1 state=RUNNING committed=7
t=45.413322 node=gpu event=gpu_release_requested op_id=C/c9/a1 tenant=C units=1 state=CANCELLED committed=7
t=45.457493 node=gpu event=gpu_release_requested op_id=A/a32/a1 tenant=A units=1 state=SUCCEEDED committed=7
t=45.491398 node=gpu event=gpu_accepted op_id=A/a33/a1 tenant=A units=1 state=PENDING committed=8
t=45.558890 node=gpu event=gpu_release_complete op_id=A/a35/a1 tenant=A units=1 state=SUCCEEDED committed=7
t=45.642080 node=gpu event=gpu_accepted op_id=A/a37/a1 tenant=A units=1 state=PENDING committed=8
t=45.742562 node=gpu event=gpu_release_complete op_id=A/a32/a1 tenant=A units=1 state=SUCCEEDED committed=7
t=45.906080 node=gpu event=gpu_release_complete op_id=C/c9/a1 tenant=C units=1 state=CANCELLED committed=6
t=46.048100 node=gpu event=gpu_started op_id=A/a37/a1 tenant=A units=1 state=RUNNING committed=6
t=46.244557 node=gpu event=gpu_finished op_id=A/a36/a1 tenant=A units=1 state=SUCCEEDED committed=6
t=46.754308 node=gpu event=gpu_finished op_id=B/b12/a1 tenant=B units=3 state=SUCCEEDED committed=6
t=46.782272 node=gpu event=gpu_started op_id=A/a33/a1 tenant=A units=1 state=RUNNING committed=6
t=47.048100 node=gpu event=gpu_finished op_id=A/a37/a1 tenant=A units=1 state=SUCCEEDED committed=6
t=47.782272 node=gpu event=gpu_finished op_id=A/a33/a1 tenant=A units=1 state=SUCCEEDED committed=6
t=48.212354 node=gpu event=gpu_release_requested op_id=A/a36/a1 tenant=A units=1 state=SUCCEEDED committed=6
t=48.217249 node=gpu event=gpu_release_requested op_id=B/b12/a1 tenant=B units=3 state=SUCCEEDED committed=6
t=48.224912 node=gpu event=gpu_accepted op_id=A/a39/a1 tenant=A units=1 state=PENDING committed=7
t=48.335660 node=gpu event=gpu_release_complete op_id=B/b12/a1 tenant=B units=3 state=SUCCEEDED committed=4
t=48.423039 node=gpu event=gpu_release_complete op_id=A/a36/a1 tenant=A units=1 state=SUCCEEDED committed=3
t=48.843915 node=gpu event=gpu_started op_id=A/a39/a1 tenant=A units=1 state=RUNNING committed=3
t=49.165316 node=gpu event=gpu_accepted op_id=A/a40/a1 tenant=A units=1 state=PENDING committed=4
t=49.843915 node=gpu event=gpu_finished op_id=A/a39/a1 tenant=A units=1 state=SUCCEEDED committed=4
t=50.372363 node=gpu event=gpu_started op_id=A/a40/a1 tenant=A units=1 state=RUNNING committed=4
t=50.384020 node=gpu event=gpu_accepted op_id=A/a41/a1 tenant=A units=1 state=PENDING committed=5
t=50.593515 node=gpu event=gpu_started op_id=A/a41/a1 tenant=A units=1 state=RUNNING committed=5
t=51.034900 node=gpu event=gpu_release_requested op_id=A/a33/a1 tenant=A units=1 state=SUCCEEDED committed=5
t=51.050708 node=gpu event=gpu_release_requested op_id=A/a37/a1 tenant=A units=1 state=SUCCEEDED committed=5
t=51.065312 node=gpu event=gpu_accepted op_id=A/a38/a1 tenant=A units=1 state=PENDING committed=6
t=51.222022 node=gpu event=gpu_release_complete op_id=A/a37/a1 tenant=A units=1 state=SUCCEEDED committed=5
t=51.257020 node=gpu event=gpu_accepted op_id=C/c10/a1 tenant=C units=1 state=PENDING committed=6
t=51.268718 node=gpu event=gpu_cancelled op_id=C/c10/a1 tenant=C units=1 state=CANCELLED committed=6
t=51.340158 node=gpu event=gpu_started op_id=A/a38/a1 tenant=A units=1 state=RUNNING committed=6
t=51.355257 node=gpu event=gpu_accepted op_id=B/b13/a1 tenant=B units=3 state=PENDING committed=9
t=51.372363 node=gpu event=gpu_finished op_id=A/a40/a1 tenant=A units=1 state=SUCCEEDED committed=9
t=51.513811 node=gpu event=gpu_release_complete op_id=A/a33/a1 tenant=A units=1 state=SUCCEEDED committed=8
t=51.552349 node=gpu event=gpu_accepted op_id=C/c11/a1 tenant=C units=1 state=PENDING committed=9
t=51.555264 node=gpu event=gpu_release_requested op_id=A/a39/a1 tenant=A units=1 state=SUCCEEDED committed=9
t=51.564667 node=gpu event=gpu_accepted op_id=A/a42/a1 tenant=A units=1 state=PENDING committed=10
t=51.585085 node=gpu event=gpu_release_requested op_id=C/c10/a1 tenant=C units=1 state=CANCELLED committed=10
t=51.593515 node=gpu event=gpu_finished op_id=A/a41/a1 tenant=A units=1 state=SUCCEEDED committed=10
t=51.642109 node=gpu event=gpu_started op_id=B/b13/a1 tenant=B units=3 state=RUNNING committed=10
t=51.647883 node=gpu event=gpu_release_requested op_id=A/a40/a1 tenant=A units=1 state=SUCCEEDED committed=10
t=51.667639 node=gpu event=gpu_release_requested op_id=A/a41/a1 tenant=A units=1 state=SUCCEEDED committed=10
t=51.726974 node=gpu event=gpu_release_complete op_id=C/c10/a1 tenant=C units=1 state=CANCELLED committed=9
t=51.786916 node=gpu event=gpu_started op_id=A/a42/a1 tenant=A units=1 state=RUNNING committed=9
t=51.814362 node=gpu event=gpu_release_complete op_id=A/a39/a1 tenant=A units=1 state=SUCCEEDED committed=8
t=51.897240 node=gpu event=gpu_release_complete op_id=A/a41/a1 tenant=A units=1 state=SUCCEEDED committed=7
t=52.023468 node=gpu event=gpu_release_complete op_id=A/a40/a1 tenant=A units=1 state=SUCCEEDED committed=6
t=52.340158 node=gpu event=gpu_finished op_id=A/a38/a1 tenant=A units=1 state=SUCCEEDED committed=6
t=52.511220 node=gpu event=gpu_started op_id=C/c11/a1 tenant=C units=1 state=RUNNING committed=6
t=52.786916 node=gpu event=gpu_finished op_id=A/a42/a1 tenant=A units=1 state=SUCCEEDED committed=6
t=53.629568 node=gpu event=gpu_release_requested op_id=A/a38/a1 tenant=A units=1 state=SUCCEEDED committed=6
t=53.629568 node=gpu event=gpu_release_requested op_id=A/a42/a1 tenant=A units=1 state=SUCCEEDED committed=6
t=53.642109 node=gpu event=gpu_finished op_id=B/b13/a1 tenant=B units=3 state=SUCCEEDED committed=6
t=53.835439 node=gpu event=gpu_release_complete op_id=A/a42/a1 tenant=A units=1 state=SUCCEEDED committed=5
t=53.881087 node=gpu event=gpu_release_requested op_id=B/b13/a1 tenant=B units=3 state=SUCCEEDED committed=5
t=54.078660 node=gpu event=gpu_release_complete op_id=B/b13/a1 tenant=B units=3 state=SUCCEEDED committed=2
t=54.108316 node=gpu event=gpu_release_complete op_id=A/a38/a1 tenant=A units=1 state=SUCCEEDED committed=1
t=54.185724 node=gpu event=gpu_accepted op_id=A/a44/a1 tenant=A units=1 state=PENDING committed=2
t=55.014579 node=gpu event=gpu_cancelled op_id=C/c11/a1 tenant=C units=1 state=CANCELLED committed=2
t=55.337242 node=gpu event=gpu_release_requested op_id=C/c11/a1 tenant=C units=1 state=CANCELLED committed=2
t=55.474303 node=gpu event=gpu_started op_id=A/a44/a1 tenant=A units=1 state=RUNNING committed=2
t=55.514990 node=gpu event=gpu_release_complete op_id=C/c11/a1 tenant=C units=1 state=CANCELLED committed=1
t=56.453333 node=gpu event=gpu_accepted op_id=B/b14/a1 tenant=B units=3 state=PENDING committed=4
t=56.464784 node=gpu event=gpu_accepted op_id=A/a43/a1 tenant=A units=1 state=PENDING committed=5
t=56.474303 node=gpu event=gpu_finished op_id=A/a44/a1 tenant=A units=1 state=SUCCEEDED committed=5
t=56.681054 node=gpu event=gpu_release_requested op_id=A/a44/a1 tenant=A units=1 state=SUCCEEDED committed=5
t=56.913255 node=gpu event=gpu_release_complete op_id=A/a44/a1 tenant=A units=1 state=SUCCEEDED committed=4
t=57.511176 node=gpu event=gpu_started op_id=B/b14/a1 tenant=B units=3 state=RUNNING committed=4
t=57.855678 node=gpu event=gpu_started op_id=A/a43/a1 tenant=A units=1 state=RUNNING committed=4
t=58.855678 node=gpu event=gpu_finished op_id=A/a43/a1 tenant=A units=1 state=SUCCEEDED committed=4
t=58.969695 node=gpu event=gpu_release_requested op_id=A/a43/a1 tenant=A units=1 state=SUCCEEDED committed=4
t=59.415442 node=gpu event=gpu_release_complete op_id=A/a43/a1 tenant=A units=1 state=SUCCEEDED committed=3
t=59.511176 node=gpu event=gpu_finished op_id=B/b14/a1 tenant=B units=3 state=SUCCEEDED committed=3
t=59.588618 node=gpu event=gpu_release_requested op_id=B/b14/a1 tenant=B units=3 state=SUCCEEDED committed=3
t=59.845555 node=gpu event=gpu_release_complete op_id=B/b14/a1 tenant=B units=3 state=SUCCEEDED committed=0
